Archive member included to satisfy reference by file (symbol)

/home/pchizek/dev/press-reg/bin/targets/arduino_boot/app/hw/mcu/atmel/samd21xx/hw_mcu_atmel_samd21xx.a(startup_samd21.o)
                              (Reset_Handler)
/home/pchizek/dev/press-reg/bin/targets/arduino_boot/app/hw/mcu/atmel/samd21xx/hw_mcu_atmel_samd21xx.a(system_samd21.o)
                              /home/pchizek/dev/press-reg/bin/targets/arduino_boot/app/hw/mcu/atmel/samd21xx/hw_mcu_atmel_samd21xx.a(startup_samd21.o) (SystemInit)
/home/pchizek/dev/press-reg/bin/targets/arduino_boot/app/hw/mcu/atmel/samd21xx/hw_mcu_atmel_samd21xx.a(gclk.o)
                              /home/pchizek/dev/press-reg/bin/targets/arduino_boot/app/hw/mcu/atmel/samd21xx/hw_mcu_atmel_samd21xx.a(system_samd21.o) (system_gclk_gen_get_hz)
/home/pchizek/dev/press-reg/bin/targets/arduino_boot/app/hw/mcu/atmel/samd21xx/hw_mcu_atmel_samd21xx.a(system.o)
                              /home/pchizek/dev/press-reg/bin/targets/arduino_boot/app/hw/mcu/atmel/samd21xx/hw_mcu_atmel_samd21xx.a(system_samd21.o) (system_init)
/home/pchizek/dev/press-reg/bin/targets/arduino_boot/app/hw/mcu/atmel/samd21xx/hw_mcu_atmel_samd21xx.a(interrupt_sam_nvic.o)
                              /home/pchizek/dev/press-reg/bin/targets/arduino_boot/app/hw/mcu/atmel/samd21xx/hw_mcu_atmel_samd21xx.a(gclk.o) (cpu_irq_enter_critical)
/home/pchizek/dev/press-reg/bin/targets/arduino_boot/app/hw/mcu/atmel/samd21xx/hw_mcu_atmel_samd21xx.a(clock.o)
                              /home/pchizek/dev/press-reg/bin/targets/arduino_boot/app/hw/mcu/atmel/samd21xx/hw_mcu_atmel_samd21xx.a(gclk.o) (system_clock_source_get_hz)
/home/pchizek/dev/press-reg/bin/targets/arduino_boot/app/libc/baselibc/libc_baselibc.a(start.o)
                              /home/pchizek/dev/press-reg/bin/targets/arduino_boot/app/hw/mcu/atmel/samd21xx/hw_mcu_atmel_samd21xx.a(startup_samd21.o) (_start)
/home/pchizek/dev/press-reg/bin/targets/arduino_boot/app/apps/boot/apps_boot.a(boot.o)
                              /home/pchizek/dev/press-reg/bin/targets/arduino_boot/app/libc/baselibc/libc_baselibc.a(start.o) (main)
/home/pchizek/dev/press-reg/bin/targets/arduino_boot/app/boot/bootutil/boot_bootutil.a(loader.o)
                              /home/pchizek/dev/press-reg/bin/targets/arduino_boot/app/apps/boot/apps_boot.a(boot.o) (boot_go)
/home/pchizek/dev/press-reg/bin/targets/arduino_boot/app/boot/bootutil/boot_bootutil.a(bootutil_misc.o)
                              /home/pchizek/dev/press-reg/bin/targets/arduino_boot/app/boot/bootutil/boot_bootutil.a(loader.o) (boot_trailer_sz)
/home/pchizek/dev/press-reg/bin/targets/arduino_boot/app/boot/bootutil/boot_bootutil.a(image_validate.o)
                              /home/pchizek/dev/press-reg/bin/targets/arduino_boot/app/boot/bootutil/boot_bootutil.a(loader.o) (bootutil_img_validate)
/home/pchizek/dev/press-reg/bin/targets/arduino_boot/app/crypto/mbedtls/crypto_mbedtls.a(sha256.o)
                              /home/pchizek/dev/press-reg/bin/targets/arduino_boot/app/boot/bootutil/boot_bootutil.a(image_validate.o) (mbedtls_sha256_init)
/home/pchizek/dev/press-reg/bin/targets/arduino_boot/app/hw/bsp/arduino_zero/hw_bsp_arduino_zero.a(hal_bsp.o)
                              /home/pchizek/dev/press-reg/bin/targets/arduino_boot/app/apps/boot/apps_boot.a(boot.o) (hal_bsp_init)
/home/pchizek/dev/press-reg/bin/targets/arduino_boot/app/hw/cmsis-core/hw_cmsis-core.a(cmsis_nvic.o)
                              /home/pchizek/dev/press-reg/bin/targets/arduino_boot/app/hw/mcu/atmel/samd21xx/hw_mcu_atmel_samd21xx.a(system_samd21.o) (NVIC_Relocate)
/home/pchizek/dev/press-reg/bin/targets/arduino_boot/app/hw/drivers/uart/uart_hal/hw_drivers_uart_uart_hal.a(uart_hal.o)
                              /home/pchizek/dev/press-reg/bin/targets/arduino_boot/app/hw/bsp/arduino_zero/hw_bsp_arduino_zero.a(hal_bsp.o) (uart_hal_init)
/home/pchizek/dev/press-reg/bin/targets/arduino_boot/app/hw/hal/hw_hal.a(hal_common.o)
                              /home/pchizek/dev/press-reg/bin/targets/arduino_boot/app/libc/baselibc/libc_baselibc.a(start.o) (_exit)
/home/pchizek/dev/press-reg/bin/targets/arduino_boot/app/hw/hal/hw_hal.a(hal_flash.o)
                              /home/pchizek/dev/press-reg/bin/targets/arduino_boot/app/boot/bootutil/boot_bootutil.a(loader.o) (hal_flash_align)
/home/pchizek/dev/press-reg/bin/targets/arduino_boot/app/hw/mcu/atmel/samd21xx/hw_mcu_atmel_samd21xx.a(hal_flash.o)
                              /home/pchizek/dev/press-reg/bin/targets/arduino_boot/app/hw/bsp/arduino_zero/hw_bsp_arduino_zero.a(hal_bsp.o) (samd21_flash_dev)
/home/pchizek/dev/press-reg/bin/targets/arduino_boot/app/hw/mcu/atmel/samd21xx/hw_mcu_atmel_samd21xx.a(hal_system.o)
                              /home/pchizek/dev/press-reg/bin/targets/arduino_boot/app/hw/hal/hw_hal.a(hal_common.o) (hal_system_reset)
/home/pchizek/dev/press-reg/bin/targets/arduino_boot/app/hw/mcu/atmel/samd21xx/hw_mcu_atmel_samd21xx.a(hal_system_start.o)
[...]
Memory Configuration

Name             Origin             Length             Attributes
FLASH            0x0000000000000000 0x000000000000c000 xr
RAM              0x0000000020000000 0x0000000000008000 xrw
*default*        0x0000000000000000 0xffffffffffffffff

Linker script and memory map

START GROUP
LOAD /home/pchizek/dev/press-reg/bin/targets/arduino_boot/app/apps/boot/apps_boot.a
LOAD /home/pchizek/dev/press-reg/bin/targets/arduino_boot/app/boot/bootutil/boot_bootutil.a
LOAD /home/pchizek/dev/press-reg/bin/targets/arduino_boot/app/crypto/mbedtls/crypto_mbedtls.a
LOAD /home/pchizek/dev/press-reg/bin/targets/arduino_boot/app/hw/bsp/arduino_zero/hw_bsp_arduino_zero.a
LOAD /home/pchizek/dev/press-reg/bin/targets/arduino_boot/app/hw/cmsis-core/hw_cmsis-core.a
LOAD /home/pchizek/dev/press-reg/bin/targets/arduino_boot/app/hw/drivers/uart/hw_drivers_uart.a
LOAD /home/pchizek/dev/press-reg/bin/targets/arduino_boot/app/hw/drivers/uart/uart_hal/hw_drivers_uart_uart_hal.a
LOAD /home/pchizek/dev/press-reg/bin/targets/arduino_boot/app/hw/hal/hw_hal.a
LOAD /home/pchizek/dev/press-reg/bin/targets/arduino_boot/app/hw/mcu/atmel/samd21xx/hw_mcu_atmel_samd21xx.a
LOAD /home/pchizek/dev/press-reg/bin/targets/arduino_boot/app/kernel/os/kernel_os.a
LOAD /home/pchizek/dev/press-reg/bin/targets/arduino_boot/app/libc/baselibc/libc_baselibc.a
LOAD /home/pchizek/dev/press-reg/bin/targets/arduino_boot/app/sys/flash_map/sys_flash_map.a
LOAD /home/pchizek/dev/press-reg/bin/targets/arduino_boot/app/sys/mfg/sys_mfg.a
LOAD /home/pchizek/dev/press-reg/bin/targets/arduino_boot/app/sys/sysinit/sys_sysinit.a
LOAD /home/pchizek/dev/press-reg/bin/targets/arduino_boot/app/util/mem/util_mem.a
LOAD /home/pchizek/dev/press-reg/bin/targets/arduino_boot/generated/bin/arduino_boot-sysinit-app.a
END GROUP
LOAD /usr/lib/gcc/arm-none-eabi/7.1.0/thumb/v6-m/libgcc.a
START GROUP
LOAD /usr/lib/gcc/arm-none-eabi/7.1.0/thumb/v6-m/libgcc.a
LOAD /usr/lib/gcc/arm-none-eabi/7.1.0/../../../../arm-none-eabi/lib/thumb/v6-m/libg.a
LOAD /usr/lib/gcc/arm-none-eabi/7.1.0/../../../../arm-none-eabi/lib/thumb/v6-m/libc.a
END GROUP
START GROUP
LOAD /usr/lib/gcc/arm-none-eabi/7.1.0/thumb/v6-m/libgcc.a
LOAD /usr/lib/gcc/arm-none-eabi/7.1.0/../../../../arm-none-eabi/lib/thumb/v6-m/libc.a
LOAD /usr/lib/gcc/arm-none-eabi/7.1.0/../../../../arm-none-eabi/lib/thumb/v6-m/libnosys.a
END GROUP
                0x0000000000000000                _imghdr_size = 0x0
                0x0000000000000200                _Min_Heap_Size = 0x200
                0x0000000000000200                _Min_Stack_Size = 0x200
                0x0000000000000400                STACK_SIZE = DEFINED (STACK_SIZE)?STACK_SIZE:DEFINED (__stack_size__)?__stack_size__:0x400

.imghdr         0x0000000000000000        0x0
                0x0000000000000000                . = (. + _imghdr_size)

.text           0x0000000000000000     0x3ad0
                0x0000000000000000                . = ALIGN (0x4)
                0x0000000000000000                _sfixed = .
                0x0000000000000000                __isr_vector_start = .
 *(.vectors .vectors.*)
 .vectors       0x0000000000000000       0xb4 /home/pchizek/dev/press-reg/bin/targets/arduino_boot/app/hw/mcu/atmel/samd21xx/hw_mcu_atmel_samd21xx.a(startup_samd21.o)
                0x0000000000000000                __isr_vector
                0x00000000000000b4                __isr_vector_end = .
 *(.text .text.* .gnu.linkonce.t.*)
 .text.Dummy_Handler
                0x00000000000000b4        0x2 /home/pchizek/dev/press-reg/bin/targets/arduino_boot/app/hw/mcu/atmel/samd21xx/hw_mcu_atmel_samd21xx.a(startup_samd21.o)
                0x00000000000000b4                DMAC_Handler
                0x00000000000000b4                HardFault_Handler
                0x00000000000000b4                AC_Handler
                0x00000000000000b4                NMI_Handler
                0x00000000000000b4                ADC_Handler
                0x00000000000000b4                TCC1_Handler
                0x00000000000000b4                TCC0_Handler
                0x00000000000000b4                RTC_Handler
                0x00000000000000b4                Unhandled_Handler
                0x00000000000000b4                EIC_Handler
                0x00000000000000b4                WDT_Handler
                0x00000000000000b4                TC4_Handler
                0x00000000000000b4                USB_Handler
                0x00000000000000b4                TC3_Handler
                0x00000000000000b4                Dummy_Handler
                0x00000000000000b4                PM_Handler
                0x00000000000000b4                TCC2_Handler
                0x00000000000000b4                EVSYS_Handler
                0x00000000000000b4                I2S_Handler
                0x00000000000000b4                NVMCTRL_Handler
                0x00000000000000b4                DAC_Handler
                0x00000000000000b4                PTC_Handler
                0x00000000000000b4                TC5_Handler
                0x00000000000000b4                SYSCTRL_Handler
 *fill*         0x00000000000000b6        0x2 
 .text.Reset_Handler
                0x00000000000000b8       0xa4 /home/pchizek/dev/press-reg/bin/targets/arduino_boot/app/hw/mcu/atmel/samd21xx/hw_mcu_atmel_samd21xx.a(startup_samd21.o)
                0x00000000000000b8                Reset_Handler
 .text.SystemInit
                0x000000000000015c       0x24 /home/pchizek/dev/press-reg/bin/targets/arduino_boot/app/hw/mcu/atmel/samd21xx/hw_mcu_atmel_samd21xx.a(system_samd21.o)
                0x000000000000015c                SystemInit
 .text.system_gclk_is_syncing
                0x0000000000000180        0xc /home/pchizek/dev/press-reg/bin/targets/arduino_boot/app/hw/mcu/atmel/samd21xx/hw_mcu_atmel_samd21xx.a(gclk.o)
 .text.system_gclk_init
                0x000000000000018c       0x20 /home/pchizek/dev/press-reg/bin/targets/arduino_boot/app/hw/mcu/atmel/samd21xx/hw_mcu_atmel_samd21xx.a(gclk.o)
                0x000000000000018c                system_gclk_init
 .text.system_gclk_gen_set_config
                0x00000000000001ac       0x9c /home/pchizek/dev/press-reg/bin/targets/arduino_boot/app/hw/mcu/atmel/samd21xx/hw_mcu_atmel_samd21xx.a(gclk.o)
                0x00000000000001ac                system_gclk_gen_set_config
 .text.system_gclk_gen_enable
                0x0000000000000248       0x38 /home/pchizek/dev/press-reg/bin/targets/arduino_boot/app/hw/mcu/atmel/samd21xx/hw_mcu_atmel_samd21xx.a(gclk.o)
                0x0000000000000248                system_gclk_gen_enable
 .text.system_gclk_gen_get_hz
                0x0000000000000280       0x70 /home/pchizek/dev/press-reg/bin/targets/arduino_boot/app/hw/mcu/atmel/samd21xx/hw_mcu_atmel_samd21xx.a(gclk.o)
                0x0000000000000280                system_gclk_gen_get_hz
 .text.system_gclk_chan_enable
                0x00000000000002f0       0x28 /home/pchizek/dev/press-reg/bin/targets/arduino_boot/app/hw/mcu/atmel/samd21xx/hw_mcu_atmel_samd21xx.a(gclk.o)
                0x00000000000002f0                system_gclk_chan_enable
 .text.system_gclk_chan_disable
                0x0000000000000318       0x50 /home/pchizek/dev/press-reg/bin/targets/arduino_boot/app/hw/mcu/atmel/samd21xx/hw_mcu_atmel_samd21xx.a(gclk.o)
                0x0000000000000318                system_gclk_chan_disable
 .text.system_gclk_chan_set_config
                0x0000000000000368       0x18 /home/pchizek/dev/press-reg/bin/targets/arduino_boot/app/hw/mcu/atmel/samd21xx/hw_mcu_atmel_samd21xx.a(gclk.o)
                0x0000000000000368                system_gclk_chan_set_config
 .text.system_gclk_chan_get_hz
                0x0000000000000380       0x28 /home/pchizek/dev/press-reg/bin/targets/arduino_boot/app/hw/mcu/atmel/samd21xx/hw_mcu_atmel_samd21xx.a(gclk.o)
                0x0000000000000380                system_gclk_chan_get_hz
 .text._system_dummy_init
                0x00000000000003a8        0x2 /home/pchizek/dev/press-reg/bin/targets/arduino_boot/app/hw/mcu/atmel/samd21xx/hw_mcu_atmel_samd21xx.a(system.o)
                0x00000000000003a8                _system_divas_init
                0x00000000000003a8                _system_extint_init
                0x00000000000003a8                system_board_init
                0x00000000000003a8                _system_events_init
                0x00000000000003a8                _system_dummy_init
 .text.system_init
                0x00000000000003aa        0xc /home/pchizek/dev/press-reg/bin/targets/arduino_boot/app/hw/mcu/atmel/samd21xx/hw_mcu_atmel_samd21xx.a(system.o)
                0x00000000000003aa                system_init
 *fill*         0x00000000000003b6        0x2 
 .text.cpu_irq_enter_critical
                0x00000000000003b8       0x34 /home/pchizek/dev/press-reg/bin/targets/arduino_boot/app/hw/mcu/atmel/samd21xx/hw_mcu_atmel_samd21xx.a(interrupt_sam_nvic.o)
                0x00000000000003b8                cpu_irq_enter_critical
 .text.cpu_irq_leave_critical
                0x00000000000003ec       0x30 /home/pchizek/dev/press-reg/bin/targets/arduino_boot/app/hw/mcu/atmel/samd21xx/hw_mcu_atmel_samd21xx.a(interrupt_sam_nvic.o)
                0x00000000000003ec                cpu_irq_leave_critical
 .text._system_dfll_wait_for_sync
                0x000000000000041c       0x10 /home/pchizek/dev/press-reg/bin/targets/arduino_boot/app/hw/mcu/atmel/samd21xx/hw_mcu_atmel_samd21xx.a(clock.o)
 .text.system_clock_source_get_hz
                0x000000000000042c       0x84 /home/pchizek/dev/press-reg/bin/targets/arduino_boot/app/hw/mcu/atmel/samd21xx/hw_mcu_atmel_samd21xx.a(clock.o)
                0x000000000000042c                system_clock_source_get_hz
 .text.system_clock_source_osc8m_set_config
                0x00000000000004b0       0x3c /home/pchizek/dev/press-reg/bin/targets/arduino_boot/app/hw/mcu/atmel/samd21xx/hw_mcu_atmel_samd21xx.a(clock.o)
                0x00000000000004b0                system_clock_source_osc8m_set_config
 .text.system_clock_source_enable
                0x00000000000004ec       0x8c /home/pchizek/dev/press-reg/bin/targets/arduino_boot/app/hw/mcu/atmel/samd21xx/hw_mcu_atmel_samd21xx.a(clock.o)
                0x00000000000004ec                system_clock_source_enable
 .text.system_clock_init
                0x0000000000000578       0x78 /home/pchizek/dev/press-reg/bin/targets/arduino_boot/app/hw/mcu/atmel/samd21xx/hw_mcu_atmel_samd21xx.a(clock.o)
                0x0000000000000578                system_clock_init
 .text._start   0x00000000000005f0        0xe /home/pchizek/dev/press-reg/bin/targets/arduino_boot/app/libc/baselibc/libc_baselibc.a(start.o)
                0x00000000000005f0                _start
 .text.__libc_init_array
                0x00000000000005fe        0x2 /home/pchizek/dev/press-reg/bin/targets/arduino_boot/app/libc/baselibc/libc_baselibc.a(start.o)
                0x00000000000005fe                __libc_init_array
 .text.startup.main
                0x0000000000000600       0x2c /home/pchizek/dev/press-reg/bin/targets/arduino_boot/app/apps/boot/apps_boot.a(boot.o)
                0x0000000000000600                main
 .text.boot_read_image_headers
                0x000000000000062c       0x50 /home/pchizek/dev/press-reg/bin/targets/arduino_boot/app/boot/bootutil/boot_bootutil.a(loader.o)
 .text.boot_copy_sector
                0x000000000000067c       0x80 /home/pchizek/dev/press-reg/bin/targets/arduino_boot/app/boot/bootutil/boot_bootutil.a(loader.o)
 .text.boot_erase_sector
                0x00000000000006fc       0x2e /home/pchizek/dev/press-reg/bin/targets/arduino_boot/app/boot/bootutil/boot_bootutil.a(loader.o)
 .text.boot_finalize_revert_swap
                0x000000000000072a       0x56 /home/pchizek/dev/press-reg/bin/targets/arduino_boot/app/boot/bootutil/boot_bootutil.a(loader.o)
 .text.boot_write_status
                0x0000000000000780       0x78 /home/pchizek/dev/press-reg/bin/targets/arduino_boot/app/boot/bootutil/boot_bootutil.a(loader.o)
                0x0000000000000780                boot_write_status
 .text.boot_copy_image
                0x00000000000007f8      0x10c /home/pchizek/dev/press-reg/bin/targets/arduino_boot/app/boot/bootutil/boot_bootutil.a(loader.o)
 .text.boot_go  0x0000000000000904      0x2d8 /home/pchizek/dev/press-reg/bin/targets/arduino_boot/app/boot/bootutil/boot_bootutil.a(loader.o)
                0x0000000000000904                boot_go
 .text.boot_magic_code
                0x0000000000000bdc       0x30 /home/pchizek/dev/press-reg/bin/targets/arduino_boot/app/boot/bootutil/boot_bootutil.a(bootutil_misc.o)
                0x0000000000000bdc                boot_magic_code
 .text.boot_trailer_sz
                0x0000000000000c0c       0x10 /home/pchizek/dev/press-reg/bin/targets/arduino_boot/app/boot/bootutil/boot_bootutil.a(bootutil_misc.o)
                0x0000000000000c0c                boot_trailer_sz
 .text.boot_magic_off
                0x0000000000000c1c       0x22 /home/pchizek/dev/press-reg/bin/targets/arduino_boot/app/boot/bootutil/boot_bootutil.a(bootutil_misc.o)
 .text.boot_status_off
                0x0000000000000c3e        0xa /home/pchizek/dev/press-reg/bin/targets/arduino_boot/app/boot/bootutil/boot_bootutil.a(bootutil_misc.o)
                0x0000000000000c3e                boot_status_off
 .text.boot_read_swap_state
                0x0000000000000c48       0x5c /home/pchizek/dev/press-reg/bin/targets/arduino_boot/app/boot/bootutil/boot_bootutil.a(bootutil_misc.o)
                0x0000000000000c48                boot_read_swap_state
 .text.boot_read_swap_state_scratch
                0x0000000000000ca4       0x26 /home/pchizek/dev/press-reg/bin/targets/arduino_boot/app/boot/bootutil/boot_bootutil.a(bootutil_misc.o)
                0x0000000000000ca4                boot_read_swap_state_scratch
 .text.boot_read_swap_state_img
                0x0000000000000cca       0x2a /home/pchizek/dev/press-reg/bin/targets/arduino_boot/app/boot/bootutil/boot_bootutil.a(bootutil_misc.o)
                0x0000000000000cca                boot_read_swap_state_img
 .text.boot_write_magic
                0x0000000000000cf4       0x20 /home/pchizek/dev/press-reg/bin/targets/arduino_boot/app/boot/bootutil/boot_bootutil.a(bootutil_misc.o)
                0x0000000000000cf4                boot_write_magic
 .text.boot_write_copy_done
                0x0000000000000d14       0x36 /home/pchizek/dev/press-reg/bin/targets/arduino_boot/app/boot/bootutil/boot_bootutil.a(bootutil_misc.o)
                0x0000000000000d14                boot_write_copy_done
 .text.boot_write_image_ok
                0x0000000000000d4a       0x34 /home/pchizek/dev/press-reg/bin/targets/arduino_boot/app/boot/bootutil/boot_bootutil.a(bootutil_misc.o)
                0x0000000000000d4a                boot_write_image_ok
 *fill*         0x0000000000000d7e        0x2 
 .text.boot_swap_type
                0x0000000000000d80       0x7c /home/pchizek/dev/press-reg/bin/targets/arduino_boot/app/boot/bootutil/boot_bootutil.a(bootutil_misc.o)
                0x0000000000000d80                boot_swap_type
 .text.bootutil_img_validate
                0x0000000000000dfc       0xfe /home/pchizek/dev/press-reg/bin/targets/arduino_boot/app/boot/bootutil/boot_bootutil.a(image_validate.o)
                0x0000000000000dfc                bootutil_img_validate
 .text.mbedtls_sha256_init
                0x0000000000000efa        0xc /home/pchizek/dev/press-reg/bin/targets/arduino_boot/app/crypto/mbedtls/crypto_mbedtls.a(sha256.o)
                0x0000000000000efa                mbedtls_sha256_init
 *fill*         0x0000000000000f06        0x2 
 .text.mbedtls_sha256_starts
                0x0000000000000f08       0x90 /home/pchizek/dev/press-reg/bin/targets/arduino_boot/app/crypto/mbedtls/crypto_mbedtls.a(sha256.o)
                0x0000000000000f08                mbedtls_sha256_starts
 .text.mbedtls_sha256_process
                0x0000000000000f98      0x164 /home/pchizek/dev/press-reg/bin/targets/arduino_boot/app/crypto/mbedtls/crypto_mbedtls.a(sha256.o)
                0x0000000000000f98                mbedtls_sha256_process
 .text.mbedtls_sha256_update.part.0
                0x00000000000010fc       0x7a /home/pchizek/dev/press-reg/bin/targets/arduino_boot/app/crypto/mbedtls/crypto_mbedtls.a(sha256.o)
 .text.mbedtls_sha256_update
                0x0000000000001176        0xc /home/pchizek/dev/press-reg/bin/targets/arduino_boot/app/crypto/mbedtls/crypto_mbedtls.a(sha256.o)
                0x0000000000001176                mbedtls_sha256_update
 *fill*         0x0000000000001182        0x2 
 .text.mbedtls_sha256_finish
                0x0000000000001184      0x10c /home/pchizek/dev/press-reg/bin/targets/arduino_boot/app/crypto/mbedtls/crypto_mbedtls.a(sha256.o)
                0x0000000000001184                mbedtls_sha256_finish
 .text.hal_bsp_flash_dev
                0x0000000000001290       0x10 /home/pchizek/dev/press-reg/bin/targets/arduino_boot/app/hw/bsp/arduino_zero/hw_bsp_arduino_zero.a(hal_bsp.o)
                0x0000000000001290                hal_bsp_flash_dev
 .text.hal_bsp_init
                0x00000000000012a0       0x80 /home/pchizek/dev/press-reg/bin/targets/arduino_boot/app/hw/bsp/arduino_zero/hw_bsp_arduino_zero.a(hal_bsp.o)
                0x00000000000012a0                hal_bsp_init
 .text.NVIC_Relocate
                0x0000000000001320       0x28 /home/pchizek/dev/press-reg/bin/targets/arduino_boot/app/hw/cmsis-core/hw_cmsis-core.a(cmsis_nvic.o)
                0x0000000000001320                NVIC_Relocate
 .text.NVIC_SetVector
                0x0000000000001348       0x14 /home/pchizek/dev/press-reg/bin/targets/arduino_boot/app/hw/cmsis-core/hw_cmsis-core.a(cmsis_nvic.o)
                0x0000000000001348                NVIC_SetVector
 .text.uart_hal_blocking_tx
                0x000000000000135c        0xc /home/pchizek/dev/press-reg/bin/targets/arduino_boot/app/hw/drivers/uart/uart_hal/hw_drivers_uart_uart_hal.a(uart_hal.o)
 .text.uart_hal_start_rx
                0x0000000000001368        0xc /home/pchizek/dev/press-reg/bin/targets/arduino_boot/app/hw/drivers/uart/uart_hal/hw_drivers_uart_uart_hal.a(uart_hal.o)
 .text.uart_hal_close
                0x0000000000001374       0x12 /home/pchizek/dev/press-reg/bin/targets/arduino_boot/app/hw/drivers/uart/uart_hal/hw_drivers_uart_uart_hal.a(uart_hal.o)
 .text.uart_hal_open
                0x0000000000001386       0x40 /home/pchizek/dev/press-reg/bin/targets/arduino_boot/app/hw/drivers/uart/uart_hal/hw_drivers_uart_uart_hal.a(uart_hal.o)
 .text.uart_hal_start_tx
                0x00000000000013c6       0x1a /home/pchizek/dev/press-reg/bin/targets/arduino_boot/app/hw/drivers/uart/uart_hal/hw_drivers_uart_uart_hal.a(uart_hal.o)
 .text.uart_hal_init
                0x00000000000013e0       0x70 /home/pchizek/dev/press-reg/bin/targets/arduino_boot/app/hw/drivers/uart/uart_hal/hw_drivers_uart_uart_hal.a(uart_hal.o)
                0x00000000000013e0                uart_hal_init
 .text._exit    0x0000000000001450        0x6 /home/pchizek/dev/press-reg/bin/targets/arduino_boot/app/hw/hal/hw_hal.a(hal_common.o)
                0x0000000000001450                _exit
 .text.hal_flash_check_addr
                0x0000000000001456       0x16 /home/pchizek/dev/press-reg/bin/targets/arduino_boot/app/hw/hal/hw_hal.a(hal_flash.o)
 .text.hal_flash_init
                0x000000000000146c       0x2a /home/pchizek/dev/press-reg/bin/targets/arduino_boot/app/hw/hal/hw_hal.a(hal_flash.o)
                0x000000000000146c                hal_flash_init
 .text.hal_flash_align
                0x0000000000001496       0x14 /home/pchizek/dev/press-reg/bin/targets/arduino_boot/app/hw/hal/hw_hal.a(hal_flash.o)
                0x0000000000001496                hal_flash_align
 .text.hal_flash_read
                0x00000000000014aa       0x3c /home/pchizek/dev/press-reg/bin/targets/arduino_boot/app/hw/hal/hw_hal.a(hal_flash.o)
                0x00000000000014aa                hal_flash_read
 .text.hal_flash_write
                0x00000000000014e6       0x3c /home/pchizek/dev/press-reg/bin/targets/arduino_boot/app/hw/hal/hw_hal.a(hal_flash.o)
                0x00000000000014e6                hal_flash_write
 .text.hal_flash_erase
                0x0000000000001522       0x8a /home/pchizek/dev/press-reg/bin/targets/arduino_boot/app/hw/hal/hw_hal.a(hal_flash.o)
                0x0000000000001522                hal_flash_erase
 .text.samd21_flash_init
                0x00000000000015ac       0x5c /home/pchizek/dev/press-reg/bin/targets/arduino_boot/app/hw/mcu/atmel/samd21xx/hw_mcu_atmel_samd21xx.a(hal_flash.o)
 .text.samd21_flash_sector_info
                0x0000000000001608       0x30 /home/pchizek/dev/press-reg/bin/targets/arduino_boot/app/hw/mcu/atmel/samd21xx/hw_mcu_atmel_samd21xx.a(hal_flash.o)
 .text.samd21_flash_erase_sector
                0x0000000000001638       0x2c /home/pchizek/dev/press-reg/bin/targets/arduino_boot/app/hw/mcu/atmel/samd21xx/hw_mcu_atmel_samd21xx.a(hal_flash.o)
 .text.samd21_flash_write
                0x0000000000001664       0x8e /home/pchizek/dev/press-reg/bin/targets/arduino_boot/app/hw/mcu/atmel/samd21xx/hw_mcu_atmel_samd21xx.a(hal_flash.o)
 .text.samd21_flash_read
                0x00000000000016f2       0x72 /home/pchizek/dev/press-reg/bin/targets/arduino_boot/app/hw/mcu/atmel/samd21xx/hw_mcu_atmel_samd21xx.a(hal_flash.o)
 .text.hal_system_reset
                0x0000000000001764       0x28 /home/pchizek/dev/press-reg/bin/targets/arduino_boot/app/hw/mcu/atmel/samd21xx/hw_mcu_atmel_samd21xx.a(hal_system.o)
                0x0000000000001764                hal_system_reset
 .text.hal_debugger_connected
                0x000000000000178c       0x10 /home/pchizek/dev/press-reg/bin/targets/arduino_boot/app/hw/mcu/atmel/samd21xx/hw_mcu_atmel_samd21xx.a(hal_system.o)
                0x000000000000178c                hal_debugger_connected
 .text.hal_system_start
                0x000000000000179c       0x16 /home/pchizek/dev/press-reg/bin/targets/arduino_boot/app/hw/mcu/atmel/samd21xx/hw_mcu_atmel_samd21xx.a(hal_system_start.o)
                0x000000000000179c                hal_system_start
 *fill*         0x00000000000017b2        0x2 
 .text.samd21_timer_set_ocmp
                0x00000000000017b4       0x50 /home/pchizek/dev/press-reg/bin/targets/arduino_boot/app/hw/mcu/atmel/samd21xx/hw_mcu_atmel_samd21xx.a(hal_timer.o)
 .text.hal_timer_read_bsptimer
                0x0000000000001804       0x54 /home/pchizek/dev/press-reg/bin/targets/arduino_boot/app/hw/mcu/atmel/samd21xx/hw_mcu_atmel_samd21xx.a(hal_timer.o)
 .text.samd21_timer0_irq_handler
                0x0000000000001858       0x80 /home/pchizek/dev/press-reg/bin/targets/arduino_boot/app/hw/mcu/atmel/samd21xx/hw_mcu_atmel_samd21xx.a(hal_timer.o)
                0x0000000000001858                samd21_timer0_irq_handler
 .text.hal_timer_init
                0x00000000000018d8       0xec /home/pchizek/dev/press-reg/bin/targets/arduino_boot/app/hw/mcu/atmel/samd21xx/hw_mcu_atmel_samd21xx.a(hal_timer.o)
                0x00000000000018d8                hal_timer_init
 .text.hal_timer_config
                0x00000000000019c4      0x118 /home/pchizek/dev/press-reg/bin/targets/arduino_boot/app/hw/mcu/atmel/samd21xx/hw_mcu_atmel_samd21xx.a(hal_timer.o)
                0x00000000000019c4                hal_timer_config
 .text.fill_tx_buf
                0x0000000000001adc       0x20 /home/pchizek/dev/press-reg/bin/targets/arduino_boot/app/hw/mcu/atmel/samd21xx/hw_mcu_atmel_samd21xx.a(hal_uart.o)
 .text.usart_callback_rx
                0x0000000000001afc       0x28 /home/pchizek/dev/press-reg/bin/targets/arduino_boot/app/hw/mcu/atmel/samd21xx/hw_mcu_atmel_samd21xx.a(hal_uart.o)
 .text.usart_callback_txdone
                0x0000000000001b24       0x3c /home/pchizek/dev/press-reg/bin/targets/arduino_boot/app/hw/mcu/atmel/samd21xx/hw_mcu_atmel_samd21xx.a(hal_uart.o)
 .text.hal_uart_init_cbs
                0x0000000000001b60       0x30 /home/pchizek/dev/press-reg/bin/targets/arduino_boot/app/hw/mcu/atmel/samd21xx/hw_mcu_atmel_samd21xx.a(hal_uart.o)
                0x0000000000001b60                hal_uart_init_cbs
 .text.hal_uart_start_rx
                0x0000000000001b90       0x28 /home/pchizek/dev/press-reg/bin/targets/arduino_boot/app/hw/mcu/atmel/samd21xx/hw_mcu_atmel_samd21xx.a(hal_uart.o)
                0x0000000000001b90                hal_uart_start_rx
 .text.hal_uart_start_tx
                0x0000000000001bb8       0x4c /home/pchizek/dev/press-reg/bin/targets/arduino_boot/app/hw/mcu/atmel/samd21xx/hw_mcu_atmel_samd21xx.a(hal_uart.o)
                0x0000000000001bb8                hal_uart_start_tx
 .text.hal_uart_blocking_tx
                0x0000000000001c04       0x34 /home/pchizek/dev/press-reg/bin/targets/arduino_boot/app/hw/mcu/atmel/samd21xx/hw_mcu_atmel_samd21xx.a(hal_uart.o)
                0x0000000000001c04                hal_uart_blocking_tx
 .text.hal_uart_config
                0x0000000000001c38      0x1ac /home/pchizek/dev/press-reg/bin/targets/arduino_boot/app/hw/mcu/atmel/samd21xx/hw_mcu_atmel_samd21xx.a(hal_uart.o)
                0x0000000000001c38                hal_uart_config
 .text.hal_uart_close
                0x0000000000001de4       0x44 /home/pchizek/dev/press-reg/bin/targets/arduino_boot/app/hw/mcu/atmel/samd21xx/hw_mcu_atmel_samd21xx.a(hal_uart.o)
                0x0000000000001de4                hal_uart_close
 .text.hal_uart_init
                0x0000000000001e28       0x1c /home/pchizek/dev/press-reg/bin/targets/arduino_boot/app/hw/mcu/atmel/samd21xx/hw_mcu_atmel_samd21xx.a(hal_uart.o)
                0x0000000000001e28                hal_uart_init
 .text.hal_watchdog_tickle
                0x0000000000001e44        0x8 /home/pchizek/dev/press-reg/bin/targets/arduino_boot/app/hw/mcu/atmel/samd21xx/hw_mcu_atmel_samd21xx.a(hal_watchdog.o)
                0x0000000000001e44                hal_watchdog_tickle
 .text.nvm_is_ready
                0x0000000000001e4c       0x10 /home/pchizek/dev/press-reg/bin/targets/arduino_boot/app/hw/mcu/atmel/samd21xx/hw_mcu_atmel_samd21xx.a(nvm.o)
 .text.nvm_set_config
                0x0000000000001e5c       0x80 /home/pchizek/dev/press-reg/bin/targets/arduino_boot/app/hw/mcu/atmel/samd21xx/hw_mcu_atmel_samd21xx.a(nvm.o)
                0x0000000000001e5c                nvm_set_config
 .text.nvm_execute_command
                0x0000000000001edc       0xa4 /home/pchizek/dev/press-reg/bin/targets/arduino_boot/app/hw/mcu/atmel/samd21xx/hw_mcu_atmel_samd21xx.a(nvm.o)
                0x0000000000001edc                nvm_execute_command
 .text.nvm_write_buffer
                0x0000000000001f80       0x98 /home/pchizek/dev/press-reg/bin/targets/arduino_boot/app/hw/mcu/atmel/samd21xx/hw_mcu_atmel_samd21xx.a(nvm.o)
                0x0000000000001f80                nvm_write_buffer
 .text.nvm_read_buffer
                0x0000000000002018       0x68 /home/pchizek/dev/press-reg/bin/targets/arduino_boot/app/hw/mcu/atmel/samd21xx/hw_mcu_atmel_samd21xx.a(nvm.o)
                0x0000000000002018                nvm_read_buffer
 .text.nvm_erase_row
                0x0000000000002080       0x54 /home/pchizek/dev/press-reg/bin/targets/arduino_boot/app/hw/mcu/atmel/samd21xx/hw_mcu_atmel_samd21xx.a(nvm.o)
                0x0000000000002080                nvm_erase_row
 .text.nvm_get_parameters
                0x00000000000020d4       0x5c /home/pchizek/dev/press-reg/bin/targets/arduino_boot/app/hw/mcu/atmel/samd21xx/hw_mcu_atmel_samd21xx.a(nvm.o)
                0x00000000000020d4                nvm_get_parameters
 .text._sercom_default_handler
                0x0000000000002130        0x2 /home/pchizek/dev/press-reg/bin/targets/arduino_boot/app/hw/mcu/atmel/samd21xx/hw_mcu_atmel_samd21xx.a(sercom_interrupt.o)
 *fill*         0x0000000000002132        0x2 
 .text.SERCOM0_Handler
                0x0000000000002134       0x10 /home/pchizek/dev/press-reg/bin/targets/arduino_boot/app/hw/mcu/atmel/samd21xx/hw_mcu_atmel_samd21xx.a(sercom_interrupt.o)
                0x0000000000002134                SERCOM0_Handler
 .text.SERCOM1_Handler
                0x0000000000002144       0x10 /home/pchizek/dev/press-reg/bin/targets/arduino_boot/app/hw/mcu/atmel/samd21xx/hw_mcu_atmel_samd21xx.a(sercom_interrupt.o)
                0x0000000000002144                SERCOM1_Handler
 .text.SERCOM2_Handler
                0x0000000000002154       0x10 /home/pchizek/dev/press-reg/bin/targets/arduino_boot/app/hw/mcu/atmel/samd21xx/hw_mcu_atmel_samd21xx.a(sercom_interrupt.o)
                0x0000000000002154                SERCOM2_Handler
 .text.SERCOM3_Handler
                0x0000000000002164       0x10 /home/pchizek/dev/press-reg/bin/targets/arduino_boot/app/hw/mcu/atmel/samd21xx/hw_mcu_atmel_samd21xx.a(sercom_interrupt.o)
                0x0000000000002164                SERCOM3_Handler
 .text.SERCOM4_Handler
                0x0000000000002174       0x10 /home/pchizek/dev/press-reg/bin/targets/arduino_boot/app/hw/mcu/atmel/samd21xx/hw_mcu_atmel_samd21xx.a(sercom_interrupt.o)
                0x0000000000002174                SERCOM4_Handler
 .text.SERCOM5_Handler
                0x0000000000002184       0x10 /home/pchizek/dev/press-reg/bin/targets/arduino_boot/app/hw/mcu/atmel/samd21xx/hw_mcu_atmel_samd21xx.a(sercom_interrupt.o)
                0x0000000000002184                SERCOM5_Handler
 .text._sercom_get_interrupt_vector
                0x0000000000002194       0x20 /home/pchizek/dev/press-reg/bin/targets/arduino_boot/app/hw/mcu/atmel/samd21xx/hw_mcu_atmel_samd21xx.a(sercom_interrupt.o)
                0x0000000000002194                _sercom_get_interrupt_vector
 .text._sercom_set_handler
                0x00000000000021b4       0x84 /home/pchizek/dev/press-reg/bin/targets/arduino_boot/app/hw/mcu/atmel/samd21xx/hw_mcu_atmel_samd21xx.a(sercom_interrupt.o)
                0x00000000000021b4                _sercom_set_handler
 .text._usart_wait_for_sync
                0x0000000000002238        0xa /home/pchizek/dev/press-reg/bin/targets/arduino_boot/app/hw/mcu/atmel/samd21xx/hw_mcu_atmel_samd21xx.a(usart.o)
 *fill*         0x0000000000002242        0x2 
 .text.usart_init
                0x0000000000002244      0x28c /home/pchizek/dev/press-reg/bin/targets/arduino_boot/app/hw/mcu/atmel/samd21xx/hw_mcu_atmel_samd21xx.a(usart.o)
                0x0000000000002244                usart_init
 .text.usart_write_wait
                0x00000000000024d0       0x2a /home/pchizek/dev/press-reg/bin/targets/arduino_boot/app/hw/mcu/atmel/samd21xx/hw_mcu_atmel_samd21xx.a(usart.o)
                0x00000000000024d0                usart_write_wait
 .text._usart_write_buffer
                0x00000000000024fa       0x38 /home/pchizek/dev/press-reg/bin/targets/arduino_boot/app/hw/mcu/atmel/samd21xx/hw_mcu_atmel_samd21xx.a(usart_interrupt.o)
                0x00000000000024fa                _usart_write_buffer
 .text._usart_read_buffer
                0x0000000000002532       0x48 /home/pchizek/dev/press-reg/bin/targets/arduino_boot/app/hw/mcu/atmel/samd21xx/hw_mcu_atmel_samd21xx.a(usart_interrupt.o)
                0x0000000000002532                _usart_read_buffer
 .text.usart_register_callback
                0x000000000000257a       0x18 /home/pchizek/dev/press-reg/bin/targets/arduino_boot/app/hw/mcu/atmel/samd21xx/hw_mcu_atmel_samd21xx.a(usart_interrupt.o)
                0x000000000000257a                usart_register_callback
 .text.usart_read_job
                0x0000000000002592        0xa /home/pchizek/dev/press-reg/bin/targets/arduino_boot/app/hw/mcu/atmel/samd21xx/hw_mcu_atmel_samd21xx.a(usart_interrupt.o)
                0x0000000000002592                usart_read_job
 .text.usart_write_buffer_job
                0x000000000000259c       0x1a /home/pchizek/dev/press-reg/bin/targets/arduino_boot/app/hw/mcu/atmel/samd21xx/hw_mcu_atmel_samd21xx.a(usart_interrupt.o)
                0x000000000000259c                usart_write_buffer_job
 *fill*         0x00000000000025b6        0x2 
 .text._usart_interrupt_handler
                0x00000000000025b8      0x16c /home/pchizek/dev/press-reg/bin/targets/arduino_boot/app/hw/mcu/atmel/samd21xx/hw_mcu_atmel_samd21xx.a(usart_interrupt.o)
                0x00000000000025b8                _usart_interrupt_handler
 .text._system_pinmux_config
                0x0000000000002724       0x84 /home/pchizek/dev/press-reg/bin/targets/arduino_boot/app/hw/mcu/atmel/samd21xx/hw_mcu_atmel_samd21xx.a(pinmux.o)
 .text.system_pinmux_pin_set_config
                0x00000000000027a8       0x28 /home/pchizek/dev/press-reg/bin/targets/arduino_boot/app/hw/mcu/atmel/samd21xx/hw_mcu_atmel_samd21xx.a(pinmux.o)
                0x00000000000027a8                system_pinmux_pin_set_config
 .text._tc_get_inst_index
                0x00000000000027d0       0x30 /home/pchizek/dev/press-reg/bin/targets/arduino_boot/app/hw/mcu/atmel/samd21xx/hw_mcu_atmel_samd21xx.a(tc.o)
                0x00000000000027d0                _tc_get_inst_index
 .text.tc_init  0x0000000000002800      0x204 /home/pchizek/dev/press-reg/bin/targets/arduino_boot/app/hw/mcu/atmel/samd21xx/hw_mcu_atmel_samd21xx.a(tc.o)
                0x0000000000002800                tc_init
 .text.tc_get_count_value
                0x0000000000002a04       0x2a /home/pchizek/dev/press-reg/bin/targets/arduino_boot/app/hw/mcu/atmel/samd21xx/hw_mcu_atmel_samd21xx.a(tc.o)
                0x0000000000002a04                tc_get_count_value
 .text.tc_set_compare_value
                0x0000000000002a2e       0x4a /home/pchizek/dev/press-reg/bin/targets/arduino_boot/app/hw/mcu/atmel/samd21xx/hw_mcu_atmel_samd21xx.a(tc.o)
                0x0000000000002a2e                tc_set_compare_value
 .text.wdt_reset_count
                0x0000000000002a78       0x14 /home/pchizek/dev/press-reg/bin/targets/arduino_boot/app/hw/mcu/atmel/samd21xx/hw_mcu_atmel_samd21xx.a(wdt.o)
                0x0000000000002a78                wdt_reset_count
 .text._sercom_get_sync_baud_val
                0x0000000000002a8c       0x28 /home/pchizek/dev/press-reg/bin/targets/arduino_boot/app/hw/mcu/atmel/samd21xx/hw_mcu_atmel_samd21xx.a(sercom.o)
                0x0000000000002a8c                _sercom_get_sync_baud_val
 .text._sercom_get_async_baud_val
                0x0000000000002ab4      0x140 /home/pchizek/dev/press-reg/bin/targets/arduino_boot/app/hw/mcu/atmel/samd21xx/hw_mcu_atmel_samd21xx.a(sercom.o)
                0x0000000000002ab4                _sercom_get_async_baud_val
 .text.sercom_set_gclk_generator
                0x0000000000002bf4       0x3c /home/pchizek/dev/press-reg/bin/targets/arduino_boot/app/hw/mcu/atmel/samd21xx/hw_mcu_atmel_samd21xx.a(sercom.o)
                0x0000000000002bf4                sercom_set_gclk_generator
 .text._sercom_get_default_pad
                0x0000000000002c30      0x15c /home/pchizek/dev/press-reg/bin/targets/arduino_boot/app/hw/mcu/atmel/samd21xx/hw_mcu_atmel_samd21xx.a(sercom.o)
                0x0000000000002c30                _sercom_get_default_pad
 .text._sercom_get_sercom_inst_index
                0x0000000000002d8c       0x30 /home/pchizek/dev/press-reg/bin/targets/arduino_boot/app/hw/mcu/atmel/samd21xx/hw_mcu_atmel_samd21xx.a(sercom.o)
                0x0000000000002d8c                _sercom_get_sercom_inst_index
 .text.__assert_func
                0x0000000000002dbc       0x20 /home/pchizek/dev/press-reg/bin/targets/arduino_boot/app/kernel/os/kernel_os.a(os_fault.o)
                0x0000000000002dbc                __assert_func
 .text.os_default_irq
                0x0000000000002ddc       0x10 /home/pchizek/dev/press-reg/bin/targets/arduino_boot/app/kernel/os/kernel_os.a(os_fault.o)
                0x0000000000002ddc                os_default_irq
 .text.os_cputime_init
                0x0000000000002dec        0xc /home/pchizek/dev/press-reg/bin/targets/arduino_boot/app/kernel/os/kernel_os.a(os_cputime.o)
                0x0000000000002dec                os_cputime_init
 .text.os_dev_initialize
                0x0000000000002df8       0x20 /home/pchizek/dev/press-reg/bin/targets/arduino_boot/app/kernel/os/kernel_os.a(os_dev.o)
 .text.os_dev_create
                0x0000000000002e18       0x7c /home/pchizek/dev/press-reg/bin/targets/arduino_boot/app/kernel/os/kernel_os.a(os_dev.o)
                0x0000000000002e18                os_dev_create
 .text.os_malloc
                0x0000000000002e94        0x8 /home/pchizek/dev/press-reg/bin/targets/arduino_boot/app/kernel/os/kernel_os.a(os_heap.o)
                0x0000000000002e94                os_malloc
 .text.os_free  0x0000000000002e9c        0x8 /home/pchizek/dev/press-reg/bin/targets/arduino_boot/app/kernel/os/kernel_os.a(os_heap.o)
                0x0000000000002e9c                os_free
 .text.timer_handler
                0x0000000000002ea4        0xa /home/pchizek/dev/press-reg/bin/targets/arduino_boot/app/kernel/os/kernel_os.a(os_arch_arm.o)
                0x0000000000002ea4                timer_handler
 .text.os_arch_save_sr
                0x0000000000002eae        0xc /home/pchizek/dev/press-reg/bin/targets/arduino_boot/app/kernel/os/kernel_os.a(os_arch_arm.o)
                0x0000000000002eae                os_arch_save_sr
 *fill*         0x0000000000002eba        0x2 
 .text.os_time_advance
                0x0000000000002ebc       0x10 /home/pchizek/dev/press-reg/bin/targets/arduino_boot/app/kernel/os/kernel_os.a(os_time.o)
                0x0000000000002ebc                os_time_advance
 .text          0x0000000000002ecc      0x104 /home/pchizek/dev/press-reg/bin/targets/arduino_boot/app/kernel/os/kernel_os.a(HAL_CM0.o)
                0x0000000000002ecc                os_set_env
                0x0000000000002ee0                os_arch_init_task_stack
                0x0000000000002ef2                SVC_Handler
                0x0000000000002f32                PendSV_Handler
                0x0000000000002f70                SysTick_Handler
                0x0000000000002f78                __aeabi_ldiv0
                0x0000000000002f78                __aeabi_idiv0
                0x0000000000002f82                os_default_irq_asm
 .text.malloc_lock_nop
                0x0000000000002fd0        0x4 /home/pchizek/dev/press-reg/bin/targets/arduino_boot/app/libc/baselibc/libc_baselibc.a(malloc.o)
 .text.malloc_unlock_nop
                0x0000000000002fd4        0x2 /home/pchizek/dev/press-reg/bin/targets/arduino_boot/app/libc/baselibc/libc_baselibc.a(malloc.o)
 *fill*         0x0000000000002fd6        0x2 
 .text.__free_block
                0x0000000000002fd8       0x60 /home/pchizek/dev/press-reg/bin/targets/arduino_boot/app/libc/baselibc/libc_baselibc.a(malloc.o)
 .text.add_malloc_block
                0x0000000000003038       0x50 /home/pchizek/dev/press-reg/bin/targets/arduino_boot/app/libc/baselibc/libc_baselibc.a(malloc.o)
                0x0000000000003038                add_malloc_block
 .text.malloc   0x0000000000003088       0x98 /home/pchizek/dev/press-reg/bin/targets/arduino_boot/app/libc/baselibc/libc_baselibc.a(malloc.o)
                0x0000000000003088                malloc
 .text.free     0x0000000000003120       0x28 /home/pchizek/dev/press-reg/bin/targets/arduino_boot/app/libc/baselibc/libc_baselibc.a(malloc.o)
                0x0000000000003120                free
 .text.memcmp   0x0000000000003148       0x1a /home/pchizek/dev/press-reg/bin/targets/arduino_boot/app/libc/baselibc/libc_baselibc.a(memcmp.o)
                0x0000000000003148                memcmp
 .text.memcpy   0x0000000000003162       0x12 /home/pchizek/dev/press-reg/bin/targets/arduino_boot/app/libc/baselibc/libc_baselibc.a(memcpy.o)
                0x0000000000003162                memcpy
 .text.memset   0x0000000000003174       0x10 /home/pchizek/dev/press-reg/bin/targets/arduino_boot/app/libc/baselibc/libc_baselibc.a(memset.o)
                0x0000000000003174                memset
 .text.strlen   0x0000000000003184       0x10 /home/pchizek/dev/press-reg/bin/targets/arduino_boot/app/libc/baselibc/libc_baselibc.a(strlen.o)
                0x0000000000003184                strlen
 .text.flash_area_open
                0x0000000000003194       0x40 /home/pchizek/dev/press-reg/bin/targets/arduino_boot/app/sys/flash_map/sys_flash_map.a(flash_map.o)
                0x0000000000003194                flash_area_open
 .text.flash_area_close
                0x00000000000031d4        0x2 /home/pchizek/dev/press-reg/bin/targets/arduino_boot/app/sys/flash_map/sys_flash_map.a(flash_map.o)
                0x00000000000031d4                flash_area_close
 .text.flash_area_to_sectors
                0x00000000000031d6       0x7e /home/pchizek/dev/press-reg/bin/targets/arduino_boot/app/sys/flash_map/sys_flash_map.a(flash_map.o)
                0x00000000000031d6                flash_area_to_sectors
 .text.flash_area_read
                0x0000000000003254       0x20 /home/pchizek/dev/press-reg/bin/targets/arduino_boot/app/sys/flash_map/sys_flash_map.a(flash_map.o)
                0x0000000000003254                flash_area_read
 .text.flash_area_write
                0x0000000000003274       0x20 /home/pchizek/dev/press-reg/bin/targets/arduino_boot/app/sys/flash_map/sys_flash_map.a(flash_map.o)
                0x0000000000003274                flash_area_write
 .text.flash_area_erase
                0x0000000000003294       0x20 /home/pchizek/dev/press-reg/bin/targets/arduino_boot/app/sys/flash_map/sys_flash_map.a(flash_map.o)
                0x0000000000003294                flash_area_erase
 .text.flash_area_align
                0x00000000000032b4        0xa /home/pchizek/dev/press-reg/bin/targets/arduino_boot/app/sys/flash_map/sys_flash_map.a(flash_map.o)
                0x00000000000032b4                flash_area_align
 .text.flash_area_id_from_image_slot
                0x00000000000032be       0x1e /home/pchizek/dev/press-reg/bin/targets/arduino_boot/app/sys/flash_map/sys_flash_map.a(flash_map.o)
                0x00000000000032be                flash_area_id_from_image_slot
 .text.flash_map_init
                0x00000000000032dc       0x98 /home/pchizek/dev/press-reg/bin/targets/arduino_boot/app/sys/flash_map/sys_flash_map.a(flash_map.o)
                0x00000000000032dc                flash_map_init
 .text.mfg_next_tlv
                0x0000000000003374       0x6c /home/pchizek/dev/press-reg/bin/targets/arduino_boot/app/sys/mfg/sys_mfg.a(mfg.o)
                0x0000000000003374                mfg_next_tlv
 .text.mfg_next_tlv_with_type
                0x00000000000033e0       0x1c /home/pchizek/dev/press-reg/bin/targets/arduino_boot/app/sys/mfg/sys_mfg.a(mfg.o)
                0x00000000000033e0                mfg_next_tlv_with_type
 .text.mfg_read_tlv_flash_area
                0x00000000000033fc       0x44 /home/pchizek/dev/press-reg/bin/targets/arduino_boot/app/sys/mfg/sys_mfg.a(mfg.o)
                0x00000000000033fc                mfg_read_tlv_flash_area
 .text.mfg_init
                0x0000000000003440       0x70 /home/pchizek/dev/press-reg/bin/targets/arduino_boot/app/sys/mfg/sys_mfg.a(mfg.o)
                0x0000000000003440                mfg_init
 .text.sysinit_dflt_panic_cb
                0x00000000000034b0        0x6 /home/pchizek/dev/press-reg/bin/targets/arduino_boot/app/sys/sysinit/sys_sysinit.a(sysinit.o)
 *fill*         0x00000000000034b6        0x2 
 .text._sbrk    0x00000000000034b8       0x28 /home/pchizek/dev/press-reg/bin/targets/arduino_boot/app/hw/bsp/arduino_zero/hw_bsp_arduino_zero.a(sbrk.o)
                0x00000000000034b8                _sbrk
 .text          0x00000000000034e0       0x14 /usr/lib/gcc/arm-none-eabi/7.1.0/thumb/v6-m/libgcc.a(_thumb1_case_uqi.o)
                0x00000000000034e0                __gnu_thumb1_case_uqi
 .text          0x00000000000034f4      0x114 /usr/lib/gcc/arm-none-eabi/7.1.0/thumb/v6-m/libgcc.a(_udivsi3.o)
                0x00000000000034f4                __udivsi3
                0x00000000000034f4                __aeabi_uidiv
                0x0000000000003600                __aeabi_uidivmod
 .text          0x0000000000003608      0x1d4 /usr/lib/gcc/arm-none-eabi/7.1.0/thumb/v6-m/libgcc.a(_divsi3.o)
                0x0000000000003608                __aeabi_idiv
                0x0000000000003608                __divsi3
                0x00000000000037d4                __aeabi_idivmod
 .text          0x00000000000037dc       0x18 /usr/lib/gcc/arm-none-eabi/7.1.0/thumb/v6-m/libgcc.a(_ashldi3.o)
                0x00000000000037dc                __ashldi3
                0x00000000000037dc                __aeabi_llsl
 .text          0x00000000000037f4       0x54 /usr/lib/gcc/arm-none-eabi/7.1.0/thumb/v6-m/libgcc.a(_muldi3.o)
                0x00000000000037f4                __aeabi_lmul
                0x00000000000037f4                __muldi3
 *(.glue_7t)
 .glue_7t       0x0000000000003848        0x0 linker stubs
 *(.glue_7)
 .glue_7        0x0000000000003848        0x0 linker stubs
 *(.rodata .rodata* .gnu.linkonce.r.*)
 .rodata.boot_status_tables
                0x0000000000003848       0x10 /home/pchizek/dev/press-reg/bin/targets/arduino_boot/app/boot/bootutil/boot_bootutil.a(loader.o)
 .rodata.boot_swap_trans_table
                0x0000000000003858        0x6 /home/pchizek/dev/press-reg/bin/targets/arduino_boot/app/boot/bootutil/boot_bootutil.a(loader.o)
 *fill*         0x000000000000385e        0x2 
 .rodata.boot_img_magic
                0x0000000000003860       0x10 /home/pchizek/dev/press-reg/bin/targets/arduino_boot/app/boot/bootutil/boot_bootutil.a(bootutil_misc.o)
                0x0000000000003860                boot_img_magic
 .rodata.boot_swap_tables
                0x0000000000003870       0x19 /home/pchizek/dev/press-reg/bin/targets/arduino_boot/app/boot/bootutil/boot_bootutil.a(bootutil_misc.o)
 *fill*         0x0000000000003889        0x3 
 .rodata.K      0x000000000000388c      0x100 /home/pchizek/dev/press-reg/bin/targets/arduino_boot/app/crypto/mbedtls/crypto_mbedtls.a(sha256.o)
 .rodata.sha256_padding
                0x000000000000398c       0x40 /home/pchizek/dev/press-reg/bin/targets/arduino_boot/app/crypto/mbedtls/crypto_mbedtls.a(sha256.o)
 .rodata.hal_bsp_init.str1.1
                0x00000000000039cc        0x6 /home/pchizek/dev/press-reg/bin/targets/arduino_boot/app/hw/bsp/arduino_zero/hw_bsp_arduino_zero.a(hal_bsp.o)
 *fill*         0x00000000000039d2        0x2 
 .rodata.uart_cfgs
                0x00000000000039d4       0x20 /home/pchizek/dev/press-reg/bin/targets/arduino_boot/app/hw/bsp/arduino_zero/hw_bsp_arduino_zero.a(hal_bsp.o)
 .rodata.samd21_flash_funcs
                0x00000000000039f4       0x14 /home/pchizek/dev/press-reg/bin/targets/arduino_boot/app/hw/mcu/atmel/samd21xx/hw_mcu_atmel_samd21xx.a(hal_flash.o)
 .rodata.CSWTCH.32
                0x0000000000003a08       0x18 /home/pchizek/dev/press-reg/bin/targets/arduino_boot/app/hw/mcu/atmel/samd21xx/hw_mcu_atmel_samd21xx.a(hal_timer.o)
 .rodata.samd21_hal_timers
                0x0000000000003a20        0xc /home/pchizek/dev/press-reg/bin/targets/arduino_boot/app/hw/mcu/atmel/samd21xx/hw_mcu_atmel_samd21xx.a(hal_timer.o)
 .rodata        0x0000000000003a2c       0x18 /home/pchizek/dev/press-reg/bin/targets/arduino_boot/app/hw/mcu/atmel/samd21xx/hw_mcu_atmel_samd21xx.a(sercom.o)
 .rodata        0x0000000000003a44       0x43 /home/pchizek/dev/press-reg/bin/targets/arduino_boot/app/kernel/os/kernel_os.a(HAL_CM0.o)
 *fill*         0x0000000000003a87        0x1 
 .rodata.sysflash_map_dflt
                0x0000000000003a88       0x48 /home/pchizek/dev/press-reg/bin/targets/arduino_boot/generated/bin/arduino_boot-sysinit-app.a(arduino_boot-sysflash.o)
                0x0000000000003a88                sysflash_map_dflt
 *(.ARM.extab* .gnu.linkonce.armextab.*)
                0x0000000000003ad0                . = ALIGN (0x4)
 *(.init)
                0x0000000000003ad0                . = ALIGN (0x4)
                0x0000000000003ad0                __preinit_array_start = .
 *(.preinit_array)
                0x0000000000003ad0                __preinit_array_end = .
                0x0000000000003ad0                . = ALIGN (0x4)
                0x0000000000003ad0                __init_array_start = .
 *(SORT(.init_array.*))
 *(.init_array)
                0x0000000000003ad0                __init_array_end = .
                0x0000000000003ad0                . = ALIGN (0x4)
 *crtbegin.o(.ctors)
 *(EXCLUDE_FILE(*crtend.o) .ctors)
 *(SORT(.ctors.*))
 *crtend.o(.ctors)
                0x0000000000003ad0                . = ALIGN (0x4)
 *(.fini)
                0x0000000000003ad0                . = ALIGN (0x4)
                0x0000000000003ad0                __fini_array_start = .
 *(.fini_array)
 *(SORT(.fini_array.*))
                0x0000000000003ad0                __fini_array_end = .
 *crtbegin.o(.dtors)
 *(EXCLUDE_FILE(*crtend.o) .dtors)
 *(SORT(.dtors.*))
 *crtend.o(.dtors)
                0x0000000000003ad0                . = ALIGN (0x4)
                0x0000000000003ad0                _efixed = .
                [!provide]                        PROVIDE (__exidx_start, .)

.vfp11_veneer   0x0000000000003ad0        0x0
 .vfp11_veneer  0x0000000000003ad0        0x0 linker stubs

.v4_bx          0x0000000000003ad0        0x0
 .v4_bx         0x0000000000003ad0        0x0 linker stubs

.iplt           0x0000000000003ad0        0x0
 .iplt          0x0000000000003ad0        0x0 /home/pchizek/dev/press-reg/bin/targets/arduino_boot/app/hw/mcu/atmel/samd21xx/hw_mcu_atmel_samd21xx.a(startup_samd21.o)

.igot.plt       0x0000000000003ad0        0x0
 .igot.plt      0x0000000000003ad0        0x0 /home/pchizek/dev/press-reg/bin/targets/arduino_boot/app/hw/mcu/atmel/samd21xx/hw_mcu_atmel_samd21xx.a(startup_samd21.o)

.ARM.exidx      0x0000000000003ad0       0x18
 *(.ARM.exidx* .gnu.linkonce.armexidx.*)
 .ARM.exidx     0x0000000000003ad0       0x18 /home/pchizek/dev/press-reg/bin/targets/arduino_boot/app/kernel/os/kernel_os.a(HAL_CM0.o)
                                         0x38 (size before relaxing)
                [!provide]                        PROVIDE (__exidx_end, .)

.rel.dyn        0x0000000000003ae8        0x0
 .rel.iplt      0x0000000000003ae8        0x0 /home/pchizek/dev/press-reg/bin/targets/arduino_boot/app/hw/mcu/atmel/samd21xx/hw_mcu_atmel_samd21xx.a(startup_samd21.o)
                0x0000000000003ae8                . = ALIGN (0x4)
                0x0000000000003ae8                _etext = .

.vector_relocation
                0x0000000020000000       0xb4
                0x0000000020000000                . = ALIGN (0x4)
                0x0000000020000000                __vector_tbl_reloc__ = .
                0x00000000200000b4                . = (. + (__isr_vector_end - __isr_vector_start))
 *fill*         0x0000000020000000       0xb4 
                0x00000000200000b4                . = ALIGN (0x4)

.relocate       0x00000000200000b4       0x48 load address 0x0000000000003ae8
                0x00000000200000b4                . = ALIGN (0x4)
                0x00000000200000b4                _srelocate = .
 *(.data .data.*)
 .data.g_interrupt_enabled
                0x00000000200000b4        0x1 /home/pchizek/dev/press-reg/bin/targets/arduino_boot/app/hw/mcu/atmel/samd21xx/hw_mcu_atmel_samd21xx.a(interrupt_sam_nvic.o)
                0x00000000200000b4                g_interrupt_enabled
 *fill*         0x00000000200000b5        0x3 
 .data.samd21_flash_dev
                0x00000000200000b8       0x14 /home/pchizek/dev/press-reg/bin/targets/arduino_boot/app/hw/mcu/atmel/samd21xx/hw_mcu_atmel_samd21xx.a(hal_flash.o)
                0x00000000200000b8                samd21_flash_dev
 .data.g_os_run_list
                0x00000000200000cc        0x8 /home/pchizek/dev/press-reg/bin/targets/arduino_boot/app/kernel/os/kernel_os.a(os_sched.o)
                0x00000000200000cc                g_os_run_list
 .data          0x00000000200000d4        0x0 /home/pchizek/dev/press-reg/bin/targets/arduino_boot/app/kernel/os/kernel_os.a(HAL_CM0.o)
                0x00000000200000d4                __aeabi_unwind_cpp_pr0
 .data.__malloc_head
                0x00000000200000d4       0x18 /home/pchizek/dev/press-reg/bin/targets/arduino_boot/app/libc/baselibc/libc_baselibc.a(malloc.o)
 .data.malloc_lock
                0x00000000200000ec        0x4 /home/pchizek/dev/press-reg/bin/targets/arduino_boot/app/libc/baselibc/libc_baselibc.a(malloc.o)
 .data.malloc_unlock
                0x00000000200000f0        0x4 /home/pchizek/dev/press-reg/bin/targets/arduino_boot/app/libc/baselibc/libc_baselibc.a(malloc.o)
 .data.sysinit_panic_cb
                0x00000000200000f4        0x4 /home/pchizek/dev/press-reg/bin/targets/arduino_boot/app/sys/sysinit/sys_sysinit.a(sysinit.o)
                0x00000000200000f4                sysinit_panic_cb
 .data._brk     0x00000000200000f8        0x4 /home/pchizek/dev/press-reg/bin/targets/arduino_boot/app/hw/bsp/arduino_zero/hw_bsp_arduino_zero.a(sbrk.o)
                0x00000000200000fc                . = ALIGN (0x4)
                0x00000000200000fc                _erelocate = .

.bss            0x00000000200000fc     0x1450 load address 0x0000000000003b30
                0x00000000200000fc                . = ALIGN (0x4)
                0x00000000200000fc                __bss_start__ = .
                0x00000000200000fc                _sbss = .
                0x00000000200000fc                _szero = .
 *(.bss .bss.*)
 .bss.cpu_irq_critical_section_counter
                0x00000000200000fc        0x4 /home/pchizek/dev/press-reg/bin/targets/arduino_boot/app/hw/mcu/atmel/samd21xx/hw_mcu_atmel_samd21xx.a(interrupt_sam_nvic.o)
 .bss.cpu_irq_prev_interrupt_state
                0x0000000020000100        0x1 /home/pchizek/dev/press-reg/bin/targets/arduino_boot/app/hw/mcu/atmel/samd21xx/hw_mcu_atmel_samd21xx.a(interrupt_sam_nvic.o)
 *fill*         0x0000000020000101        0x3 
 .bss._system_clock_inst
                0x0000000020000104       0x18 /home/pchizek/dev/press-reg/bin/targets/arduino_boot/app/hw/mcu/atmel/samd21xx/hw_mcu_atmel_samd21xx.a(clock.o)
 .bss.boot_data
                0x000000002000011c       0x60 /home/pchizek/dev/press-reg/bin/targets/arduino_boot/app/boot/bootutil/boot_bootutil.a(loader.o)
 .bss.buf.4746  0x000000002000017c      0x400 /home/pchizek/dev/press-reg/bin/targets/arduino_boot/app/boot/bootutil/boot_bootutil.a(loader.o)
 .bss.slot0_sectors.4796
                0x000000002000057c      0x5a0 /home/pchizek/dev/press-reg/bin/targets/arduino_boot/app/boot/bootutil/boot_bootutil.a(loader.o)
 .bss.slot1_sectors.4797
                0x0000000020000b1c      0x5a0 /home/pchizek/dev/press-reg/bin/targets/arduino_boot/app/boot/bootutil/boot_bootutil.a(loader.o)
 .bss.tmpbuf.4697
                0x00000000200010bc        0x4 /home/pchizek/dev/press-reg/bin/targets/arduino_boot/app/boot/bootutil/boot_bootutil.a(loader.o)
 .bss.hal_uart0
                0x00000000200010c0       0x34 /home/pchizek/dev/press-reg/bin/targets/arduino_boot/app/hw/bsp/arduino_zero/hw_bsp_arduino_zero.a(hal_bsp.o)
 .bss.uarts     0x00000000200010f4      0x1f8 /home/pchizek/dev/press-reg/bin/targets/arduino_boot/app/hw/mcu/atmel/samd21xx/hw_mcu_atmel_samd21xx.a(hal_uart.o)
 .bss._nvm_dev  0x00000000200012ec        0x6 /home/pchizek/dev/press-reg/bin/targets/arduino_boot/app/hw/mcu/atmel/samd21xx/hw_mcu_atmel_samd21xx.a(nvm.o)
 .bss._handler_table_initialized
                0x00000000200012f2        0x1 /home/pchizek/dev/press-reg/bin/targets/arduino_boot/app/hw/mcu/atmel/samd21xx/hw_mcu_atmel_samd21xx.a(sercom_interrupt.o)
 *fill*         0x00000000200012f3        0x1 
 .bss._sercom_interrupt_handlers
                0x00000000200012f4       0x18 /home/pchizek/dev/press-reg/bin/targets/arduino_boot/app/hw/mcu/atmel/samd21xx/hw_mcu_atmel_samd21xx.a(sercom_interrupt.o)
 .bss._sercom_config
                0x000000002000130c        0x2 /home/pchizek/dev/press-reg/bin/targets/arduino_boot/app/hw/mcu/atmel/samd21xx/hw_mcu_atmel_samd21xx.a(sercom.o)
 *fill*         0x000000002000130e        0x2 
 .bss.g_os_dev_list
                0x0000000020001310        0x8 /home/pchizek/dev/press-reg/bin/targets/arduino_boot/app/kernel/os/kernel_os.a(os_dev.o)
 .bss.os_flags  0x0000000020001318        0x4 /home/pchizek/dev/press-reg/bin/targets/arduino_boot/app/kernel/os/kernel_os.a(os_arch_arm.o)
                0x0000000020001318                os_flags
 .bss.mfg_areas.11176
                0x000000002000131c       0x78 /home/pchizek/dev/press-reg/bin/targets/arduino_boot/app/sys/flash_map/sys_flash_map.a(flash_map.o)
 *(COMMON)
 COMMON         0x0000000020001394        0x4 /home/pchizek/dev/press-reg/bin/targets/arduino_boot/app/hw/mcu/atmel/samd21xx/hw_mcu_atmel_samd21xx.a(system_samd21.o)
                0x0000000020001394                SystemCoreClock
 COMMON         0x0000000020001398       0x24 /home/pchizek/dev/press-reg/bin/targets/arduino_boot/app/hw/mcu/atmel/samd21xx/hw_mcu_atmel_samd21xx.a(hal_timer.o)
                0x0000000020001398                samd21_hal_timer0
 COMMON         0x00000000200013bc       0x18 /home/pchizek/dev/press-reg/bin/targets/arduino_boot/app/hw/mcu/atmel/samd21xx/hw_mcu_atmel_samd21xx.a(sercom_interrupt.o)
                0x00000000200013bc                _sercom_instances
 COMMON         0x00000000200013d4      0x158 /home/pchizek/dev/press-reg/bin/targets/arduino_boot/app/kernel/os/kernel_os.a(os.o)
                0x00000000200013d4                g_idle_task
                0x0000000020001424                g_os_idle_ctr
                0x0000000020001428                g_idle_task_stack
                0x0000000020001528                g_os_started
 COMMON         0x000000002000152c        0x8 /home/pchizek/dev/press-reg/bin/targets/arduino_boot/app/kernel/os/kernel_os.a(os_sched.o)
                0x000000002000152c                g_current_task
                0x0000000020001530                g_os_last_ctx_sw_time
 COMMON         0x0000000020001534        0x4 /home/pchizek/dev/press-reg/bin/targets/arduino_boot/app/kernel/os/kernel_os.a(os_time.o)
                0x0000000020001534                g_os_time
 COMMON         0x0000000020001538        0x8 /home/pchizek/dev/press-reg/bin/targets/arduino_boot/app/sys/flash_map/sys_flash_map.a(flash_map.o)
                0x0000000020001538                flash_map
                0x000000002000153c                flash_map_entries
 COMMON         0x0000000020001540        0xc /home/pchizek/dev/press-reg/bin/targets/arduino_boot/app/sys/mfg/sys_mfg.a(mfg.o)
                0x0000000020001540                mfg_state
                0x000000002000154c                . = ALIGN (0x4)
                0x000000002000154c                __bss_end__ = .
                0x000000002000154c                _ebss = .
                0x000000002000154c                _ezero = .
                0x000000002000154c                __HeapBase = .

.heap           0x000000002000154c      0x200 load address 0x0000000000003b30
                0x000000002000154c                . = ALIGN (0x4)
                0x000000002000154c                PROVIDE (_user_heap_start, .)
                0x000000002000174c                . = (. + _Min_Heap_Size)
 *fill*         0x000000002000154c      0x200 
                0x000000002000174c                . = ALIGN (0x4)

.stack_dummy    0x000000002000174c      0x400 load address 0x0000000000003b30
                0x0000000020001b4c                . = (. + STACK_SIZE)
 *fill*         0x000000002000174c      0x400 
 *(.stack*)
                0x0000000020000000                _ram_start = ORIGIN (RAM)
                0x0000000020008000                __StackTop = (ORIGIN (RAM) + LENGTH (RAM))
                0x0000000020007c00                __StackLimit = (__StackTop - SIZEOF (.stack_dummy))
                [!provide]                        PROVIDE (__stack, __StackTop)
                0x0000000020007c00                _user_heap_end = __StackLimit
                0x0000000020007c00                __HeapLimit = __StackLimit
                0x0000000000000001                ASSERT ((__HeapBase <= __HeapLimit), region RAM overflowed with stack)
OUTPUT(/home/pchizek/dev/press-reg/bin/targets/arduino_boot/app/apps/boot/boot.elf elf32-littlearm)

.debug_info     0x0000000000000000    0x311e0
 .debug_info    0x0000000000000000     0x3554 /home/pchizek/dev/press-reg/bin/targets/arduino_boot/app/hw/mcu/atmel/samd21xx/hw_mcu_atmel_samd21xx.a(startup_samd21.o)
 .debug_info    0x0000000000003554      0xbb4 /home/pchizek/dev/press-reg/bin/targets/arduino_boot/app/hw/mcu/atmel/samd21xx/hw_mcu_atmel_samd21xx.a(system_samd21.o)
 .debug_info    0x0000000000004108     0x1576 /home/pchizek/dev/press-reg/bin/targets/arduino_boot/app/hw/mcu/atmel/samd21xx/hw_mcu_atmel_samd21xx.a(gclk.o)
 .debug_info    0x000000000000567e      0x236 /home/pchizek/dev/press-reg/bin/targets/arduino_boot/app/hw/mcu/atmel/samd21xx/hw_mcu_atmel_samd21xx.a(system.o)
 .debug_info    0x00000000000058b4      0x2d2 /home/pchizek/dev/press-reg/bin/targets/arduino_boot/app/hw/mcu/atmel/samd21xx/hw_mcu_atmel_samd21xx.a(interrupt_sam_nvic.o)
 .debug_info    0x0000000000005b86     0x2cc8 /home/pchizek/dev/press-reg/bin/targets/arduino_boot/app/hw/mcu/atmel/samd21xx/hw_mcu_atmel_samd21xx.a(clock.o)
 .debug_info    0x000000000000884e      0x48f /home/pchizek/dev/press-reg/bin/targets/arduino_boot/app/libc/baselibc/libc_baselibc.a(start.o)
 .debug_info    0x0000000000008cdd      0x5bb /home/pchizek/dev/press-reg/bin/targets/arduino_boot/app/apps/boot/apps_boot.a(boot.o)
 .debug_info    0x0000000000009298     0x1784 /home/pchizek/dev/press-reg/bin/targets/arduino_boot/app/boot/bootutil/boot_bootutil.a(loader.o)
 .debug_info    0x000000000000aa1c      0xf1c /home/pchizek/dev/press-reg/bin/targets/arduino_boot/app/boot/bootutil/boot_bootutil.a(bootutil_misc.o)
 .debug_info    0x000000000000b938      0x7d8 /home/pchizek/dev/press-reg/bin/targets/arduino_boot/app/boot/bootutil/boot_bootutil.a(image_validate.o)
 .debug_info    0x000000000000c110      0x6b3 /home/pchizek/dev/press-reg/bin/targets/arduino_boot/app/crypto/mbedtls/crypto_mbedtls.a(sha256.o)
 .debug_info    0x000000000000c7c3     0x3352 /home/pchizek/dev/press-reg/bin/targets/arduino_boot/app/hw/bsp/arduino_zero/hw_bsp_arduino_zero.a(hal_bsp.o)
 .debug_info    0x000000000000fb15      0x307 /home/pchizek/dev/press-reg/bin/targets/arduino_boot/app/hw/cmsis-core/hw_cmsis-core.a(cmsis_nvic.o)
 .debug_info    0x000000000000fe1c      0xa76 /home/pchizek/dev/press-reg/bin/targets/arduino_boot/app/hw/drivers/uart/uart_hal/hw_drivers_uart_uart_hal.a(uart_hal.o)
 .debug_info    0x0000000000010892       0x6d /home/pchizek/dev/press-reg/bin/targets/arduino_boot/app/hw/hal/hw_hal.a(hal_common.o)
 .debug_info    0x00000000000108ff      0x6ca /home/pchizek/dev/press-reg/bin/targets/arduino_boot/app/hw/hal/hw_hal.a(hal_flash.o)
 .debug_info    0x0000000000010fc9      0xec0 /home/pchizek/dev/press-reg/bin/targets/arduino_boot/app/hw/mcu/atmel/samd21xx/hw_mcu_atmel_samd21xx.a(hal_flash.o)
 .debug_info    0x0000000000011e89      0xbe9 /home/pchizek/dev/press-reg/bin/targets/arduino_boot/app/hw/mcu/atmel/samd21xx/hw_mcu_atmel_samd21xx.a(hal_system.o)
 .debug_info    0x0000000000012a72      0x154 /home/pchizek/dev/press-reg/bin/targets/arduino_boot/app/hw/mcu/atmel/samd21xx/hw_mcu_atmel_samd21xx.a(hal_system_start.o)
 .debug_info    0x0000000000012bc6     0x2b3a /home/pchizek/dev/press-reg/bin/targets/arduino_boot/app/hw/mcu/atmel/samd21xx/hw_mcu_atmel_samd21xx.a(hal_timer.o)
 .debug_info    0x0000000000015700     0x3032 /home/pchizek/dev/press-reg/bin/targets/arduino_boot/app/hw/mcu/atmel/samd21xx/hw_mcu_atmel_samd21xx.a(hal_uart.o)
 .debug_info    0x0000000000018732      0x598 /home/pchizek/dev/press-reg/bin/targets/arduino_boot/app/hw/mcu/atmel/samd21xx/hw_mcu_atmel_samd21xx.a(hal_watchdog.o)
 .debug_info    0x0000000000018cca     0x1caf /home/pchizek/dev/press-reg/bin/targets/arduino_boot/app/hw/mcu/atmel/samd21xx/hw_mcu_atmel_samd21xx.a(nvm.o)
 .debug_info    0x000000000001a979     0x2190 /home/pchizek/dev/press-reg/bin/targets/arduino_boot/app/hw/mcu/atmel/samd21xx/hw_mcu_atmel_samd21xx.a(sercom_interrupt.o)
 .debug_info    0x000000000001cb09     0x3dd9 /home/pchizek/dev/press-reg/bin/targets/arduino_boot/app/hw/mcu/atmel/samd21xx/hw_mcu_atmel_samd21xx.a(usart.o)
 .debug_info    0x00000000000208e2     0x25bc /home/pchizek/dev/press-reg/bin/targets/arduino_boot/app/hw/mcu/atmel/samd21xx/hw_mcu_atmel_samd21xx.a(usart_interrupt.o)
 .debug_info    0x0000000000022e9e      0xb5a /home/pchizek/dev/press-reg/bin/targets/arduino_boot/app/hw/mcu/atmel/samd21xx/hw_mcu_atmel_samd21xx.a(pinmux.o)
 .debug_info    0x00000000000239f8     0x24ac /home/pchizek/dev/press-reg/bin/targets/arduino_boot/app/hw/mcu/atmel/samd21xx/hw_mcu_atmel_samd21xx.a(tc.o)
 .debug_info    0x0000000000025ea4     0x1211 /home/pchizek/dev/press-reg/bin/targets/arduino_boot/app/hw/mcu/atmel/samd21xx/hw_mcu_atmel_samd21xx.a(wdt.o)
 .debug_info    0x00000000000270b5     0x23be /home/pchizek/dev/press-reg/bin/targets/arduino_boot/app/hw/mcu/atmel/samd21xx/hw_mcu_atmel_samd21xx.a(sercom.o)
 .debug_info    0x0000000000029473      0x66a /home/pchizek/dev/press-reg/bin/targets/arduino_boot/app/kernel/os/kernel_os.a(os_fault.o)
 .debug_info    0x0000000000029add      0x812 /home/pchizek/dev/press-reg/bin/targets/arduino_boot/app/kernel/os/kernel_os.a(os_cputime.o)
 .debug_info    0x000000000002a2ef      0xaf9 /home/pchizek/dev/press-reg/bin/targets/arduino_boot/app/kernel/os/kernel_os.a(os_dev.o)
 .debug_info    0x000000000002ade8      0x4ab /home/pchizek/dev/press-reg/bin/targets/arduino_boot/app/kernel/os/kernel_os.a(os_heap.o)
 .debug_info    0x000000000002b293      0xf5b /home/pchizek/dev/press-reg/bin/targets/arduino_boot/app/kernel/os/kernel_os.a(os_arch_arm.o)
 .debug_info    0x000000000002c1ee      0xb0e /home/pchizek/dev/press-reg/bin/targets/arduino_boot/app/kernel/os/kernel_os.a(os.o)
 .debug_info    0x000000000002ccfc      0xa8c /home/pchizek/dev/press-reg/bin/targets/arduino_boot/app/kernel/os/kernel_os.a(os_sched.o)
 .debug_info    0x000000000002d788      0x8f1 /home/pchizek/dev/press-reg/bin/targets/arduino_boot/app/kernel/os/kernel_os.a(os_time.o)
 .debug_info    0x000000000002e079       0x4c /home/pchizek/dev/press-reg/bin/targets/arduino_boot/app/kernel/os/kernel_os.a(HAL_CM0.o)
 .debug_info    0x000000000002e0c5      0x5c7 /home/pchizek/dev/press-reg/bin/targets/arduino_boot/app/libc/baselibc/libc_baselibc.a(malloc.o)
 .debug_info    0x000000000002e68c       0xd0 /home/pchizek/dev/press-reg/bin/targets/arduino_boot/app/libc/baselibc/libc_baselibc.a(memcmp.o)
 .debug_info    0x000000000002e75c       0xfa /home/pchizek/dev/press-reg/bin/targets/arduino_boot/app/libc/baselibc/libc_baselibc.a(memcpy.o)
 .debug_info    0x000000000002e856       0xd9 /home/pchizek/dev/press-reg/bin/targets/arduino_boot/app/libc/baselibc/libc_baselibc.a(memset.o)
 .debug_info    0x000000000002e92f       0x94 /home/pchizek/dev/press-reg/bin/targets/arduino_boot/app/libc/baselibc/libc_baselibc.a(strlen.o)
 .debug_info    0x000000000002e9c3      0xc57 /home/pchizek/dev/press-reg/bin/targets/arduino_boot/app/sys/flash_map/sys_flash_map.a(flash_map.o)
 .debug_info    0x000000000002f61a      0x92c /home/pchizek/dev/press-reg/bin/targets/arduino_boot/app/sys/mfg/sys_mfg.a(mfg.o)
 .debug_info    0x000000000002ff46      0x2ab /home/pchizek/dev/press-reg/bin/targets/arduino_boot/app/sys/sysinit/sys_sysinit.a(sysinit.o)
 .debug_info    0x00000000000301f1      0x144 /home/pchizek/dev/press-reg/bin/targets/arduino_boot/generated/bin/arduino_boot-sysinit-app.a(arduino_boot-sysflash.o)
 .debug_info    0x0000000000030335       0xdd /home/pchizek/dev/press-reg/bin/targets/arduino_boot/app/hw/bsp/arduino_zero/hw_bsp_arduino_zero.a(sbrk.o)
 .debug_info    0x0000000000030412       0xc0 /usr/lib/gcc/arm-none-eabi/7.1.0/thumb/v6-m/libgcc.a(_thumb1_case_uqi.o)
 .debug_info    0x00000000000304d2       0xc0 /usr/lib/gcc/arm-none-eabi/7.1.0/thumb/v6-m/libgcc.a(_udivsi3.o)
 .debug_info    0x0000000000030592       0xc0 /usr/lib/gcc/arm-none-eabi/7.1.0/thumb/v6-m/libgcc.a(_divsi3.o)
 .debug_info    0x0000000000030652       0xc0 /usr/lib/gcc/arm-none-eabi/7.1.0/thumb/v6-m/libgcc.a(_ashldi3.o)
 .debug_info    0x0000000000030712      0xace /usr/lib/gcc/arm-none-eabi/7.1.0/thumb/v6-m/libgcc.a(_muldi3.o)

.debug_abbrev   0x0000000000000000     0x7469
 .debug_abbrev  0x0000000000000000      0x255 /home/pchizek/dev/press-reg/bin/targets/arduino_boot/app/hw/mcu/atmel/samd21xx/hw_mcu_atmel_samd21xx.a(startup_samd21.o)
 .debug_abbrev  0x0000000000000255      0x236 /home/pchizek/dev/press-reg/bin/targets/arduino_boot/app/hw/mcu/atmel/samd21xx/hw_mcu_atmel_samd21xx.a(system_samd21.o)
 .debug_abbrev  0x000000000000048b      0x361 /home/pchizek/dev/press-reg/bin/targets/arduino_boot/app/hw/mcu/atmel/samd21xx/hw_mcu_atmel_samd21xx.a(gclk.o)
 .debug_abbrev  0x00000000000007ec      0x10d /home/pchizek/dev/press-reg/bin/targets/arduino_boot/app/hw/mcu/atmel/samd21xx/hw_mcu_atmel_samd21xx.a(system.o)
 .debug_abbrev  0x00000000000008f9      0x167 /home/pchizek/dev/press-reg/bin/targets/arduino_boot/app/hw/mcu/atmel/samd21xx/hw_mcu_atmel_samd21xx.a(interrupt_sam_nvic.o)
 .debug_abbrev  0x0000000000000a60      0x42e /home/pchizek/dev/press-reg/bin/targets/arduino_boot/app/hw/mcu/atmel/samd21xx/hw_mcu_atmel_samd21xx.a(clock.o)
 .debug_abbrev  0x0000000000000e8e      0x173 /home/pchizek/dev/press-reg/bin/targets/arduino_boot/app/libc/baselibc/libc_baselibc.a(start.o)
 .debug_abbrev  0x0000000000001001      0x114 /home/pchizek/dev/press-reg/bin/targets/arduino_boot/app/apps/boot/apps_boot.a(boot.o)
 .debug_abbrev  0x0000000000001115      0x306 /home/pchizek/dev/press-reg/bin/targets/arduino_boot/app/boot/bootutil/boot_bootutil.a(loader.o)
 .debug_abbrev  0x000000000000141b      0x316 /home/pchizek/dev/press-reg/bin/targets/arduino_boot/app/boot/bootutil/boot_bootutil.a(bootutil_misc.o)
 .debug_abbrev  0x0000000000001731      0x20d /home/pchizek/dev/press-reg/bin/targets/arduino_boot/app/boot/bootutil/boot_bootutil.a(image_validate.o)
 .debug_abbrev  0x000000000000193e      0x26b /home/pchizek/dev/press-reg/bin/targets/arduino_boot/app/crypto/mbedtls/crypto_mbedtls.a(sha256.o)
 .debug_abbrev  0x0000000000001ba9      0x2be /home/pchizek/dev/press-reg/bin/targets/arduino_boot/app/hw/bsp/arduino_zero/hw_bsp_arduino_zero.a(hal_bsp.o)
 .debug_abbrev  0x0000000000001e67      0x16e /home/pchizek/dev/press-reg/bin/targets/arduino_boot/app/hw/cmsis-core/hw_cmsis-core.a(cmsis_nvic.o)
 .debug_abbrev  0x0000000000001fd5      0x206 /home/pchizek/dev/press-reg/bin/targets/arduino_boot/app/hw/drivers/uart/uart_hal/hw_drivers_uart_uart_hal.a(uart_hal.o)
 .debug_abbrev  0x00000000000021db       0x72 /home/pchizek/dev/press-reg/bin/targets/arduino_boot/app/hw/hal/hw_hal.a(hal_common.o)
 .debug_abbrev  0x000000000000224d      0x1c1 /home/pchizek/dev/press-reg/bin/targets/arduino_boot/app/hw/hal/hw_hal.a(hal_flash.o)
 .debug_abbrev  0x000000000000240e      0x358 /home/pchizek/dev/press-reg/bin/targets/arduino_boot/app/hw/mcu/atmel/samd21xx/hw_mcu_atmel_samd21xx.a(hal_flash.o)
 .debug_abbrev  0x0000000000002766      0x237 /home/pchizek/dev/press-reg/bin/targets/arduino_boot/app/hw/mcu/atmel/samd21xx/hw_mcu_atmel_samd21xx.a(hal_system.o)
 .debug_abbrev  0x000000000000299d       0xfc /home/pchizek/dev/press-reg/bin/targets/arduino_boot/app/hw/mcu/atmel/samd21xx/hw_mcu_atmel_samd21xx.a(hal_system_start.o)
 .debug_abbrev  0x0000000000002a99      0x5b2 /home/pchizek/dev/press-reg/bin/targets/arduino_boot/app/hw/mcu/atmel/samd21xx/hw_mcu_atmel_samd21xx.a(hal_timer.o)
 .debug_abbrev  0x000000000000304b      0x4c5 /home/pchizek/dev/press-reg/bin/targets/arduino_boot/app/hw/mcu/atmel/samd21xx/hw_mcu_atmel_samd21xx.a(hal_uart.o)
 .debug_abbrev  0x0000000000003510      0x1dc /home/pchizek/dev/press-reg/bin/targets/arduino_boot/app/hw/mcu/atmel/samd21xx/hw_mcu_atmel_samd21xx.a(hal_watchdog.o)
 .debug_abbrev  0x00000000000036ec      0x47c /home/pchizek/dev/press-reg/bin/targets/arduino_boot/app/hw/mcu/atmel/samd21xx/hw_mcu_atmel_samd21xx.a(nvm.o)
 .debug_abbrev  0x0000000000003b68      0x28f /home/pchizek/dev/press-reg/bin/targets/arduino_boot/app/hw/mcu/atmel/samd21xx/hw_mcu_atmel_samd21xx.a(sercom_interrupt.o)
 .debug_abbrev  0x0000000000003df7      0x42a /home/pchizek/dev/press-reg/bin/targets/arduino_boot/app/hw/mcu/atmel/samd21xx/hw_mcu_atmel_samd21xx.a(usart.o)
 .debug_abbrev  0x0000000000004221      0x3b3 /home/pchizek/dev/press-reg/bin/targets/arduino_boot/app/hw/mcu/atmel/samd21xx/hw_mcu_atmel_samd21xx.a(usart_interrupt.o)
 .debug_abbrev  0x00000000000045d4      0x307 /home/pchizek/dev/press-reg/bin/targets/arduino_boot/app/hw/mcu/atmel/samd21xx/hw_mcu_atmel_samd21xx.a(pinmux.o)
 .debug_abbrev  0x00000000000048db      0x3c9 /home/pchizek/dev/press-reg/bin/targets/arduino_boot/app/hw/mcu/atmel/samd21xx/hw_mcu_atmel_samd21xx.a(tc.o)
 .debug_abbrev  0x0000000000004ca4      0x2ff /home/pchizek/dev/press-reg/bin/targets/arduino_boot/app/hw/mcu/atmel/samd21xx/hw_mcu_atmel_samd21xx.a(wdt.o)
 .debug_abbrev  0x0000000000004fa3      0x336 /home/pchizek/dev/press-reg/bin/targets/arduino_boot/app/hw/mcu/atmel/samd21xx/hw_mcu_atmel_samd21xx.a(sercom.o)
 .debug_abbrev  0x00000000000052d9      0x1b7 /home/pchizek/dev/press-reg/bin/targets/arduino_boot/app/kernel/os/kernel_os.a(os_fault.o)
 .debug_abbrev  0x0000000000005490      0x25c /home/pchizek/dev/press-reg/bin/targets/arduino_boot/app/kernel/os/kernel_os.a(os_cputime.o)
 .debug_abbrev  0x00000000000056ec      0x2f1 /home/pchizek/dev/press-reg/bin/targets/arduino_boot/app/kernel/os/kernel_os.a(os_dev.o)
 .debug_abbrev  0x00000000000059dd      0x14e /home/pchizek/dev/press-reg/bin/targets/arduino_boot/app/kernel/os/kernel_os.a(os_heap.o)
 .debug_abbrev  0x0000000000005b2b      0x35a /home/pchizek/dev/press-reg/bin/targets/arduino_boot/app/kernel/os/kernel_os.a(os_arch_arm.o)
 .debug_abbrev  0x0000000000005e85      0x1fd /home/pchizek/dev/press-reg/bin/targets/arduino_boot/app/kernel/os/kernel_os.a(os.o)
 .debug_abbrev  0x0000000000006082      0x32e /home/pchizek/dev/press-reg/bin/targets/arduino_boot/app/kernel/os/kernel_os.a(os_sched.o)
 .debug_abbrev  0x00000000000063b0      0x237 /home/pchizek/dev/press-reg/bin/targets/arduino_boot/app/kernel/os/kernel_os.a(os_time.o)
 .debug_abbrev  0x00000000000065e7       0x14 /home/pchizek/dev/press-reg/bin/targets/arduino_boot/app/kernel/os/kernel_os.a(HAL_CM0.o)
 .debug_abbrev  0x00000000000065fb      0x2bc /home/pchizek/dev/press-reg/bin/targets/arduino_boot/app/libc/baselibc/libc_baselibc.a(malloc.o)
 .debug_abbrev  0x00000000000068b7       0x95 /home/pchizek/dev/press-reg/bin/targets/arduino_boot/app/libc/baselibc/libc_baselibc.a(memcmp.o)
 .debug_abbrev  0x000000000000694c       0x9c /home/pchizek/dev/press-reg/bin/targets/arduino_boot/app/libc/baselibc/libc_baselibc.a(memcpy.o)
 .debug_abbrev  0x00000000000069e8       0x90 /home/pchizek/dev/press-reg/bin/targets/arduino_boot/app/libc/baselibc/libc_baselibc.a(memset.o)
 .debug_abbrev  0x0000000000006a78       0x81 /home/pchizek/dev/press-reg/bin/targets/arduino_boot/app/libc/baselibc/libc_baselibc.a(strlen.o)
 .debug_abbrev  0x0000000000006af9      0x275 /home/pchizek/dev/press-reg/bin/targets/arduino_boot/app/sys/flash_map/sys_flash_map.a(flash_map.o)
 .debug_abbrev  0x0000000000006d6e      0x2ae /home/pchizek/dev/press-reg/bin/targets/arduino_boot/app/sys/mfg/sys_mfg.a(mfg.o)
 .debug_abbrev  0x000000000000701c      0x14c /home/pchizek/dev/press-reg/bin/targets/arduino_boot/app/sys/sysinit/sys_sysinit.a(sysinit.o)
 .debug_abbrev  0x0000000000007168       0x91 /home/pchizek/dev/press-reg/bin/targets/arduino_boot/generated/bin/arduino_boot-sysinit-app.a(arduino_boot-sysflash.o)
 .debug_abbrev  0x00000000000071f9       0x92 /home/pchizek/dev/press-reg/bin/targets/arduino_boot/app/hw/bsp/arduino_zero/hw_bsp_arduino_zero.a(sbrk.o)
 .debug_abbrev  0x000000000000728b       0x14 /usr/lib/gcc/arm-none-eabi/7.1.0/thumb/v6-m/libgcc.a(_thumb1_case_uqi.o)
 .debug_abbrev  0x000000000000729f       0x14 /usr/lib/gcc/arm-none-eabi/7.1.0/thumb/v6-m/libgcc.a(_udivsi3.o)
 .debug_abbrev  0x00000000000072b3       0x14 /usr/lib/gcc/arm-none-eabi/7.1.0/thumb/v6-m/libgcc.a(_divsi3.o)
 .debug_abbrev  0x00000000000072c7       0x14 /usr/lib/gcc/arm-none-eabi/7.1.0/thumb/v6-m/libgcc.a(_ashldi3.o)
 .debug_abbrev  0x00000000000072db      0x18e /usr/lib/gcc/arm-none-eabi/7.1.0/thumb/v6-m/libgcc.a(_muldi3.o)

.debug_loc      0x0000000000000000     0xac5d
 .debug_loc     0x0000000000000000       0x2b /home/pchizek/dev/press-reg/bin/targets/arduino_boot/app/hw/mcu/atmel/samd21xx/hw_mcu_atmel_samd21xx.a(startup_samd21.o)
 .debug_loc     0x000000000000002b      0x332 /home/pchizek/dev/press-reg/bin/targets/arduino_boot/app/hw/mcu/atmel/samd21xx/hw_mcu_atmel_samd21xx.a(gclk.o)
 .debug_loc     0x000000000000035d      0xb92 /home/pchizek/dev/press-reg/bin/targets/arduino_boot/app/hw/mcu/atmel/samd21xx/hw_mcu_atmel_samd21xx.a(clock.o)
 .debug_loc     0x0000000000000eef       0x13 /home/pchizek/dev/press-reg/bin/targets/arduino_boot/app/libc/baselibc/libc_baselibc.a(start.o)
 .debug_loc     0x0000000000000f02       0x1e /home/pchizek/dev/press-reg/bin/targets/arduino_boot/app/apps/boot/apps_boot.a(boot.o)
 .debug_loc     0x0000000000000f20      0xd4f /home/pchizek/dev/press-reg/bin/targets/arduino_boot/app/boot/bootutil/boot_bootutil.a(loader.o)
 .debug_loc     0x0000000000001c6f      0x51c /home/pchizek/dev/press-reg/bin/targets/arduino_boot/app/boot/bootutil/boot_bootutil.a(bootutil_misc.o)
 .debug_loc     0x000000000000218b      0x31c /home/pchizek/dev/press-reg/bin/targets/arduino_boot/app/boot/bootutil/boot_bootutil.a(image_validate.o)
 .debug_loc     0x00000000000024a7      0x714 /home/pchizek/dev/press-reg/bin/targets/arduino_boot/app/crypto/mbedtls/crypto_mbedtls.a(sha256.o)
 .debug_loc     0x0000000000002bbb       0x97 /home/pchizek/dev/press-reg/bin/targets/arduino_boot/app/hw/bsp/arduino_zero/hw_bsp_arduino_zero.a(hal_bsp.o)
 .debug_loc     0x0000000000002c52       0x42 /home/pchizek/dev/press-reg/bin/targets/arduino_boot/app/hw/cmsis-core/hw_cmsis-core.a(cmsis_nvic.o)
 .debug_loc     0x0000000000002c94      0x36e /home/pchizek/dev/press-reg/bin/targets/arduino_boot/app/hw/drivers/uart/uart_hal/hw_drivers_uart_uart_hal.a(uart_hal.o)
 .debug_loc     0x0000000000003002       0x21 /home/pchizek/dev/press-reg/bin/targets/arduino_boot/app/hw/hal/hw_hal.a(hal_common.o)
 .debug_loc     0x0000000000003023      0x4d7 /home/pchizek/dev/press-reg/bin/targets/arduino_boot/app/hw/hal/hw_hal.a(hal_flash.o)
 .debug_loc     0x00000000000034fa      0x5ea /home/pchizek/dev/press-reg/bin/targets/arduino_boot/app/hw/mcu/atmel/samd21xx/hw_mcu_atmel_samd21xx.a(hal_flash.o)
 .debug_loc     0x0000000000003ae4       0x21 /home/pchizek/dev/press-reg/bin/targets/arduino_boot/app/hw/mcu/atmel/samd21xx/hw_mcu_atmel_samd21xx.a(hal_system.o)
 .debug_loc     0x0000000000003b05       0x5b /home/pchizek/dev/press-reg/bin/targets/arduino_boot/app/hw/mcu/atmel/samd21xx/hw_mcu_atmel_samd21xx.a(hal_system_start.o)
 .debug_loc     0x0000000000003b60      0xb15 /home/pchizek/dev/press-reg/bin/targets/arduino_boot/app/hw/mcu/atmel/samd21xx/hw_mcu_atmel_samd21xx.a(hal_timer.o)
 .debug_loc     0x0000000000004675      0x8bd /home/pchizek/dev/press-reg/bin/targets/arduino_boot/app/hw/mcu/atmel/samd21xx/hw_mcu_atmel_samd21xx.a(hal_uart.o)
 .debug_loc     0x0000000000004f32       0x9f /home/pchizek/dev/press-reg/bin/targets/arduino_boot/app/hw/mcu/atmel/samd21xx/hw_mcu_atmel_samd21xx.a(hal_watchdog.o)
 .debug_loc     0x0000000000004fd1      0xf9e /home/pchizek/dev/press-reg/bin/targets/arduino_boot/app/hw/mcu/atmel/samd21xx/hw_mcu_atmel_samd21xx.a(nvm.o)
 .debug_loc     0x0000000000005f6f      0x184 /home/pchizek/dev/press-reg/bin/targets/arduino_boot/app/hw/mcu/atmel/samd21xx/hw_mcu_atmel_samd21xx.a(sercom_interrupt.o)
 .debug_loc     0x00000000000060f3      0x992 /home/pchizek/dev/press-reg/bin/targets/arduino_boot/app/hw/mcu/atmel/samd21xx/hw_mcu_atmel_samd21xx.a(usart.o)
 .debug_loc     0x0000000000006a85      0x536 /home/pchizek/dev/press-reg/bin/targets/arduino_boot/app/hw/mcu/atmel/samd21xx/hw_mcu_atmel_samd21xx.a(usart_interrupt.o)
 .debug_loc     0x0000000000006fbb      0x26d /home/pchizek/dev/press-reg/bin/targets/arduino_boot/app/hw/mcu/atmel/samd21xx/hw_mcu_atmel_samd21xx.a(pinmux.o)
 .debug_loc     0x0000000000007228      0x984 /home/pchizek/dev/press-reg/bin/targets/arduino_boot/app/hw/mcu/atmel/samd21xx/hw_mcu_atmel_samd21xx.a(tc.o)
 .debug_loc     0x0000000000007bac      0x109 /home/pchizek/dev/press-reg/bin/targets/arduino_boot/app/hw/mcu/atmel/samd21xx/hw_mcu_atmel_samd21xx.a(wdt.o)
 .debug_loc     0x0000000000007cb5      0x6d4 /home/pchizek/dev/press-reg/bin/targets/arduino_boot/app/hw/mcu/atmel/samd21xx/hw_mcu_atmel_samd21xx.a(sercom.o)
 .debug_loc     0x0000000000008389       0xa5 /home/pchizek/dev/press-reg/bin/targets/arduino_boot/app/kernel/os/kernel_os.a(os_fault.o)
 .debug_loc     0x000000000000842e      0x382 /home/pchizek/dev/press-reg/bin/targets/arduino_boot/app/kernel/os/kernel_os.a(os_cputime.o)
 .debug_loc     0x00000000000087b0      0x593 /home/pchizek/dev/press-reg/bin/targets/arduino_boot/app/kernel/os/kernel_os.a(os_dev.o)
 .debug_loc     0x0000000000008d43       0x84 /home/pchizek/dev/press-reg/bin/targets/arduino_boot/app/kernel/os/kernel_os.a(os_heap.o)
 .debug_loc     0x0000000000008dc7      0x26d /home/pchizek/dev/press-reg/bin/targets/arduino_boot/app/kernel/os/kernel_os.a(os_arch_arm.o)
 .debug_loc     0x0000000000009034      0x219 /home/pchizek/dev/press-reg/bin/targets/arduino_boot/app/kernel/os/kernel_os.a(os.o)
 .debug_loc     0x000000000000924d      0x3d1 /home/pchizek/dev/press-reg/bin/targets/arduino_boot/app/kernel/os/kernel_os.a(os_sched.o)
 .debug_loc     0x000000000000961e      0x2c2 /home/pchizek/dev/press-reg/bin/targets/arduino_boot/app/kernel/os/kernel_os.a(os_time.o)
 .debug_loc     0x00000000000098e0      0x491 /home/pchizek/dev/press-reg/bin/targets/arduino_boot/app/libc/baselibc/libc_baselibc.a(malloc.o)
 .debug_loc     0x0000000000009d71       0xfe /home/pchizek/dev/press-reg/bin/targets/arduino_boot/app/libc/baselibc/libc_baselibc.a(memcmp.o)
 .debug_loc     0x0000000000009e6f       0xbe /home/pchizek/dev/press-reg/bin/targets/arduino_boot/app/libc/baselibc/libc_baselibc.a(memcpy.o)
 .debug_loc     0x0000000000009f2d       0x72 /home/pchizek/dev/press-reg/bin/targets/arduino_boot/app/libc/baselibc/libc_baselibc.a(memset.o)
 .debug_loc     0x0000000000009f9f       0x4a /home/pchizek/dev/press-reg/bin/targets/arduino_boot/app/libc/baselibc/libc_baselibc.a(strlen.o)
 .debug_loc     0x0000000000009fe9      0x60a /home/pchizek/dev/press-reg/bin/targets/arduino_boot/app/sys/flash_map/sys_flash_map.a(flash_map.o)
 .debug_loc     0x000000000000a5f3      0x3ff /home/pchizek/dev/press-reg/bin/targets/arduino_boot/app/sys/mfg/sys_mfg.a(mfg.o)
 .debug_loc     0x000000000000a9f2       0x84 /home/pchizek/dev/press-reg/bin/targets/arduino_boot/app/sys/sysinit/sys_sysinit.a(sysinit.o)
 .debug_loc     0x000000000000aa76       0x4c /home/pchizek/dev/press-reg/bin/targets/arduino_boot/app/hw/bsp/arduino_zero/hw_bsp_arduino_zero.a(sbrk.o)
 .debug_loc     0x000000000000aac2      0x19b /usr/lib/gcc/arm-none-eabi/7.1.0/thumb/v6-m/libgcc.a(_muldi3.o)

.debug_aranges  0x0000000000000000      0xe20
 .debug_aranges
                0x0000000000000000       0x28 /home/pchizek/dev/press-reg/bin/targets/arduino_boot/app/hw/mcu/atmel/samd21xx/hw_mcu_atmel_samd21xx.a(startup_samd21.o)
 .debug_aranges
                0x0000000000000028       0x28 /home/pchizek/dev/press-reg/bin/targets/arduino_boot/app/hw/mcu/atmel/samd21xx/hw_mcu_atmel_samd21xx.a(system_samd21.o)
 .debug_aranges
                0x0000000000000050       0x88 /home/pchizek/dev/press-reg/bin/targets/arduino_boot/app/hw/mcu/atmel/samd21xx/hw_mcu_atmel_samd21xx.a(gclk.o)
 .debug_aranges
                0x00000000000000d8       0x28 /home/pchizek/dev/press-reg/bin/targets/arduino_boot/app/hw/mcu/atmel/samd21xx/hw_mcu_atmel_samd21xx.a(system.o)
 .debug_aranges
                0x0000000000000100       0x28 /home/pchizek/dev/press-reg/bin/targets/arduino_boot/app/hw/mcu/atmel/samd21xx/hw_mcu_atmel_samd21xx.a(interrupt_sam_nvic.o)
 .debug_aranges
                0x0000000000000128       0x80 /home/pchizek/dev/press-reg/bin/targets/arduino_boot/app/hw/mcu/atmel/samd21xx/hw_mcu_atmel_samd21xx.a(clock.o)
 .debug_aranges
                0x00000000000001a8       0x28 /home/pchizek/dev/press-reg/bin/targets/arduino_boot/app/libc/baselibc/libc_baselibc.a(start.o)
 .debug_aranges
                0x00000000000001d0       0x20 /home/pchizek/dev/press-reg/bin/targets/arduino_boot/app/apps/boot/apps_boot.a(boot.o)
 .debug_aranges
                0x00000000000001f0       0x58 /home/pchizek/dev/press-reg/bin/targets/arduino_boot/app/boot/bootutil/boot_bootutil.a(loader.o)
 .debug_aranges
                0x0000000000000248       0x88 /home/pchizek/dev/press-reg/bin/targets/arduino_boot/app/boot/bootutil/boot_bootutil.a(bootutil_misc.o)
 .debug_aranges
                0x00000000000002d0       0x20 /home/pchizek/dev/press-reg/bin/targets/arduino_boot/app/boot/bootutil/boot_bootutil.a(image_validate.o)
 .debug_aranges
                0x00000000000002f0       0x60 /home/pchizek/dev/press-reg/bin/targets/arduino_boot/app/crypto/mbedtls/crypto_mbedtls.a(sha256.o)
 .debug_aranges
                0x0000000000000350       0x38 /home/pchizek/dev/press-reg/bin/targets/arduino_boot/app/hw/bsp/arduino_zero/hw_bsp_arduino_zero.a(hal_bsp.o)
 .debug_aranges
                0x0000000000000388       0x30 /home/pchizek/dev/press-reg/bin/targets/arduino_boot/app/hw/cmsis-core/hw_cmsis-core.a(cmsis_nvic.o)
 .debug_aranges
                0x00000000000003b8       0x48 /home/pchizek/dev/press-reg/bin/targets/arduino_boot/app/hw/drivers/uart/uart_hal/hw_drivers_uart_uart_hal.a(uart_hal.o)
 .debug_aranges
                0x0000000000000400       0x20 /home/pchizek/dev/press-reg/bin/targets/arduino_boot/app/hw/hal/hw_hal.a(hal_common.o)
 .debug_aranges
                0x0000000000000420       0x60 /home/pchizek/dev/press-reg/bin/targets/arduino_boot/app/hw/hal/hw_hal.a(hal_flash.o)
 .debug_aranges
                0x0000000000000480       0x40 /home/pchizek/dev/press-reg/bin/targets/arduino_boot/app/hw/mcu/atmel/samd21xx/hw_mcu_atmel_samd21xx.a(hal_flash.o)
 .debug_aranges
                0x00000000000004c0       0x38 /home/pchizek/dev/press-reg/bin/targets/arduino_boot/app/hw/mcu/atmel/samd21xx/hw_mcu_atmel_samd21xx.a(hal_system.o)
 .debug_aranges
                0x00000000000004f8       0x20 /home/pchizek/dev/press-reg/bin/targets/arduino_boot/app/hw/mcu/atmel/samd21xx/hw_mcu_atmel_samd21xx.a(hal_system_start.o)
 .debug_aranges
                0x0000000000000518       0x80 /home/pchizek/dev/press-reg/bin/targets/arduino_boot/app/hw/mcu/atmel/samd21xx/hw_mcu_atmel_samd21xx.a(hal_timer.o)
 .debug_aranges
                0x0000000000000598       0x68 /home/pchizek/dev/press-reg/bin/targets/arduino_boot/app/hw/mcu/atmel/samd21xx/hw_mcu_atmel_samd21xx.a(hal_uart.o)
 .debug_aranges
                0x0000000000000600       0x30 /home/pchizek/dev/press-reg/bin/targets/arduino_boot/app/hw/mcu/atmel/samd21xx/hw_mcu_atmel_samd21xx.a(hal_watchdog.o)
 .debug_aranges
                0x0000000000000630       0x70 /home/pchizek/dev/press-reg/bin/targets/arduino_boot/app/hw/mcu/atmel/samd21xx/hw_mcu_atmel_samd21xx.a(nvm.o)
 .debug_aranges
                0x00000000000006a0       0x60 /home/pchizek/dev/press-reg/bin/targets/arduino_boot/app/hw/mcu/atmel/samd21xx/hw_mcu_atmel_samd21xx.a(sercom_interrupt.o)
 .debug_aranges
                0x0000000000000700       0x48 /home/pchizek/dev/press-reg/bin/targets/arduino_boot/app/hw/mcu/atmel/samd21xx/hw_mcu_atmel_samd21xx.a(usart.o)
 .debug_aranges
                0x0000000000000748       0x70 /home/pchizek/dev/press-reg/bin/targets/arduino_boot/app/hw/mcu/atmel/samd21xx/hw_mcu_atmel_samd21xx.a(usart_interrupt.o)
 .debug_aranges
                0x00000000000007b8       0x40 /home/pchizek/dev/press-reg/bin/targets/arduino_boot/app/hw/mcu/atmel/samd21xx/hw_mcu_atmel_samd21xx.a(pinmux.o)
 .debug_aranges
                0x00000000000007f8       0x58 /home/pchizek/dev/press-reg/bin/targets/arduino_boot/app/hw/mcu/atmel/samd21xx/hw_mcu_atmel_samd21xx.a(tc.o)
 .debug_aranges
                0x0000000000000850       0x28 /home/pchizek/dev/press-reg/bin/targets/arduino_boot/app/hw/mcu/atmel/samd21xx/hw_mcu_atmel_samd21xx.a(wdt.o)
 .debug_aranges
                0x0000000000000878       0x40 /home/pchizek/dev/press-reg/bin/targets/arduino_boot/app/hw/mcu/atmel/samd21xx/hw_mcu_atmel_samd21xx.a(sercom.o)
 .debug_aranges
                0x00000000000008b8       0x28 /home/pchizek/dev/press-reg/bin/targets/arduino_boot/app/kernel/os/kernel_os.a(os_fault.o)
 .debug_aranges
                0x00000000000008e0       0x70 /home/pchizek/dev/press-reg/bin/targets/arduino_boot/app/kernel/os/kernel_os.a(os_cputime.o)
 .debug_aranges
                0x0000000000000950       0x60 /home/pchizek/dev/press-reg/bin/targets/arduino_boot/app/kernel/os/kernel_os.a(os_dev.o)
 .debug_aranges
                0x00000000000009b0       0x30 /home/pchizek/dev/press-reg/bin/targets/arduino_boot/app/kernel/os/kernel_os.a(os_heap.o)
 .debug_aranges
                0x00000000000009e0       0x68 /home/pchizek/dev/press-reg/bin/targets/arduino_boot/app/kernel/os/kernel_os.a(os_arch_arm.o)
 .debug_aranges
                0x0000000000000a48       0x50 /home/pchizek/dev/press-reg/bin/targets/arduino_boot/app/kernel/os/kernel_os.a(os.o)
 .debug_aranges
                0x0000000000000a98       0x78 /home/pchizek/dev/press-reg/bin/targets/arduino_boot/app/kernel/os/kernel_os.a(os_sched.o)
 .debug_aranges
                0x0000000000000b10       0x58 /home/pchizek/dev/press-reg/bin/targets/arduino_boot/app/kernel/os/kernel_os.a(os_time.o)
 .debug_aranges
                0x0000000000000b68       0x20 /home/pchizek/dev/press-reg/bin/targets/arduino_boot/app/kernel/os/kernel_os.a(HAL_CM0.o)
 .debug_aranges
                0x0000000000000b88       0x58 /home/pchizek/dev/press-reg/bin/targets/arduino_boot/app/libc/baselibc/libc_baselibc.a(malloc.o)
 .debug_aranges
                0x0000000000000be0       0x20 /home/pchizek/dev/press-reg/bin/targets/arduino_boot/app/libc/baselibc/libc_baselibc.a(memcmp.o)
 .debug_aranges
                0x0000000000000c00       0x20 /home/pchizek/dev/press-reg/bin/targets/arduino_boot/app/libc/baselibc/libc_baselibc.a(memcpy.o)
 .debug_aranges
                0x0000000000000c20       0x20 /home/pchizek/dev/press-reg/bin/targets/arduino_boot/app/libc/baselibc/libc_baselibc.a(memset.o)
 .debug_aranges
                0x0000000000000c40       0x20 /home/pchizek/dev/press-reg/bin/targets/arduino_boot/app/libc/baselibc/libc_baselibc.a(strlen.o)
 .debug_aranges
                0x0000000000000c60       0x70 /home/pchizek/dev/press-reg/bin/targets/arduino_boot/app/sys/flash_map/sys_flash_map.a(flash_map.o)
 .debug_aranges
                0x0000000000000cd0       0x40 /home/pchizek/dev/press-reg/bin/targets/arduino_boot/app/sys/mfg/sys_mfg.a(mfg.o)
 .debug_aranges
                0x0000000000000d10       0x38 /home/pchizek/dev/press-reg/bin/targets/arduino_boot/app/sys/sysinit/sys_sysinit.a(sysinit.o)
 .debug_aranges
                0x0000000000000d48       0x18 /home/pchizek/dev/press-reg/bin/targets/arduino_boot/generated/bin/arduino_boot-sysinit-app.a(arduino_boot-sysflash.o)
 .debug_aranges
                0x0000000000000d60       0x20 /home/pchizek/dev/press-reg/bin/targets/arduino_boot/app/hw/bsp/arduino_zero/hw_bsp_arduino_zero.a(sbrk.o)
 .debug_aranges
                0x0000000000000d80       0x20 /usr/lib/gcc/arm-none-eabi/7.1.0/thumb/v6-m/libgcc.a(_thumb1_case_uqi.o)
 .debug_aranges
                0x0000000000000da0       0x20 /usr/lib/gcc/arm-none-eabi/7.1.0/thumb/v6-m/libgcc.a(_udivsi3.o)
 .debug_aranges
                0x0000000000000dc0       0x20 /usr/lib/gcc/arm-none-eabi/7.1.0/thumb/v6-m/libgcc.a(_divsi3.o)
 .debug_aranges
                0x0000000000000de0       0x20 /usr/lib/gcc/arm-none-eabi/7.1.0/thumb/v6-m/libgcc.a(_ashldi3.o)
 .debug_aranges
                0x0000000000000e00       0x20 /usr/lib/gcc/arm-none-eabi/7.1.0/thumb/v6-m/libgcc.a(_muldi3.o)

.debug_ranges   0x0000000000000000     0x1408
 .debug_ranges  0x0000000000000000       0x18 /home/pchizek/dev/press-reg/bin/targets/arduino_boot/app/hw/mcu/atmel/samd21xx/hw_mcu_atmel_samd21xx.a(startup_samd21.o)
 .debug_ranges  0x0000000000000018       0x48 /home/pchizek/dev/press-reg/bin/targets/arduino_boot/app/hw/mcu/atmel/samd21xx/hw_mcu_atmel_samd21xx.a(system_samd21.o)
 .debug_ranges  0x0000000000000060       0x90 /home/pchizek/dev/press-reg/bin/targets/arduino_boot/app/hw/mcu/atmel/samd21xx/hw_mcu_atmel_samd21xx.a(gclk.o)
 .debug_ranges  0x00000000000000f0       0x18 /home/pchizek/dev/press-reg/bin/targets/arduino_boot/app/hw/mcu/atmel/samd21xx/hw_mcu_atmel_samd21xx.a(system.o)
 .debug_ranges  0x0000000000000108       0x18 /home/pchizek/dev/press-reg/bin/targets/arduino_boot/app/hw/mcu/atmel/samd21xx/hw_mcu_atmel_samd21xx.a(interrupt_sam_nvic.o)
 .debug_ranges  0x0000000000000120      0x138 /home/pchizek/dev/press-reg/bin/targets/arduino_boot/app/hw/mcu/atmel/samd21xx/hw_mcu_atmel_samd21xx.a(clock.o)
 .debug_ranges  0x0000000000000258       0x18 /home/pchizek/dev/press-reg/bin/targets/arduino_boot/app/libc/baselibc/libc_baselibc.a(start.o)
 .debug_ranges  0x0000000000000270       0x10 /home/pchizek/dev/press-reg/bin/targets/arduino_boot/app/apps/boot/apps_boot.a(boot.o)
 .debug_ranges  0x0000000000000280      0x1c8 /home/pchizek/dev/press-reg/bin/targets/arduino_boot/app/boot/bootutil/boot_bootutil.a(loader.o)
 .debug_ranges  0x0000000000000448       0xa8 /home/pchizek/dev/press-reg/bin/targets/arduino_boot/app/boot/bootutil/boot_bootutil.a(bootutil_misc.o)
 .debug_ranges  0x00000000000004f0       0x28 /home/pchizek/dev/press-reg/bin/targets/arduino_boot/app/boot/bootutil/boot_bootutil.a(image_validate.o)
 .debug_ranges  0x0000000000000518       0x68 /home/pchizek/dev/press-reg/bin/targets/arduino_boot/app/crypto/mbedtls/crypto_mbedtls.a(sha256.o)
 .debug_ranges  0x0000000000000580       0x28 /home/pchizek/dev/press-reg/bin/targets/arduino_boot/app/hw/bsp/arduino_zero/hw_bsp_arduino_zero.a(hal_bsp.o)
 .debug_ranges  0x00000000000005a8       0x20 /home/pchizek/dev/press-reg/bin/targets/arduino_boot/app/hw/cmsis-core/hw_cmsis-core.a(cmsis_nvic.o)