Archive member included to satisfy reference by file (symbol)

/home/pchizek/dev/press-reg/bin/targets/blinky/app/hw/mcu/atmel/samd21xx/hw_mcu_atmel_samd21xx.a(startup_samd21.o)
                              (Reset_Handler)
/home/pchizek/dev/press-reg/bin/targets/blinky/app/hw/mcu/atmel/samd21xx/hw_mcu_atmel_samd21xx.a(system_samd21.o)
                              /home/pchizek/dev/press-reg/bin/targets/blinky/app/hw/mcu/atmel/samd21xx/hw_mcu_atmel_samd21xx.a(startup_samd21.o) (SystemInit)
/home/pchizek/dev/press-reg/bin/targets/blinky/app/hw/mcu/atmel/samd21xx/hw_mcu_atmel_samd21xx.a(gclk.o)
                              /home/pchizek/dev/press-reg/bin/targets/blinky/app/hw/mcu/atmel/samd21xx/hw_mcu_atmel_samd21xx.a(system_samd21.o) (system_gclk_gen_get_hz)
/home/pchizek/dev/press-reg/bin/targets/blinky/app/hw/mcu/atmel/samd21xx/hw_mcu_atmel_samd21xx.a(system.o)
                              /home/pchizek/dev/press-reg/bin/targets/blinky/app/hw/mcu/atmel/samd21xx/hw_mcu_atmel_samd21xx.a(system_samd21.o) (system_init)
/home/pchizek/dev/press-reg/bin/targets/blinky/app/hw/mcu/atmel/samd21xx/hw_mcu_atmel_samd21xx.a(interrupt_sam_nvic.o)
                              /home/pchizek/dev/press-reg/bin/targets/blinky/app/hw/mcu/atmel/samd21xx/hw_mcu_atmel_samd21xx.a(gclk.o) (cpu_irq_enter_critical)
/home/pchizek/dev/press-reg/bin/targets/blinky/app/hw/mcu/atmel/samd21xx/hw_mcu_atmel_samd21xx.a(clock.o)
                              /home/pchizek/dev/press-reg/bin/targets/blinky/app/hw/mcu/atmel/samd21xx/hw_mcu_atmel_samd21xx.a(gclk.o) (system_clock_source_get_hz)
/home/pchizek/dev/press-reg/bin/targets/blinky/app/libc/baselibc/libc_baselibc.a(start.o)
                              /home/pchizek/dev/press-reg/bin/targets/blinky/app/hw/mcu/atmel/samd21xx/hw_mcu_atmel_samd21xx.a(startup_samd21.o) (_start)
/home/pchizek/dev/press-reg/bin/targets/blinky/app/apps/blinky/apps_blinky.a(main.o)
                              /home/pchizek/dev/press-reg/bin/targets/blinky/app/libc/baselibc/libc_baselibc.a(start.o) (main)
/home/pchizek/dev/press-reg/bin/targets/blinky/app/hw/cmsis-core/hw_cmsis-core.a(cmsis_nvic.o)
                              /home/pchizek/dev/press-reg/bin/targets/blinky/app/hw/mcu/atmel/samd21xx/hw_mcu_atmel_samd21xx.a(system_samd21.o) (NVIC_Relocate)
/home/pchizek/dev/press-reg/bin/targets/blinky/app/hw/mcu/atmel/samd21xx/hw_mcu_atmel_samd21xx.a(hal_gpio.o)
                              /home/pchizek/dev/press-reg/bin/targets/blinky/app/apps/blinky/apps_blinky.a(main.o) (hal_gpio_init_out)
/home/pchizek/dev/press-reg/bin/targets/blinky/app/hw/mcu/atmel/samd21xx/hw_mcu_atmel_samd21xx.a(extint_callback.o)
                              /home/pchizek/dev/press-reg/bin/targets/blinky/app/hw/mcu/atmel/samd21xx/hw_mcu_atmel_samd21xx.a(hal_gpio.o) (extint_chan_enable_callback)
/home/pchizek/dev/press-reg/bin/targets/blinky/app/hw/mcu/atmel/samd21xx/hw_mcu_atmel_samd21xx.a(extint.o)
                              /home/pchizek/dev/press-reg/bin/targets/blinky/app/hw/mcu/atmel/samd21xx/hw_mcu_atmel_samd21xx.a(extint_callback.o) (_extint_dev)
/home/pchizek/dev/press-reg/bin/targets/blinky/app/hw/mcu/atmel/samd21xx/hw_mcu_atmel_samd21xx.a(port.o)
                              /home/pchizek/dev/press-reg/bin/targets/blinky/app/hw/mcu/atmel/samd21xx/hw_mcu_atmel_samd21xx.a(hal_gpio.o) (port_pin_set_config)
/home/pchizek/dev/press-reg/bin/targets/blinky/app/hw/mcu/atmel/samd21xx/hw_mcu_atmel_samd21xx.a(pinmux.o)
                              /home/pchizek/dev/press-reg/bin/targets/blinky/app/hw/mcu/atmel/samd21xx/hw_mcu_atmel_samd21xx.a(extint.o) (system_pinmux_pin_set_config)
/home/pchizek/dev/press-reg/bin/targets/blinky/app/kernel/os/kernel_os.a(os_fault.o)
                              /home/pchizek/dev/press-reg/bin/targets/blinky/app/hw/mcu/atmel/samd21xx/hw_mcu_atmel_samd21xx.a(hal_gpio.o) (__assert_func)
/home/pchizek/dev/press-reg/bin/targets/blinky/app/kernel/os/kernel_os.a(os.o)
                              /home/pchizek/dev/press-reg/bin/targets/blinky/app/libc/baselibc/libc_baselibc.a(start.o) (os_init)
/home/pchizek/dev/press-reg/bin/targets/blinky/app/kernel/os/kernel_os.a(os_callout.o)
                              /home/pchizek/dev/press-reg/bin/targets/blinky/app/kernel/os/kernel_os.a(os.o) (g_callout_list)
/home/pchizek/dev/press-reg/bin/targets/blinky/app/kernel/os/kernel_os.a(os_dev.o)
                              /home/pchizek/dev/press-reg/bin/targets/blinky/app/kernel/os/kernel_os.a(os.o) (os_dev_initialize_all)
/home/pchizek/dev/press-reg/bin/targets/blinky/app/kernel/os/kernel_os.a(os_eventq.o)
                              /home/pchizek/dev/press-reg/bin/targets/blinky/app/kernel/os/kernel_os.a(os.o) (os_eventq_init)
/home/pchizek/dev/press-reg/bin/targets/blinky/app/kernel/os/kernel_os.a(os_msys_init.o)
                              /home/pchizek/dev/press-reg/bin/targets/blinky/app/kernel/os/kernel_os.a(os.o) (os_msys_init)
[...]
Memory Configuration

Name             Origin             Length             Attributes
FLASH            0x000000000000c000 0x0000000000018000 xr
RAM              0x0000000020000000 0x0000000000008000 xrw
*default*        0x0000000000000000 0xffffffffffffffff

Linker script and memory map

START GROUP
LOAD /home/pchizek/dev/press-reg/bin/targets/blinky/app/apps/blinky/apps_blinky.a
LOAD /home/pchizek/dev/press-reg/bin/targets/blinky/app/hw/bsp/arduino_zero/hw_bsp_arduino_zero.a
LOAD /home/pchizek/dev/press-reg/bin/targets/blinky/app/hw/cmsis-core/hw_cmsis-core.a
LOAD /home/pchizek/dev/press-reg/bin/targets/blinky/app/hw/drivers/uart/hw_drivers_uart.a
LOAD /home/pchizek/dev/press-reg/bin/targets/blinky/app/hw/drivers/uart/uart_hal/hw_drivers_uart_uart_hal.a
LOAD /home/pchizek/dev/press-reg/bin/targets/blinky/app/hw/hal/hw_hal.a
LOAD /home/pchizek/dev/press-reg/bin/targets/blinky/app/hw/mcu/atmel/samd21xx/hw_mcu_atmel_samd21xx.a
LOAD /home/pchizek/dev/press-reg/bin/targets/blinky/app/kernel/os/kernel_os.a
LOAD /home/pchizek/dev/press-reg/bin/targets/blinky/app/libc/baselibc/libc_baselibc.a
LOAD /home/pchizek/dev/press-reg/bin/targets/blinky/app/sys/console/full/sys_console_full.a
LOAD /home/pchizek/dev/press-reg/bin/targets/blinky/app/sys/flash_map/sys_flash_map.a
LOAD /home/pchizek/dev/press-reg/bin/targets/blinky/app/sys/mfg/sys_mfg.a
LOAD /home/pchizek/dev/press-reg/bin/targets/blinky/app/sys/sysinit/sys_sysinit.a
LOAD /home/pchizek/dev/press-reg/bin/targets/blinky/app/util/mem/util_mem.a
LOAD /home/pchizek/dev/press-reg/bin/targets/blinky/generated/bin/blinky-sysinit-app.a
END GROUP
LOAD /usr/lib/gcc/arm-none-eabi/7.1.0/thumb/v6-m/libgcc.a
START GROUP
LOAD /usr/lib/gcc/arm-none-eabi/7.1.0/thumb/v6-m/libgcc.a
LOAD /usr/lib/gcc/arm-none-eabi/7.1.0/../../../../arm-none-eabi/lib/thumb/v6-m/libg.a
LOAD /usr/lib/gcc/arm-none-eabi/7.1.0/../../../../arm-none-eabi/lib/thumb/v6-m/libc.a
END GROUP
START GROUP
LOAD /usr/lib/gcc/arm-none-eabi/7.1.0/thumb/v6-m/libgcc.a
LOAD /usr/lib/gcc/arm-none-eabi/7.1.0/../../../../arm-none-eabi/lib/thumb/v6-m/libc.a
LOAD /usr/lib/gcc/arm-none-eabi/7.1.0/../../../../arm-none-eabi/lib/thumb/v6-m/libnosys.a
END GROUP
                0x0000000000000020                _imghdr_size = 0x20
                0x0000000000000200                _Min_Heap_Size = 0x200
                0x0000000000000200                _Min_Stack_Size = 0x200
                0x0000000000000400                STACK_SIZE = DEFINED (STACK_SIZE)?STACK_SIZE:DEFINED (__stack_size__)?__stack_size__:0x400

.imghdr         0x000000000000c000       0x20
                0x000000000000c020                . = (. + _imghdr_size)
 *fill*         0x000000000000c000       0x20 

.text           0x000000000000c020     0x4a00
                0x000000000000c020                . = ALIGN (0x4)
                0x000000000000c020                _sfixed = .
                0x000000000000c020                __isr_vector_start = .
 *(.vectors .vectors.*)
 .vectors       0x000000000000c020       0xb4 /home/pchizek/dev/press-reg/bin/targets/blinky/app/hw/mcu/atmel/samd21xx/hw_mcu_atmel_samd21xx.a(startup_samd21.o)
                0x000000000000c020                __isr_vector
                0x000000000000c0d4                __isr_vector_end = .
 *(.text .text.* .gnu.linkonce.t.*)
 .text.Dummy_Handler
                0x000000000000c0d4        0x2 /home/pchizek/dev/press-reg/bin/targets/blinky/app/hw/mcu/atmel/samd21xx/hw_mcu_atmel_samd21xx.a(startup_samd21.o)
                0x000000000000c0d4                DMAC_Handler
                0x000000000000c0d4                HardFault_Handler
                0x000000000000c0d4                AC_Handler
                0x000000000000c0d4                NMI_Handler
                0x000000000000c0d4                ADC_Handler
                0x000000000000c0d4                TCC1_Handler
                0x000000000000c0d4                TCC0_Handler
                0x000000000000c0d4                RTC_Handler
                0x000000000000c0d4                Unhandled_Handler
                0x000000000000c0d4                WDT_Handler
                0x000000000000c0d4                TC4_Handler
                0x000000000000c0d4                USB_Handler
                0x000000000000c0d4                TC3_Handler
                0x000000000000c0d4                Dummy_Handler
                0x000000000000c0d4                PM_Handler
                0x000000000000c0d4                TCC2_Handler
                0x000000000000c0d4                EVSYS_Handler
                0x000000000000c0d4                I2S_Handler
                0x000000000000c0d4                NVMCTRL_Handler
                0x000000000000c0d4                DAC_Handler
                0x000000000000c0d4                PTC_Handler
                0x000000000000c0d4                TC5_Handler
                0x000000000000c0d4                SYSCTRL_Handler
 *fill*         0x000000000000c0d6        0x2 
 .text.Reset_Handler
                0x000000000000c0d8       0xa4 /home/pchizek/dev/press-reg/bin/targets/blinky/app/hw/mcu/atmel/samd21xx/hw_mcu_atmel_samd21xx.a(startup_samd21.o)
                0x000000000000c0d8                Reset_Handler
 .text.SystemInit
                0x000000000000c17c       0x24 /home/pchizek/dev/press-reg/bin/targets/blinky/app/hw/mcu/atmel/samd21xx/hw_mcu_atmel_samd21xx.a(system_samd21.o)
                0x000000000000c17c                SystemInit
 .text.system_gclk_is_syncing
                0x000000000000c1a0        0xc /home/pchizek/dev/press-reg/bin/targets/blinky/app/hw/mcu/atmel/samd21xx/hw_mcu_atmel_samd21xx.a(gclk.o)
 .text.system_gclk_init
                0x000000000000c1ac       0x20 /home/pchizek/dev/press-reg/bin/targets/blinky/app/hw/mcu/atmel/samd21xx/hw_mcu_atmel_samd21xx.a(gclk.o)
                0x000000000000c1ac                system_gclk_init
 .text.system_gclk_gen_set_config
                0x000000000000c1cc       0x9c /home/pchizek/dev/press-reg/bin/targets/blinky/app/hw/mcu/atmel/samd21xx/hw_mcu_atmel_samd21xx.a(gclk.o)
                0x000000000000c1cc                system_gclk_gen_set_config
 .text.system_gclk_gen_enable
                0x000000000000c268       0x38 /home/pchizek/dev/press-reg/bin/targets/blinky/app/hw/mcu/atmel/samd21xx/hw_mcu_atmel_samd21xx.a(gclk.o)
                0x000000000000c268                system_gclk_gen_enable
 .text.system_gclk_gen_get_hz
                0x000000000000c2a0       0x70 /home/pchizek/dev/press-reg/bin/targets/blinky/app/hw/mcu/atmel/samd21xx/hw_mcu_atmel_samd21xx.a(gclk.o)
                0x000000000000c2a0                system_gclk_gen_get_hz
 .text.system_gclk_chan_enable
                0x000000000000c310       0x28 /home/pchizek/dev/press-reg/bin/targets/blinky/app/hw/mcu/atmel/samd21xx/hw_mcu_atmel_samd21xx.a(gclk.o)
                0x000000000000c310                system_gclk_chan_enable
 .text.system_gclk_chan_disable
                0x000000000000c338       0x50 /home/pchizek/dev/press-reg/bin/targets/blinky/app/hw/mcu/atmel/samd21xx/hw_mcu_atmel_samd21xx.a(gclk.o)
                0x000000000000c338                system_gclk_chan_disable
 .text.system_gclk_chan_set_config
                0x000000000000c388       0x18 /home/pchizek/dev/press-reg/bin/targets/blinky/app/hw/mcu/atmel/samd21xx/hw_mcu_atmel_samd21xx.a(gclk.o)
                0x000000000000c388                system_gclk_chan_set_config
 .text.system_gclk_chan_lock
                0x000000000000c3a0       0x28 /home/pchizek/dev/press-reg/bin/targets/blinky/app/hw/mcu/atmel/samd21xx/hw_mcu_atmel_samd21xx.a(gclk.o)
                0x000000000000c3a0                system_gclk_chan_lock
 .text.system_gclk_chan_get_hz
                0x000000000000c3c8       0x28 /home/pchizek/dev/press-reg/bin/targets/blinky/app/hw/mcu/atmel/samd21xx/hw_mcu_atmel_samd21xx.a(gclk.o)
                0x000000000000c3c8                system_gclk_chan_get_hz
 .text.system_init
                0x000000000000c3f0        0xc /home/pchizek/dev/press-reg/bin/targets/blinky/app/hw/mcu/atmel/samd21xx/hw_mcu_atmel_samd21xx.a(system.o)
                0x000000000000c3f0                system_init
 .text.cpu_irq_enter_critical
                0x000000000000c3fc       0x34 /home/pchizek/dev/press-reg/bin/targets/blinky/app/hw/mcu/atmel/samd21xx/hw_mcu_atmel_samd21xx.a(interrupt_sam_nvic.o)
                0x000000000000c3fc                cpu_irq_enter_critical
 .text.cpu_irq_leave_critical
                0x000000000000c430       0x30 /home/pchizek/dev/press-reg/bin/targets/blinky/app/hw/mcu/atmel/samd21xx/hw_mcu_atmel_samd21xx.a(interrupt_sam_nvic.o)
                0x000000000000c430                cpu_irq_leave_critical
 .text._system_dfll_wait_for_sync
                0x000000000000c460       0x10 /home/pchizek/dev/press-reg/bin/targets/blinky/app/hw/mcu/atmel/samd21xx/hw_mcu_atmel_samd21xx.a(clock.o)
 .text.system_clock_source_get_hz
                0x000000000000c470       0x84 /home/pchizek/dev/press-reg/bin/targets/blinky/app/hw/mcu/atmel/samd21xx/hw_mcu_atmel_samd21xx.a(clock.o)
                0x000000000000c470                system_clock_source_get_hz
 .text.system_clock_source_osc8m_set_config
                0x000000000000c4f4       0x3c /home/pchizek/dev/press-reg/bin/targets/blinky/app/hw/mcu/atmel/samd21xx/hw_mcu_atmel_samd21xx.a(clock.o)
                0x000000000000c4f4                system_clock_source_osc8m_set_config
 .text.system_clock_source_enable
                0x000000000000c530       0x8c /home/pchizek/dev/press-reg/bin/targets/blinky/app/hw/mcu/atmel/samd21xx/hw_mcu_atmel_samd21xx.a(clock.o)
                0x000000000000c530                system_clock_source_enable
 .text.system_clock_init
                0x000000000000c5bc       0x78 /home/pchizek/dev/press-reg/bin/targets/blinky/app/hw/mcu/atmel/samd21xx/hw_mcu_atmel_samd21xx.a(clock.o)
                0x000000000000c5bc                system_clock_init
 .text._start   0x000000000000c634       0x14 /home/pchizek/dev/press-reg/bin/targets/blinky/app/libc/baselibc/libc_baselibc.a(start.o)
                0x000000000000c634                _start
 .text.__libc_init_array
                0x000000000000c648        0x2 /home/pchizek/dev/press-reg/bin/targets/blinky/app/libc/baselibc/libc_baselibc.a(start.o)
                0x000000000000c648                __libc_init_array
 *fill*         0x000000000000c64a        0x2 
 .text.startup.main
                0x000000000000c64c       0x3c /home/pchizek/dev/press-reg/bin/targets/blinky/app/apps/blinky/apps_blinky.a(main.o)
                0x000000000000c64c                main
 .text.NVIC_Relocate
                0x000000000000c688       0x28 /home/pchizek/dev/press-reg/bin/targets/blinky/app/hw/cmsis-core/hw_cmsis-core.a(cmsis_nvic.o)
                0x000000000000c688                NVIC_Relocate
 .text.NVIC_SetVector
                0x000000000000c6b0       0x14 /home/pchizek/dev/press-reg/bin/targets/blinky/app/hw/cmsis-core/hw_cmsis-core.a(cmsis_nvic.o)
                0x000000000000c6b0                NVIC_SetVector
 .text.hal_gpio_read
                0x000000000000c6c4       0x70 /home/pchizek/dev/press-reg/bin/targets/blinky/app/hw/mcu/atmel/samd21xx/hw_mcu_atmel_samd21xx.a(hal_gpio.o)
                0x000000000000c6c4                hal_gpio_read
 .text.hal_gpio_write
                0x000000000000c734       0x44 /home/pchizek/dev/press-reg/bin/targets/blinky/app/hw/mcu/atmel/samd21xx/hw_mcu_atmel_samd21xx.a(hal_gpio.o)
                0x000000000000c734                hal_gpio_write
 .text.hal_gpio_init_out
                0x000000000000c778       0x5c /home/pchizek/dev/press-reg/bin/targets/blinky/app/hw/mcu/atmel/samd21xx/hw_mcu_atmel_samd21xx.a(hal_gpio.o)
                0x000000000000c778                hal_gpio_init_out
 .text.hal_gpio_toggle
                0x000000000000c7d4       0x1a /home/pchizek/dev/press-reg/bin/targets/blinky/app/hw/mcu/atmel/samd21xx/hw_mcu_atmel_samd21xx.a(hal_gpio.o)
                0x000000000000c7d4                hal_gpio_toggle
 *fill*         0x000000000000c7ee        0x2 
 .text.extint_is_syncing
                0x000000000000c7f0        0xc /home/pchizek/dev/press-reg/bin/targets/blinky/app/hw/mcu/atmel/samd21xx/hw_mcu_atmel_samd21xx.a(extint.o)
 .text._extint_enable
                0x000000000000c7fc       0x1c /home/pchizek/dev/press-reg/bin/targets/blinky/app/hw/mcu/atmel/samd21xx/hw_mcu_atmel_samd21xx.a(extint.o)
 .text._system_extint_init
                0x000000000000c818       0x58 /home/pchizek/dev/press-reg/bin/targets/blinky/app/hw/mcu/atmel/samd21xx/hw_mcu_atmel_samd21xx.a(extint.o)
                0x000000000000c818                _system_extint_init
 .text.port_pin_set_config
                0x000000000000c870       0x1c /home/pchizek/dev/press-reg/bin/targets/blinky/app/hw/mcu/atmel/samd21xx/hw_mcu_atmel_samd21xx.a(port.o)
                0x000000000000c870                port_pin_set_config
 .text._system_pinmux_config
                0x000000000000c88c       0x84 /home/pchizek/dev/press-reg/bin/targets/blinky/app/hw/mcu/atmel/samd21xx/hw_mcu_atmel_samd21xx.a(pinmux.o)
 .text.system_pinmux_pin_set_config
                0x000000000000c910       0x28 /home/pchizek/dev/press-reg/bin/targets/blinky/app/hw/mcu/atmel/samd21xx/hw_mcu_atmel_samd21xx.a(pinmux.o)
                0x000000000000c910                system_pinmux_pin_set_config
 .text.__assert_func
                0x000000000000c938       0x34 /home/pchizek/dev/press-reg/bin/targets/blinky/app/kernel/os/kernel_os.a(os_fault.o)
                0x000000000000c938                __assert_func
 .text.os_default_irq
                0x000000000000c96c       0x84 /home/pchizek/dev/press-reg/bin/targets/blinky/app/kernel/os/kernel_os.a(os_fault.o)
                0x000000000000c96c                os_default_irq
 .text.os_idle_task
                0x000000000000c9f0       0x80 /home/pchizek/dev/press-reg/bin/targets/blinky/app/kernel/os/kernel_os.a(os.o)
                0x000000000000c9f0                os_idle_task
 .text.os_main  0x000000000000ca70       0x16 /home/pchizek/dev/press-reg/bin/targets/blinky/app/kernel/os/kernel_os.a(os.o)
 *fill*         0x000000000000ca86        0x2 
 .text.os_started
                0x000000000000ca88        0xc /home/pchizek/dev/press-reg/bin/targets/blinky/app/kernel/os/kernel_os.a(os.o)
                0x000000000000ca88                os_started
 .text.os_init_idle_task
                0x000000000000ca94       0x5c /home/pchizek/dev/press-reg/bin/targets/blinky/app/kernel/os/kernel_os.a(os.o)
                0x000000000000ca94                os_init_idle_task
 .text.os_init  0x000000000000caf0       0x94 /home/pchizek/dev/press-reg/bin/targets/blinky/app/kernel/os/kernel_os.a(os.o)
                0x000000000000caf0                os_init
 .text.os_start
                0x000000000000cb84       0x1c /home/pchizek/dev/press-reg/bin/targets/blinky/app/kernel/os/kernel_os.a(os.o)
                0x000000000000cb84                os_start
 .text.os_pkg_init
                0x000000000000cba0       0x2c /home/pchizek/dev/press-reg/bin/targets/blinky/app/kernel/os/kernel_os.a(os.o)
                0x000000000000cba0                os_pkg_init
 .text.os_callout_tick
                0x000000000000cbcc       0x58 /home/pchizek/dev/press-reg/bin/targets/blinky/app/kernel/os/kernel_os.a(os_callout.o)
                0x000000000000cbcc                os_callout_tick
 .text.os_callout_wakeup_ticks
                0x000000000000cc24       0x34 /home/pchizek/dev/press-reg/bin/targets/blinky/app/kernel/os/kernel_os.a(os_callout.o)
                0x000000000000cc24                os_callout_wakeup_ticks
 .text.os_dev_initialize
                0x000000000000cc58       0x20 /home/pchizek/dev/press-reg/bin/targets/blinky/app/kernel/os/kernel_os.a(os_dev.o)
 .text.os_dev_create
                0x000000000000cc78       0x7c /home/pchizek/dev/press-reg/bin/targets/blinky/app/kernel/os/kernel_os.a(os_dev.o)
                0x000000000000cc78                os_dev_create
 .text.os_dev_initialize_all
                0x000000000000ccf4       0x2c /home/pchizek/dev/press-reg/bin/targets/blinky/app/kernel/os/kernel_os.a(os_dev.o)
                0x000000000000ccf4                os_dev_initialize_all
 .text.os_dev_lookup
                0x000000000000cd20       0x24 /home/pchizek/dev/press-reg/bin/targets/blinky/app/kernel/os/kernel_os.a(os_dev.o)
                0x000000000000cd20                os_dev_lookup
 .text.os_dev_open
                0x000000000000cd44       0x44 /home/pchizek/dev/press-reg/bin/targets/blinky/app/kernel/os/kernel_os.a(os_dev.o)
                0x000000000000cd44                os_dev_open
 .text.os_dev_reset
                0x000000000000cd88       0x10 /home/pchizek/dev/press-reg/bin/targets/blinky/app/kernel/os/kernel_os.a(os_dev.o)
                0x000000000000cd88                os_dev_reset
 .text.os_eventq_init
                0x000000000000cd98       0x18 /home/pchizek/dev/press-reg/bin/targets/blinky/app/kernel/os/kernel_os.a(os_eventq.o)
                0x000000000000cd98                os_eventq_init
 .text.os_eventq_put
                0x000000000000cdb0       0x52 /home/pchizek/dev/press-reg/bin/targets/blinky/app/kernel/os/kernel_os.a(os_eventq.o)
                0x000000000000cdb0                os_eventq_put
 .text.os_eventq_get_no_wait
                0x000000000000ce02       0x1c /home/pchizek/dev/press-reg/bin/targets/blinky/app/kernel/os/kernel_os.a(os_eventq.o)
                0x000000000000ce02                os_eventq_get_no_wait
 *fill*         0x000000000000ce1e        0x2 
 .text.os_eventq_dflt_get
                0x000000000000ce20        0x8 /home/pchizek/dev/press-reg/bin/targets/blinky/app/kernel/os/kernel_os.a(os_eventq.o)
                0x000000000000ce20                os_eventq_dflt_get
 .text.os_msys_init
                0x000000000000ce28       0x64 /home/pchizek/dev/press-reg/bin/targets/blinky/app/kernel/os/kernel_os.a(os_msys_init.o)
                0x000000000000ce28                os_msys_init
 .text.os_sanity_check_list_lock
                0x000000000000ce8c       0x20 /home/pchizek/dev/press-reg/bin/targets/blinky/app/kernel/os/kernel_os.a(os_sanity.o)
 .text.os_sanity_check_list_unlock
                0x000000000000ceac       0x1c /home/pchizek/dev/press-reg/bin/targets/blinky/app/kernel/os/kernel_os.a(os_sanity.o)
 .text.os_sanity_check_init
                0x000000000000cec8        0xe /home/pchizek/dev/press-reg/bin/targets/blinky/app/kernel/os/kernel_os.a(os_sanity.o)
                0x000000000000cec8                os_sanity_check_init
 *fill*         0x000000000000ced6        0x2 
 .text.os_sanity_check_register
                0x000000000000ced8       0x20 /home/pchizek/dev/press-reg/bin/targets/blinky/app/kernel/os/kernel_os.a(os_sanity.o)
                0x000000000000ced8                os_sanity_check_register
 .text.os_sanity_run
                0x000000000000cef8       0x58 /home/pchizek/dev/press-reg/bin/targets/blinky/app/kernel/os/kernel_os.a(os_sanity.o)
                0x000000000000cef8                os_sanity_run
 .text.os_sanity_init
                0x000000000000cf50       0x10 /home/pchizek/dev/press-reg/bin/targets/blinky/app/kernel/os/kernel_os.a(os_sanity.o)
                0x000000000000cf50                os_sanity_init
 .text.os_sched_insert
                0x000000000000cf60       0x4c /home/pchizek/dev/press-reg/bin/targets/blinky/app/kernel/os/kernel_os.a(os_sched.o)
                0x000000000000cf60                os_sched_insert
 .text.os_sched_ctx_sw_hook
                0x000000000000cfac       0x2c /home/pchizek/dev/press-reg/bin/targets/blinky/app/kernel/os/kernel_os.a(os_sched.o)
                0x000000000000cfac                os_sched_ctx_sw_hook
 .text.os_sched_get_current_task
                0x000000000000cfd8        0xc /home/pchizek/dev/press-reg/bin/targets/blinky/app/kernel/os/kernel_os.a(os_sched.o)
                0x000000000000cfd8                os_sched_get_current_task
 .text.os_sched_set_current_task
                0x000000000000cfe4        0xc /home/pchizek/dev/press-reg/bin/targets/blinky/app/kernel/os/kernel_os.a(os_sched.o)
                0x000000000000cfe4                os_sched_set_current_task
 .text.os_sched
                0x000000000000cff0       0x24 /home/pchizek/dev/press-reg/bin/targets/blinky/app/kernel/os/kernel_os.a(os_sched.o)
                0x000000000000cff0                os_sched
 .text.os_sched_sleep
                0x000000000000d014       0x78 /home/pchizek/dev/press-reg/bin/targets/blinky/app/kernel/os/kernel_os.a(os_sched.o)
                0x000000000000d014                os_sched_sleep
 .text.os_sched_wakeup
                0x000000000000d08c       0x68 /home/pchizek/dev/press-reg/bin/targets/blinky/app/kernel/os/kernel_os.a(os_sched.o)
                0x000000000000d08c                os_sched_wakeup
 .text.os_sched_os_timer_exp
                0x000000000000d0f4       0x3c /home/pchizek/dev/press-reg/bin/targets/blinky/app/kernel/os/kernel_os.a(os_sched.o)
                0x000000000000d0f4                os_sched_os_timer_exp
 .text.os_sched_wakeup_ticks
                0x000000000000d130       0x3c /home/pchizek/dev/press-reg/bin/targets/blinky/app/kernel/os/kernel_os.a(os_sched.o)
                0x000000000000d130                os_sched_wakeup_ticks
 .text.os_sched_next_task
                0x000000000000d16c        0xc /home/pchizek/dev/press-reg/bin/targets/blinky/app/kernel/os/kernel_os.a(os_sched.o)
                0x000000000000d16c                os_sched_next_task
 .text.os_sched_resort
                0x000000000000d178       0x28 /home/pchizek/dev/press-reg/bin/targets/blinky/app/kernel/os/kernel_os.a(os_sched.o)
                0x000000000000d178                os_sched_resort
 .text.os_task_init
                0x000000000000d1a0       0xd0 /home/pchizek/dev/press-reg/bin/targets/blinky/app/kernel/os/kernel_os.a(os_task.o)
                0x000000000000d1a0                os_task_init
 .text.os_deltatime
                0x000000000000d270       0x58 /home/pchizek/dev/press-reg/bin/targets/blinky/app/kernel/os/kernel_os.a(os_time.o)
 .text.os_time_get
                0x000000000000d2c8        0xc /home/pchizek/dev/press-reg/bin/targets/blinky/app/kernel/os/kernel_os.a(os_time.o)
                0x000000000000d2c8                os_time_get
 .text.os_time_advance
                0x000000000000d2d4       0x78 /home/pchizek/dev/press-reg/bin/targets/blinky/app/kernel/os/kernel_os.a(os_time.o)
                0x000000000000d2d4                os_time_advance
 .text.os_time_delay
                0x000000000000d34c       0x24 /home/pchizek/dev/press-reg/bin/targets/blinky/app/kernel/os/kernel_os.a(os_time.o)
                0x000000000000d34c                os_time_delay
 .text.timer_handler
                0x000000000000d370        0xa /home/pchizek/dev/press-reg/bin/targets/blinky/app/kernel/os/kernel_os.a(os_arch_arm.o)
                0x000000000000d370                timer_handler
 *fill*         0x000000000000d37a        0x2 
 .text.os_arch_ctx_sw
                0x000000000000d37c       0x14 /home/pchizek/dev/press-reg/bin/targets/blinky/app/kernel/os/kernel_os.a(os_arch_arm.o)
                0x000000000000d37c                os_arch_ctx_sw
 .text.os_arch_save_sr
                0x000000000000d390        0xc /home/pchizek/dev/press-reg/bin/targets/blinky/app/kernel/os/kernel_os.a(os_arch_arm.o)
                0x000000000000d390                os_arch_save_sr
 .text.os_arch_restore_sr
                0x000000000000d39c        0x8 /home/pchizek/dev/press-reg/bin/targets/blinky/app/kernel/os/kernel_os.a(os_arch_arm.o)
                0x000000000000d39c                os_arch_restore_sr
 .text.os_arch_in_critical
                0x000000000000d3a4        0xa /home/pchizek/dev/press-reg/bin/targets/blinky/app/kernel/os/kernel_os.a(os_arch_arm.o)
                0x000000000000d3a4                os_arch_in_critical
 .text.os_arch_task_stack_init
                0x000000000000d3ae       0x32 /home/pchizek/dev/press-reg/bin/targets/blinky/app/kernel/os/kernel_os.a(os_arch_arm.o)
                0x000000000000d3ae                os_arch_task_stack_init
 .text.os_arch_init
                0x000000000000d3e0        0x8 /home/pchizek/dev/press-reg/bin/targets/blinky/app/kernel/os/kernel_os.a(os_arch_arm.o)
                0x000000000000d3e0                os_arch_init
 .text.os_arch_os_init
                0x000000000000d3e8       0xc4 /home/pchizek/dev/press-reg/bin/targets/blinky/app/kernel/os/kernel_os.a(os_arch_arm.o)
                0x000000000000d3e8                os_arch_os_init
 .text.os_arch_start
                0x000000000000d4ac       0x38 /home/pchizek/dev/press-reg/bin/targets/blinky/app/kernel/os/kernel_os.a(os_arch_arm.o)
                0x000000000000d4ac                os_arch_start
 .text.os_arch_os_start
                0x000000000000d4e4       0x58 /home/pchizek/dev/press-reg/bin/targets/blinky/app/kernel/os/kernel_os.a(os_arch_arm.o)
                0x000000000000d4e4                os_arch_os_start
 .text.os_msys_register
                0x000000000000d53c       0x3c /home/pchizek/dev/press-reg/bin/targets/blinky/app/kernel/os/kernel_os.a(os_mbuf.o)
                0x000000000000d53c                os_msys_register
 .text.os_msys_reset
                0x000000000000d578       0x10 /home/pchizek/dev/press-reg/bin/targets/blinky/app/kernel/os/kernel_os.a(os_mbuf.o)
                0x000000000000d578                os_msys_reset
 .text.os_mbuf_pool_init
                0x000000000000d588        0xc /home/pchizek/dev/press-reg/bin/targets/blinky/app/kernel/os/kernel_os.a(os_mbuf.o)
                0x000000000000d588                os_mbuf_pool_init
 .text.os_mempool_init
                0x000000000000d594       0x68 /home/pchizek/dev/press-reg/bin/targets/blinky/app/kernel/os/kernel_os.a(os_mempool.o)
                0x000000000000d594                os_mempool_init
 .text.os_mutex_init
                0x000000000000d5fc       0x14 /home/pchizek/dev/press-reg/bin/targets/blinky/app/kernel/os/kernel_os.a(os_mutex.o)
                0x000000000000d5fc                os_mutex_init
 .text.os_mutex_release
                0x000000000000d610       0xbc /home/pchizek/dev/press-reg/bin/targets/blinky/app/kernel/os/kernel_os.a(os_mutex.o)
                0x000000000000d610                os_mutex_release
 .text.os_mutex_pend
                0x000000000000d6cc       0xe0 /home/pchizek/dev/press-reg/bin/targets/blinky/app/kernel/os/kernel_os.a(os_mutex.o)
                0x000000000000d6cc                os_mutex_pend
 .text          0x000000000000d7ac      0x104 /home/pchizek/dev/press-reg/bin/targets/blinky/app/kernel/os/kernel_os.a(HAL_CM0.o)
                0x000000000000d7ac                os_set_env
                0x000000000000d7c0                os_arch_init_task_stack
                0x000000000000d7d2                SVC_Handler
                0x000000000000d812                PendSV_Handler
                0x000000000000d850                SysTick_Handler
                0x000000000000d858                __aeabi_ldiv0
                0x000000000000d858                __aeabi_idiv0
                0x000000000000d862                os_default_irq_asm
 .text.memset   0x000000000000d8b0       0x10 /home/pchizek/dev/press-reg/bin/targets/blinky/app/libc/baselibc/libc_baselibc.a(memset.o)
                0x000000000000d8b0                memset
 .text.strcmp   0x000000000000d8c0       0x16 /home/pchizek/dev/press-reg/bin/targets/blinky/app/libc/baselibc/libc_baselibc.a(strcmp.o)
                0x000000000000d8c0                strcmp
 .text.cursor_save
                0x000000000000d8d6       0x16 /home/pchizek/dev/press-reg/bin/targets/blinky/app/sys/console/full/sys_console_full.a(console.o)
 .text.cursor_restore
                0x000000000000d8ec       0x16 /home/pchizek/dev/press-reg/bin/targets/blinky/app/sys/console/full/sys_console_full.a(console.o)
 *fill*         0x000000000000d902        0x2 
 .text.console_append_char
                0x000000000000d904       0x40 /home/pchizek/dev/press-reg/bin/targets/blinky/app/sys/console/full/sys_console_full.a(console.o)
 .text.del_char
                0x000000000000d944       0x40 /home/pchizek/dev/press-reg/bin/targets/blinky/app/sys/console/full/sys_console_full.a(console.o)
 .text.insert_char
                0x000000000000d984       0x60 /home/pchizek/dev/press-reg/bin/targets/blinky/app/sys/console/full/sys_console_full.a(console.o)
 .text.handle_ansi
                0x000000000000d9e4      0x140 /home/pchizek/dev/press-reg/bin/targets/blinky/app/sys/console/full/sys_console_full.a(console.o)
 .text.console_write
                0x000000000000db24       0x1c /home/pchizek/dev/press-reg/bin/targets/blinky/app/sys/console/full/sys_console_full.a(console.o)
                0x000000000000db24                console_write
 .text.console_blocking_mode
                0x000000000000db40        0x8 /home/pchizek/dev/press-reg/bin/targets/blinky/app/sys/console/full/sys_console_full.a(console.o)
                0x000000000000db40                console_blocking_mode
 .text.console_handle_char
                0x000000000000db48      0x264 /home/pchizek/dev/press-reg/bin/targets/blinky/app/sys/console/full/sys_console_full.a(console.o)
                0x000000000000db48                console_handle_char
 .text.console_pkg_init
                0x000000000000ddac       0x38 /home/pchizek/dev/press-reg/bin/targets/blinky/app/sys/console/full/sys_console_full.a(console.o)
                0x000000000000ddac                console_pkg_init
 .text.console_printf
                0x000000000000dde4       0x40 /home/pchizek/dev/press-reg/bin/targets/blinky/app/sys/console/full/sys_console_full.a(console_fmt.o)
                0x000000000000dde4                console_printf
 .text.console_get_ticks
                0x000000000000de24        0xc /home/pchizek/dev/press-reg/bin/targets/blinky/app/sys/console/full/sys_console_full.a(ticks.o)
                0x000000000000de24                console_get_ticks
 .text.uart_blocking_tx
                0x000000000000de30        0x8 /home/pchizek/dev/press-reg/bin/targets/blinky/app/sys/console/full/sys_console_full.a(uart_console.o)
 .text.console_rx_char
                0x000000000000de38        0xa /home/pchizek/dev/press-reg/bin/targets/blinky/app/sys/console/full/sys_console_full.a(uart_console.o)
 *fill*         0x000000000000de42        0x2 
 .text.console_tx_char
                0x000000000000de44       0x24 /home/pchizek/dev/press-reg/bin/targets/blinky/app/sys/console/full/sys_console_full.a(uart_console.o)
 .text.console_queue_char
                0x000000000000de68       0x58 /home/pchizek/dev/press-reg/bin/targets/blinky/app/sys/console/full/sys_console_full.a(uart_console.o)
 .text.uart_console_blocking_mode
                0x000000000000dec0       0x54 /home/pchizek/dev/press-reg/bin/targets/blinky/app/sys/console/full/sys_console_full.a(uart_console.o)
                0x000000000000dec0                uart_console_blocking_mode
 .text.uart_console_non_blocking_mode
                0x000000000000df14       0x20 /home/pchizek/dev/press-reg/bin/targets/blinky/app/sys/console/full/sys_console_full.a(uart_console.o)
                0x000000000000df14                uart_console_non_blocking_mode
 .text.console_out
                0x000000000000df34       0x3c /home/pchizek/dev/press-reg/bin/targets/blinky/app/sys/console/full/sys_console_full.a(uart_console.o)
                0x000000000000df34                console_out
 .text.uart_console_init
                0x000000000000df70       0x78 /home/pchizek/dev/press-reg/bin/targets/blinky/app/sys/console/full/sys_console_full.a(uart_console.o)
                0x000000000000df70                uart_console_init
 .text.sysinit_dflt_panic_cb
                0x000000000000dfe8        0x6 /home/pchizek/dev/press-reg/bin/targets/blinky/app/sys/sysinit/sys_sysinit.a(sysinit.o)
 *fill*         0x000000000000dfee        0x2 
 .text.sysinit_start
                0x000000000000dff0        0xc /home/pchizek/dev/press-reg/bin/targets/blinky/app/sys/sysinit/sys_sysinit.a(sysinit.o)
                0x000000000000dff0                sysinit_start
 .text.sysinit_end
                0x000000000000dffc        0xc /home/pchizek/dev/press-reg/bin/targets/blinky/app/sys/sysinit/sys_sysinit.a(sysinit.o)
                0x000000000000dffc                sysinit_end
 .text.mem_init_mbuf_pool
                0x000000000000e008       0x2c /home/pchizek/dev/press-reg/bin/targets/blinky/app/util/mem/util_mem.a(mem.o)
                0x000000000000e008                mem_init_mbuf_pool
 .text.sysinit_app
                0x000000000000e034       0x14 /home/pchizek/dev/press-reg/bin/targets/blinky/generated/bin/blinky-sysinit-app.a(blinky-sysinit-app.o)
                0x000000000000e034                sysinit_app
 .text.hal_bsp_flash_dev
                0x000000000000e048       0x10 /home/pchizek/dev/press-reg/bin/targets/blinky/app/hw/bsp/arduino_zero/hw_bsp_arduino_zero.a(hal_bsp.o)
                0x000000000000e048                hal_bsp_flash_dev
 .text.hal_bsp_init
                0x000000000000e058       0x80 /home/pchizek/dev/press-reg/bin/targets/blinky/app/hw/bsp/arduino_zero/hw_bsp_arduino_zero.a(hal_bsp.o)
                0x000000000000e058                hal_bsp_init
 .text.uart_hal_blocking_tx
                0x000000000000e0d8        0xc /home/pchizek/dev/press-reg/bin/targets/blinky/app/hw/drivers/uart/uart_hal/hw_drivers_uart_uart_hal.a(uart_hal.o)
 .text.uart_hal_start_rx
                0x000000000000e0e4        0xc /home/pchizek/dev/press-reg/bin/targets/blinky/app/hw/drivers/uart/uart_hal/hw_drivers_uart_uart_hal.a(uart_hal.o)
 .text.uart_hal_close
                0x000000000000e0f0       0x12 /home/pchizek/dev/press-reg/bin/targets/blinky/app/hw/drivers/uart/uart_hal/hw_drivers_uart_uart_hal.a(uart_hal.o)
 .text.uart_hal_open
                0x000000000000e102       0x40 /home/pchizek/dev/press-reg/bin/targets/blinky/app/hw/drivers/uart/uart_hal/hw_drivers_uart_uart_hal.a(uart_hal.o)
 .text.uart_hal_start_tx
                0x000000000000e142       0x1a /home/pchizek/dev/press-reg/bin/targets/blinky/app/hw/drivers/uart/uart_hal/hw_drivers_uart_uart_hal.a(uart_hal.o)
 .text.uart_hal_init
                0x000000000000e15c       0x70 /home/pchizek/dev/press-reg/bin/targets/blinky/app/hw/drivers/uart/uart_hal/hw_drivers_uart_uart_hal.a(uart_hal.o)
                0x000000000000e15c                uart_hal_init
 .text.samd21_flash_init
                0x000000000000e1cc       0x5c /home/pchizek/dev/press-reg/bin/targets/blinky/app/hw/mcu/atmel/samd21xx/hw_mcu_atmel_samd21xx.a(hal_flash.o)
 .text.samd21_flash_sector_info
                0x000000000000e228       0x30 /home/pchizek/dev/press-reg/bin/targets/blinky/app/hw/mcu/atmel/samd21xx/hw_mcu_atmel_samd21xx.a(hal_flash.o)
 .text.samd21_flash_erase_sector
                0x000000000000e258       0x2c /home/pchizek/dev/press-reg/bin/targets/blinky/app/hw/mcu/atmel/samd21xx/hw_mcu_atmel_samd21xx.a(hal_flash.o)
 .text.samd21_flash_write
                0x000000000000e284       0x8e /home/pchizek/dev/press-reg/bin/targets/blinky/app/hw/mcu/atmel/samd21xx/hw_mcu_atmel_samd21xx.a(hal_flash.o)
 .text.samd21_flash_read
                0x000000000000e312       0x72 /home/pchizek/dev/press-reg/bin/targets/blinky/app/hw/mcu/atmel/samd21xx/hw_mcu_atmel_samd21xx.a(hal_flash.o)
 .text.os_tick_idle
                0x000000000000e384       0x1c /home/pchizek/dev/press-reg/bin/targets/blinky/app/hw/mcu/atmel/samd21xx/hw_mcu_atmel_samd21xx.a(hal_os_tick.o)
                0x000000000000e384                os_tick_idle
 .text.os_tick_init
                0x000000000000e3a0       0x38 /home/pchizek/dev/press-reg/bin/targets/blinky/app/hw/mcu/atmel/samd21xx/hw_mcu_atmel_samd21xx.a(hal_os_tick.o)
                0x000000000000e3a0                os_tick_init
 .text.hal_system_reset
                0x000000000000e3d8       0x28 /home/pchizek/dev/press-reg/bin/targets/blinky/app/hw/mcu/atmel/samd21xx/hw_mcu_atmel_samd21xx.a(hal_system.o)
                0x000000000000e3d8                hal_system_reset
 .text.hal_debugger_connected
                0x000000000000e400       0x10 /home/pchizek/dev/press-reg/bin/targets/blinky/app/hw/mcu/atmel/samd21xx/hw_mcu_atmel_samd21xx.a(hal_system.o)
                0x000000000000e400                hal_debugger_connected
 .text.samd21_timer_set_ocmp
                0x000000000000e410       0x50 /home/pchizek/dev/press-reg/bin/targets/blinky/app/hw/mcu/atmel/samd21xx/hw_mcu_atmel_samd21xx.a(hal_timer.o)
 .text.hal_timer_read_bsptimer
                0x000000000000e460       0x54 /home/pchizek/dev/press-reg/bin/targets/blinky/app/hw/mcu/atmel/samd21xx/hw_mcu_atmel_samd21xx.a(hal_timer.o)
 .text.samd21_timer0_irq_handler
                0x000000000000e4b4       0x80 /home/pchizek/dev/press-reg/bin/targets/blinky/app/hw/mcu/atmel/samd21xx/hw_mcu_atmel_samd21xx.a(hal_timer.o)
                0x000000000000e4b4                samd21_timer0_irq_handler
 .text.hal_timer_init
                0x000000000000e534       0xec /home/pchizek/dev/press-reg/bin/targets/blinky/app/hw/mcu/atmel/samd21xx/hw_mcu_atmel_samd21xx.a(hal_timer.o)
                0x000000000000e534                hal_timer_init
 .text.hal_timer_config
                0x000000000000e620      0x118 /home/pchizek/dev/press-reg/bin/targets/blinky/app/hw/mcu/atmel/samd21xx/hw_mcu_atmel_samd21xx.a(hal_timer.o)
                0x000000000000e620                hal_timer_config
 .text.fill_tx_buf
                0x000000000000e738       0x20 /home/pchizek/dev/press-reg/bin/targets/blinky/app/hw/mcu/atmel/samd21xx/hw_mcu_atmel_samd21xx.a(hal_uart.o)
 .text.usart_callback_rx
                0x000000000000e758       0x28 /home/pchizek/dev/press-reg/bin/targets/blinky/app/hw/mcu/atmel/samd21xx/hw_mcu_atmel_samd21xx.a(hal_uart.o)
 .text.usart_callback_txdone
                0x000000000000e780       0x3c /home/pchizek/dev/press-reg/bin/targets/blinky/app/hw/mcu/atmel/samd21xx/hw_mcu_atmel_samd21xx.a(hal_uart.o)
 .text.hal_uart_init_cbs
                0x000000000000e7bc       0x30 /home/pchizek/dev/press-reg/bin/targets/blinky/app/hw/mcu/atmel/samd21xx/hw_mcu_atmel_samd21xx.a(hal_uart.o)
                0x000000000000e7bc                hal_uart_init_cbs
 .text.hal_uart_start_rx
                0x000000000000e7ec       0x28 /home/pchizek/dev/press-reg/bin/targets/blinky/app/hw/mcu/atmel/samd21xx/hw_mcu_atmel_samd21xx.a(hal_uart.o)
                0x000000000000e7ec                hal_uart_start_rx
 .text.hal_uart_start_tx
                0x000000000000e814       0x4c /home/pchizek/dev/press-reg/bin/targets/blinky/app/hw/mcu/atmel/samd21xx/hw_mcu_atmel_samd21xx.a(hal_uart.o)
                0x000000000000e814                hal_uart_start_tx
 .text.hal_uart_blocking_tx
                0x000000000000e860       0x34 /home/pchizek/dev/press-reg/bin/targets/blinky/app/hw/mcu/atmel/samd21xx/hw_mcu_atmel_samd21xx.a(hal_uart.o)
                0x000000000000e860                hal_uart_blocking_tx
 .text.hal_uart_config
                0x000000000000e894      0x1ac /home/pchizek/dev/press-reg/bin/targets/blinky/app/hw/mcu/atmel/samd21xx/hw_mcu_atmel_samd21xx.a(hal_uart.o)
                0x000000000000e894                hal_uart_config
 .text.hal_uart_close
                0x000000000000ea40       0x44 /home/pchizek/dev/press-reg/bin/targets/blinky/app/hw/mcu/atmel/samd21xx/hw_mcu_atmel_samd21xx.a(hal_uart.o)
                0x000000000000ea40                hal_uart_close
 .text.hal_uart_init
                0x000000000000ea84       0x1c /home/pchizek/dev/press-reg/bin/targets/blinky/app/hw/mcu/atmel/samd21xx/hw_mcu_atmel_samd21xx.a(hal_uart.o)
                0x000000000000ea84                hal_uart_init
 .text.hal_watchdog_init
                0x000000000000eaa0       0x70 /home/pchizek/dev/press-reg/bin/targets/blinky/app/hw/mcu/atmel/samd21xx/hw_mcu_atmel_samd21xx.a(hal_watchdog.o)
                0x000000000000eaa0                hal_watchdog_init
 .text.hal_watchdog_enable
                0x000000000000eb10       0x14 /home/pchizek/dev/press-reg/bin/targets/blinky/app/hw/mcu/atmel/samd21xx/hw_mcu_atmel_samd21xx.a(hal_watchdog.o)
                0x000000000000eb10                hal_watchdog_enable
 .text.hal_watchdog_tickle
                0x000000000000eb24        0x8 /home/pchizek/dev/press-reg/bin/targets/blinky/app/hw/mcu/atmel/samd21xx/hw_mcu_atmel_samd21xx.a(hal_watchdog.o)
                0x000000000000eb24                hal_watchdog_tickle
 .text.nvm_is_ready
                0x000000000000eb2c       0x10 /home/pchizek/dev/press-reg/bin/targets/blinky/app/hw/mcu/atmel/samd21xx/hw_mcu_atmel_samd21xx.a(nvm.o)
 .text.nvm_set_config
                0x000000000000eb3c       0x80 /home/pchizek/dev/press-reg/bin/targets/blinky/app/hw/mcu/atmel/samd21xx/hw_mcu_atmel_samd21xx.a(nvm.o)
                0x000000000000eb3c                nvm_set_config
 .text.nvm_execute_command
                0x000000000000ebbc       0xa4 /home/pchizek/dev/press-reg/bin/targets/blinky/app/hw/mcu/atmel/samd21xx/hw_mcu_atmel_samd21xx.a(nvm.o)
                0x000000000000ebbc                nvm_execute_command
 .text.nvm_write_buffer
                0x000000000000ec60       0x98 /home/pchizek/dev/press-reg/bin/targets/blinky/app/hw/mcu/atmel/samd21xx/hw_mcu_atmel_samd21xx.a(nvm.o)
                0x000000000000ec60                nvm_write_buffer
 .text.nvm_read_buffer
                0x000000000000ecf8       0x68 /home/pchizek/dev/press-reg/bin/targets/blinky/app/hw/mcu/atmel/samd21xx/hw_mcu_atmel_samd21xx.a(nvm.o)
                0x000000000000ecf8                nvm_read_buffer
 .text.nvm_erase_row
                0x000000000000ed60       0x54 /home/pchizek/dev/press-reg/bin/targets/blinky/app/hw/mcu/atmel/samd21xx/hw_mcu_atmel_samd21xx.a(nvm.o)
                0x000000000000ed60                nvm_erase_row
 .text.nvm_get_parameters
                0x000000000000edb4       0x5c /home/pchizek/dev/press-reg/bin/targets/blinky/app/hw/mcu/atmel/samd21xx/hw_mcu_atmel_samd21xx.a(nvm.o)
                0x000000000000edb4                nvm_get_parameters
 .text._sercom_default_handler
                0x000000000000ee10        0x2 /home/pchizek/dev/press-reg/bin/targets/blinky/app/hw/mcu/atmel/samd21xx/hw_mcu_atmel_samd21xx.a(sercom_interrupt.o)
 *fill*         0x000000000000ee12        0x2 
 .text.SERCOM0_Handler
                0x000000000000ee14       0x10 /home/pchizek/dev/press-reg/bin/targets/blinky/app/hw/mcu/atmel/samd21xx/hw_mcu_atmel_samd21xx.a(sercom_interrupt.o)
                0x000000000000ee14                SERCOM0_Handler
 .text.SERCOM1_Handler
                0x000000000000ee24       0x10 /home/pchizek/dev/press-reg/bin/targets/blinky/app/hw/mcu/atmel/samd21xx/hw_mcu_atmel_samd21xx.a(sercom_interrupt.o)
                0x000000000000ee24                SERCOM1_Handler
 .text.SERCOM2_Handler
                0x000000000000ee34       0x10 /home/pchizek/dev/press-reg/bin/targets/blinky/app/hw/mcu/atmel/samd21xx/hw_mcu_atmel_samd21xx.a(sercom_interrupt.o)
                0x000000000000ee34                SERCOM2_Handler
 .text.SERCOM3_Handler
                0x000000000000ee44       0x10 /home/pchizek/dev/press-reg/bin/targets/blinky/app/hw/mcu/atmel/samd21xx/hw_mcu_atmel_samd21xx.a(sercom_interrupt.o)
                0x000000000000ee44                SERCOM3_Handler
 .text.SERCOM4_Handler
                0x000000000000ee54       0x10 /home/pchizek/dev/press-reg/bin/targets/blinky/app/hw/mcu/atmel/samd21xx/hw_mcu_atmel_samd21xx.a(sercom_interrupt.o)
                0x000000000000ee54                SERCOM4_Handler
 .text.SERCOM5_Handler
                0x000000000000ee64       0x10 /home/pchizek/dev/press-reg/bin/targets/blinky/app/hw/mcu/atmel/samd21xx/hw_mcu_atmel_samd21xx.a(sercom_interrupt.o)
                0x000000000000ee64                SERCOM5_Handler
 .text._sercom_get_interrupt_vector
                0x000000000000ee74       0x20 /home/pchizek/dev/press-reg/bin/targets/blinky/app/hw/mcu/atmel/samd21xx/hw_mcu_atmel_samd21xx.a(sercom_interrupt.o)
                0x000000000000ee74                _sercom_get_interrupt_vector
 .text._sercom_set_handler
                0x000000000000ee94       0x84 /home/pchizek/dev/press-reg/bin/targets/blinky/app/hw/mcu/atmel/samd21xx/hw_mcu_atmel_samd21xx.a(sercom_interrupt.o)
                0x000000000000ee94                _sercom_set_handler
 .text._usart_wait_for_sync
                0x000000000000ef18        0xa /home/pchizek/dev/press-reg/bin/targets/blinky/app/hw/mcu/atmel/samd21xx/hw_mcu_atmel_samd21xx.a(usart.o)
 *fill*         0x000000000000ef22        0x2 
 .text.usart_init
                0x000000000000ef24      0x28c /home/pchizek/dev/press-reg/bin/targets/blinky/app/hw/mcu/atmel/samd21xx/hw_mcu_atmel_samd21xx.a(usart.o)
                0x000000000000ef24                usart_init
 .text.usart_write_wait
                0x000000000000f1b0       0x2a /home/pchizek/dev/press-reg/bin/targets/blinky/app/hw/mcu/atmel/samd21xx/hw_mcu_atmel_samd21xx.a(usart.o)
                0x000000000000f1b0                usart_write_wait
 .text._usart_write_buffer
                0x000000000000f1da       0x38 /home/pchizek/dev/press-reg/bin/targets/blinky/app/hw/mcu/atmel/samd21xx/hw_mcu_atmel_samd21xx.a(usart_interrupt.o)
                0x000000000000f1da                _usart_write_buffer
 .text._usart_read_buffer
                0x000000000000f212       0x48 /home/pchizek/dev/press-reg/bin/targets/blinky/app/hw/mcu/atmel/samd21xx/hw_mcu_atmel_samd21xx.a(usart_interrupt.o)
                0x000000000000f212                _usart_read_buffer
 .text.usart_register_callback
                0x000000000000f25a       0x18 /home/pchizek/dev/press-reg/bin/targets/blinky/app/hw/mcu/atmel/samd21xx/hw_mcu_atmel_samd21xx.a(usart_interrupt.o)
                0x000000000000f25a                usart_register_callback
 .text.usart_read_job
                0x000000000000f272        0xa /home/pchizek/dev/press-reg/bin/targets/blinky/app/hw/mcu/atmel/samd21xx/hw_mcu_atmel_samd21xx.a(usart_interrupt.o)
                0x000000000000f272                usart_read_job
 .text.usart_write_buffer_job
                0x000000000000f27c       0x1a /home/pchizek/dev/press-reg/bin/targets/blinky/app/hw/mcu/atmel/samd21xx/hw_mcu_atmel_samd21xx.a(usart_interrupt.o)
                0x000000000000f27c                usart_write_buffer_job
 *fill*         0x000000000000f296        0x2 
 .text._usart_interrupt_handler
                0x000000000000f298      0x16c /home/pchizek/dev/press-reg/bin/targets/blinky/app/hw/mcu/atmel/samd21xx/hw_mcu_atmel_samd21xx.a(usart_interrupt.o)
                0x000000000000f298                _usart_interrupt_handler
 .text._tc_get_inst_index
                0x000000000000f404       0x30 /home/pchizek/dev/press-reg/bin/targets/blinky/app/hw/mcu/atmel/samd21xx/hw_mcu_atmel_samd21xx.a(tc.o)
                0x000000000000f404                _tc_get_inst_index
 .text.tc_init  0x000000000000f434      0x204 /home/pchizek/dev/press-reg/bin/targets/blinky/app/hw/mcu/atmel/samd21xx/hw_mcu_atmel_samd21xx.a(tc.o)
                0x000000000000f434                tc_init
 .text.tc_get_count_value
                0x000000000000f638       0x2a /home/pchizek/dev/press-reg/bin/targets/blinky/app/hw/mcu/atmel/samd21xx/hw_mcu_atmel_samd21xx.a(tc.o)
                0x000000000000f638                tc_get_count_value
 .text.tc_set_compare_value
                0x000000000000f662       0x4a /home/pchizek/dev/press-reg/bin/targets/blinky/app/hw/mcu/atmel/samd21xx/hw_mcu_atmel_samd21xx.a(tc.o)
                0x000000000000f662                tc_set_compare_value
 .text.wdt_set_config
                0x000000000000f6ac       0xcc /home/pchizek/dev/press-reg/bin/targets/blinky/app/hw/mcu/atmel/samd21xx/hw_mcu_atmel_samd21xx.a(wdt.o)
                0x000000000000f6ac                wdt_set_config
 .text.wdt_reset_count
                0x000000000000f778       0x14 /home/pchizek/dev/press-reg/bin/targets/blinky/app/hw/mcu/atmel/samd21xx/hw_mcu_atmel_samd21xx.a(wdt.o)
                0x000000000000f778                wdt_reset_count
 .text._sercom_get_sync_baud_val
                0x000000000000f78c       0x28 /home/pchizek/dev/press-reg/bin/targets/blinky/app/hw/mcu/atmel/samd21xx/hw_mcu_atmel_samd21xx.a(sercom.o)
                0x000000000000f78c                _sercom_get_sync_baud_val
 .text._sercom_get_async_baud_val
                0x000000000000f7b4      0x140 /home/pchizek/dev/press-reg/bin/targets/blinky/app/hw/mcu/atmel/samd21xx/hw_mcu_atmel_samd21xx.a(sercom.o)
                0x000000000000f7b4                _sercom_get_async_baud_val
 .text.sercom_set_gclk_generator
                0x000000000000f8f4       0x3c /home/pchizek/dev/press-reg/bin/targets/blinky/app/hw/mcu/atmel/samd21xx/hw_mcu_atmel_samd21xx.a(sercom.o)
                0x000000000000f8f4                sercom_set_gclk_generator
 .text._sercom_get_default_pad
                0x000000000000f930      0x15c /home/pchizek/dev/press-reg/bin/targets/blinky/app/hw/mcu/atmel/samd21xx/hw_mcu_atmel_samd21xx.a(sercom.o)
                0x000000000000f930                _sercom_get_default_pad
 .text._sercom_get_sercom_inst_index
                0x000000000000fa8c       0x30 /home/pchizek/dev/press-reg/bin/targets/blinky/app/hw/mcu/atmel/samd21xx/hw_mcu_atmel_samd21xx.a(sercom.o)
                0x000000000000fa8c                _sercom_get_sercom_inst_index
 .text.os_cputime_init
                0x000000000000fabc        0xc /home/pchizek/dev/press-reg/bin/targets/blinky/app/kernel/os/kernel_os.a(os_cputime.o)
                0x000000000000fabc                os_cputime_init
 .text.unlikely.os_malloc_lock.part.0
                0x000000000000fac8        0xe /home/pchizek/dev/press-reg/bin/targets/blinky/app/kernel/os/kernel_os.a(os_heap.o)
 *fill*         0x000000000000fad6        0x2 
 .text.os_malloc_lock
                0x000000000000fad8       0x28 /home/pchizek/dev/press-reg/bin/targets/blinky/app/kernel/os/kernel_os.a(os_heap.o)
 .text.os_malloc_unlock
                0x000000000000fb00       0x24 /home/pchizek/dev/press-reg/bin/targets/blinky/app/kernel/os/kernel_os.a(os_heap.o)
 .text.os_malloc
                0x000000000000fb24       0x18 /home/pchizek/dev/press-reg/bin/targets/blinky/app/kernel/os/kernel_os.a(os_heap.o)
                0x000000000000fb24                os_malloc
 .text.os_free  0x000000000000fb3c       0x14 /home/pchizek/dev/press-reg/bin/targets/blinky/app/kernel/os/kernel_os.a(os_heap.o)
                0x000000000000fb3c                os_free
 .text.malloc_lock_nop
                0x000000000000fb50        0x4 /home/pchizek/dev/press-reg/bin/targets/blinky/app/libc/baselibc/libc_baselibc.a(malloc.o)
 .text.malloc_unlock_nop
                0x000000000000fb54        0x2 /home/pchizek/dev/press-reg/bin/targets/blinky/app/libc/baselibc/libc_baselibc.a(malloc.o)
 *fill*         0x000000000000fb56        0x2 
 .text.__free_block
                0x000000000000fb58       0x60 /home/pchizek/dev/press-reg/bin/targets/blinky/app/libc/baselibc/libc_baselibc.a(malloc.o)
 .text.add_malloc_block
                0x000000000000fbb8       0x50 /home/pchizek/dev/press-reg/bin/targets/blinky/app/libc/baselibc/libc_baselibc.a(malloc.o)
                0x000000000000fbb8                add_malloc_block
 .text.malloc   0x000000000000fc08       0x98 /home/pchizek/dev/press-reg/bin/targets/blinky/app/libc/baselibc/libc_baselibc.a(malloc.o)
                0x000000000000fc08                malloc
 .text.free     0x000000000000fca0       0x28 /home/pchizek/dev/press-reg/bin/targets/blinky/app/libc/baselibc/libc_baselibc.a(malloc.o)
                0x000000000000fca0                free
 .text.strlen   0x000000000000fcc8       0x10 /home/pchizek/dev/press-reg/bin/targets/blinky/app/libc/baselibc/libc_baselibc.a(strlen.o)
                0x000000000000fcc8                strlen
 .text.ui2a     0x000000000000fcd8       0xb4 /home/pchizek/dev/press-reg/bin/targets/blinky/app/libc/baselibc/libc_baselibc.a(tinyprintf.o)
 .text.putf     0x000000000000fd8c       0x20 /home/pchizek/dev/press-reg/bin/targets/blinky/app/libc/baselibc/libc_baselibc.a(tinyprintf.o)
 .text.putchw   0x000000000000fdac      0x10c /home/pchizek/dev/press-reg/bin/targets/blinky/app/libc/baselibc/libc_baselibc.a(tinyprintf.o)
 .text.tfp_format
                0x000000000000feb8      0x21e /home/pchizek/dev/press-reg/bin/targets/blinky/app/libc/baselibc/libc_baselibc.a(tinyprintf.o)
                0x000000000000feb8                tfp_format
 .text.vfprintf
                0x00000000000100d6        0x8 /home/pchizek/dev/press-reg/bin/targets/blinky/app/libc/baselibc/libc_baselibc.a(tinyprintf.o)
                0x00000000000100d6                vfprintf
 *fill*         0x00000000000100de        0x2 
 .text.printf   0x00000000000100e0       0x20 /home/pchizek/dev/press-reg/bin/targets/blinky/app/libc/baselibc/libc_baselibc.a(tinyprintf.o)
                0x00000000000100e0                printf
 .text.vprintf  0x0000000000010100       0x14 /home/pchizek/dev/press-reg/bin/targets/blinky/app/libc/baselibc/libc_baselibc.a(vprintf.o)
                0x0000000000010100                vprintf
 .text.stdin_read
                0x0000000000010114        0x4 /home/pchizek/dev/press-reg/bin/targets/blinky/app/libc/baselibc/libc_baselibc.a(mynewt.o)
 .text.stdout_write
                0x0000000000010118       0x10 /home/pchizek/dev/press-reg/bin/targets/blinky/app/libc/baselibc/libc_baselibc.a(mynewt.o)
 .text.flash_area_open
                0x0000000000010128       0x40 /home/pchizek/dev/press-reg/bin/targets/blinky/app/sys/flash_map/sys_flash_map.a(flash_map.o)
                0x0000000000010128                flash_area_open
 .text.flash_area_close
                0x0000000000010168        0x2 /home/pchizek/dev/press-reg/bin/targets/blinky/app/sys/flash_map/sys_flash_map.a(flash_map.o)
                0x0000000000010168                flash_area_close
 .text.flash_area_read
                0x000000000001016a       0x20 /home/pchizek/dev/press-reg/bin/targets/blinky/app/sys/flash_map/sys_flash_map.a(flash_map.o)
                0x000000000001016a                flash_area_read
 *fill*         0x000000000001018a        0x2 
 .text.flash_map_init
                0x000000000001018c       0xac /home/pchizek/dev/press-reg/bin/targets/blinky/app/sys/flash_map/sys_flash_map.a(flash_map.o)
                0x000000000001018c                flash_map_init
 .text.mfg_next_tlv
                0x0000000000010238       0x6c /home/pchizek/dev/press-reg/bin/targets/blinky/app/sys/mfg/sys_mfg.a(mfg.o)
                0x0000000000010238                mfg_next_tlv
 .text.mfg_next_tlv_with_type
                0x00000000000102a4       0x1c /home/pchizek/dev/press-reg/bin/targets/blinky/app/sys/mfg/sys_mfg.a(mfg.o)
                0x00000000000102a4                mfg_next_tlv_with_type
 .text.mfg_read_tlv_flash_area
                0x00000000000102c0       0x44 /home/pchizek/dev/press-reg/bin/targets/blinky/app/sys/mfg/sys_mfg.a(mfg.o)
                0x00000000000102c0                mfg_read_tlv_flash_area
 .text.mfg_init
                0x0000000000010304       0x88 /home/pchizek/dev/press-reg/bin/targets/blinky/app/sys/mfg/sys_mfg.a(mfg.o)
                0x0000000000010304                mfg_init
 .text._sbrk    0x000000000001038c       0x28 /home/pchizek/dev/press-reg/bin/targets/blinky/app/hw/bsp/arduino_zero/hw_bsp_arduino_zero.a(sbrk.o)
                0x000000000001038c                _sbrk
 .text.hal_flash_check_addr
                0x00000000000103b4       0x16 /home/pchizek/dev/press-reg/bin/targets/blinky/app/hw/hal/hw_hal.a(hal_flash.o)
 .text.hal_flash_init
                0x00000000000103ca       0x2a /home/pchizek/dev/press-reg/bin/targets/blinky/app/hw/hal/hw_hal.a(hal_flash.o)
                0x00000000000103ca                hal_flash_init
 .text.hal_flash_read
                0x00000000000103f4       0x3c /home/pchizek/dev/press-reg/bin/targets/blinky/app/hw/hal/hw_hal.a(hal_flash.o)
                0x00000000000103f4                hal_flash_read
 .text          0x0000000000010430       0x14 /usr/lib/gcc/arm-none-eabi/7.1.0/thumb/v6-m/libgcc.a(_thumb1_case_uqi.o)
                0x0000000000010430                __gnu_thumb1_case_uqi
 .text          0x0000000000010444      0x114 /usr/lib/gcc/arm-none-eabi/7.1.0/thumb/v6-m/libgcc.a(_udivsi3.o)
                0x0000000000010444                __udivsi3
                0x0000000000010444                __aeabi_uidiv
                0x0000000000010550                __aeabi_uidivmod
 .text          0x0000000000010558       0x18 /usr/lib/gcc/arm-none-eabi/7.1.0/thumb/v6-m/libgcc.a(_ashldi3.o)
                0x0000000000010558                __ashldi3
                0x0000000000010558                __aeabi_llsl
 .text          0x0000000000010570       0x40 /usr/lib/gcc/arm-none-eabi/7.1.0/thumb/v6-m/libgcc.a(_aeabi_uldivmod.o)
                0x0000000000010570                __aeabi_uldivmod
 .text          0x00000000000105b0       0x54 /usr/lib/gcc/arm-none-eabi/7.1.0/thumb/v6-m/libgcc.a(_muldi3.o)
                0x00000000000105b0                __aeabi_lmul
                0x00000000000105b0                __muldi3
 .text          0x0000000000010604      0x184 /usr/lib/gcc/arm-none-eabi/7.1.0/thumb/v6-m/libgcc.a(_udivmoddi4.o)
                0x0000000000010604                __udivmoddi4
 .text          0x0000000000010788       0x18 /usr/lib/gcc/arm-none-eabi/7.1.0/thumb/v6-m/libgcc.a(_clzdi2.o)
                0x0000000000010788                __clzdi2
 .text          0x00000000000107a0       0x3c /usr/lib/gcc/arm-none-eabi/7.1.0/thumb/v6-m/libgcc.a(_clzsi2.o)
                0x00000000000107a0                __clzsi2
 *(.glue_7t)
 .glue_7t       0x00000000000107dc        0x0 linker stubs
 *(.glue_7)
 .glue_7        0x00000000000107dc        0x0 linker stubs
 *(.rodata .rodata* .gnu.linkonce.r.*)
 .rodata.valid_pins
                0x00000000000107dc        0x8 /home/pchizek/dev/press-reg/bin/targets/blinky/app/hw/mcu/atmel/samd21xx/hw_mcu_atmel_samd21xx.a(hal_gpio.o)
 .rodata.__assert_func.str1.1
                0x00000000000107e4        0xf /home/pchizek/dev/press-reg/bin/targets/blinky/app/kernel/os/kernel_os.a(os_fault.o)
 .rodata.os_default_irq.str1.1
                0x00000000000107f3      0x103 /home/pchizek/dev/press-reg/bin/targets/blinky/app/kernel/os/kernel_os.a(os_fault.o)
 .rodata.os_init.str1.1
                0x00000000000108f6        0x5 /home/pchizek/dev/press-reg/bin/targets/blinky/app/kernel/os/kernel_os.a(os.o)
 .rodata.os_init_idle_task.str1.1
                0x00000000000108fb        0x5 /home/pchizek/dev/press-reg/bin/targets/blinky/app/kernel/os/kernel_os.a(os.o)
 .rodata.os_msys_init.str1.1
                0x0000000000010900        0x7 /home/pchizek/dev/press-reg/bin/targets/blinky/app/kernel/os/kernel_os.a(os_msys_init.o)
 .rodata        0x0000000000010907       0x43 /home/pchizek/dev/press-reg/bin/targets/blinky/app/kernel/os/kernel_os.a(HAL_CM0.o)
 .rodata.handle_ansi.str1.1
                0x000000000001094a        0xc /home/pchizek/dev/press-reg/bin/targets/blinky/app/sys/console/full/sys_console_full.a(console.o)
 .rodata.console_printf.str1.1
                0x0000000000010956        0x7 /home/pchizek/dev/press-reg/bin/targets/blinky/app/sys/console/full/sys_console_full.a(console_fmt.o)
 .rodata.uart_console_init.str1.1
                0x000000000001095d        0x6 /home/pchizek/dev/press-reg/bin/targets/blinky/app/sys/console/full/sys_console_full.a(uart_console.o)
 .rodata.hal_bsp_init.str1.1
                0x0000000000010963        0x6 /home/pchizek/dev/press-reg/bin/targets/blinky/app/hw/bsp/arduino_zero/hw_bsp_arduino_zero.a(hal_bsp.o)
 *fill*         0x0000000000010963        0x1 
 .rodata.uart_cfgs
                0x0000000000010964       0x20 /home/pchizek/dev/press-reg/bin/targets/blinky/app/hw/bsp/arduino_zero/hw_bsp_arduino_zero.a(hal_bsp.o)
 .rodata.samd21_flash_funcs
                0x0000000000010984       0x14 /home/pchizek/dev/press-reg/bin/targets/blinky/app/hw/mcu/atmel/samd21xx/hw_mcu_atmel_samd21xx.a(hal_flash.o)
 .rodata.CSWTCH.32
                0x0000000000010998       0x18 /home/pchizek/dev/press-reg/bin/targets/blinky/app/hw/mcu/atmel/samd21xx/hw_mcu_atmel_samd21xx.a(hal_timer.o)
 .rodata.samd21_hal_timers
                0x00000000000109b0        0xc /home/pchizek/dev/press-reg/bin/targets/blinky/app/hw/mcu/atmel/samd21xx/hw_mcu_atmel_samd21xx.a(hal_timer.o)
 .rodata        0x00000000000109bc       0x18 /home/pchizek/dev/press-reg/bin/targets/blinky/app/hw/mcu/atmel/samd21xx/hw_mcu_atmel_samd21xx.a(sercom.o)
 .rodata.stdout
                0x00000000000109d4        0x4 /home/pchizek/dev/press-reg/bin/targets/blinky/app/libc/baselibc/libc_baselibc.a(mynewt.o)
                0x00000000000109d4                stdout
 .rodata.sysflash_map_dflt
                0x00000000000109d8       0x48 /home/pchizek/dev/press-reg/bin/targets/blinky/generated/bin/blinky-sysinit-app.a(blinky-sysflash.o)
                0x00000000000109d8                sysflash_map_dflt
 *(.ARM.extab* .gnu.linkonce.armextab.*)
                0x0000000000010a20                . = ALIGN (0x4)
 *(.init)
                0x0000000000010a20                . = ALIGN (0x4)
                0x0000000000010a20                __preinit_array_start = .
 *(.preinit_array)
                0x0000000000010a20                __preinit_array_end = .
                0x0000000000010a20                . = ALIGN (0x4)
                0x0000000000010a20                __init_array_start = .
 *(SORT(.init_array.*))
 *(.init_array)
                0x0000000000010a20                __init_array_end = .
                0x0000000000010a20                . = ALIGN (0x4)
 *crtbegin.o(.ctors)
 *(EXCLUDE_FILE(*crtend.o) .ctors)
 *(SORT(.ctors.*))
 *crtend.o(.ctors)
                0x0000000000010a20                . = ALIGN (0x4)
 *(.fini)
                0x0000000000010a20                . = ALIGN (0x4)
                0x0000000000010a20                __fini_array_start = .
 *(.fini_array)
 *(SORT(.fini_array.*))
                0x0000000000010a20                __fini_array_end = .
 *crtbegin.o(.dtors)
 *(EXCLUDE_FILE(*crtend.o) .dtors)
 *(SORT(.dtors.*))
 *crtend.o(.dtors)
                0x0000000000010a20                . = ALIGN (0x4)
                0x0000000000010a20                _efixed = .
                [!provide]                        PROVIDE (__exidx_start, .)

.vfp11_veneer   0x0000000000010a20        0x0
 .vfp11_veneer  0x0000000000010a20        0x0 linker stubs

.v4_bx          0x0000000000010a20        0x0
 .v4_bx         0x0000000000010a20        0x0 linker stubs

.iplt           0x0000000000010a20        0x0
 .iplt          0x0000000000010a20        0x0 /home/pchizek/dev/press-reg/bin/targets/blinky/app/hw/mcu/atmel/samd21xx/hw_mcu_atmel_samd21xx.a(startup_samd21.o)

.igot.plt       0x0000000000010a20        0x0
 .igot.plt      0x0000000000010a20        0x0 /home/pchizek/dev/press-reg/bin/targets/blinky/app/hw/mcu/atmel/samd21xx/hw_mcu_atmel_samd21xx.a(startup_samd21.o)

.ARM.exidx      0x0000000000010a20       0x18
 *(.ARM.exidx* .gnu.linkonce.armexidx.*)
 .ARM.exidx     0x0000000000010a20       0x18 /home/pchizek/dev/press-reg/bin/targets/blinky/app/kernel/os/kernel_os.a(HAL_CM0.o)
                                         0x38 (size before relaxing)
 .ARM.exidx     0x0000000000010a38        0x0 /usr/lib/gcc/arm-none-eabi/7.1.0/thumb/v6-m/libgcc.a(_udivmoddi4.o)
                                          0x8 (size before relaxing)
                [!provide]                        PROVIDE (__exidx_end, .)

.rel.dyn        0x0000000000010a38        0x0
 .rel.iplt      0x0000000000010a38        0x0 /home/pchizek/dev/press-reg/bin/targets/blinky/app/hw/mcu/atmel/samd21xx/hw_mcu_atmel_samd21xx.a(startup_samd21.o)
                0x0000000000010a38                . = ALIGN (0x4)
                0x0000000000010a38                _etext = .

.vector_relocation
                0x0000000020000000       0xb4
                0x0000000020000000                . = ALIGN (0x4)
                0x0000000020000000                __vector_tbl_reloc__ = .
                0x00000000200000b4                . = (. + (__isr_vector_end - __isr_vector_start))
 *fill*         0x0000000020000000       0xb4 
                0x00000000200000b4                . = ALIGN (0x4)

.relocate       0x00000000200000b4       0x74 load address 0x0000000000010a38
                0x00000000200000b4                . = ALIGN (0x4)
                0x00000000200000b4                _srelocate = .
 *(.data .data.*)
 .data.g_interrupt_enabled
                0x00000000200000b4        0x1 /home/pchizek/dev/press-reg/bin/targets/blinky/app/hw/mcu/atmel/samd21xx/hw_mcu_atmel_samd21xx.a(interrupt_sam_nvic.o)
                0x00000000200000b4                g_interrupt_enabled
 *fill*         0x00000000200000b5        0x3 
 .data.g_os_run_list
                0x00000000200000b8        0x8 /home/pchizek/dev/press-reg/bin/targets/blinky/app/kernel/os/kernel_os.a(os_sched.o)
                0x00000000200000b8                g_os_run_list
 .data.g_os_sleep_list
                0x00000000200000c0        0x8 /home/pchizek/dev/press-reg/bin/targets/blinky/app/kernel/os/kernel_os.a(os_sched.o)
                0x00000000200000c0                g_os_sleep_list
 .data.g_msys_pool_list
                0x00000000200000c8        0x8 /home/pchizek/dev/press-reg/bin/targets/blinky/app/kernel/os/kernel_os.a(os_mbuf.o)
                0x00000000200000c8                g_msys_pool_list
 .data.g_os_mempool_list
                0x00000000200000d0        0x8 /home/pchizek/dev/press-reg/bin/targets/blinky/app/kernel/os/kernel_os.a(os_mempool.o)
                0x00000000200000d0                g_os_mempool_list
 .data          0x00000000200000d8        0x0 /home/pchizek/dev/press-reg/bin/targets/blinky/app/kernel/os/kernel_os.a(HAL_CM0.o)
                0x00000000200000d8                __aeabi_unwind_cpp_pr0
 .data.echo     0x00000000200000d8        0x4 /home/pchizek/dev/press-reg/bin/targets/blinky/app/sys/console/full/sys_console_full.a(console.o)
 .data.do_ticks
                0x00000000200000dc        0x1 /home/pchizek/dev/press-reg/bin/targets/blinky/app/sys/console/full/sys_console_full.a(ticks.o)
 *fill*         0x00000000200000dd        0x3 
 .data.sysinit_panic_cb
                0x00000000200000e0        0x4 /home/pchizek/dev/press-reg/bin/targets/blinky/app/sys/sysinit/sys_sysinit.a(sysinit.o)
                0x00000000200000e0                sysinit_panic_cb
 .data.samd21_flash_dev
                0x00000000200000e4       0x14 /home/pchizek/dev/press-reg/bin/targets/blinky/app/hw/mcu/atmel/samd21xx/hw_mcu_atmel_samd21xx.a(hal_flash.o)
                0x00000000200000e4                samd21_flash_dev
 .data.__malloc_head
                0x00000000200000f8       0x18 /home/pchizek/dev/press-reg/bin/targets/blinky/app/libc/baselibc/libc_baselibc.a(malloc.o)
 .data.malloc_lock
                0x0000000020000110        0x4 /home/pchizek/dev/press-reg/bin/targets/blinky/app/libc/baselibc/libc_baselibc.a(malloc.o)
 .data.malloc_unlock
                0x0000000020000114        0x4 /home/pchizek/dev/press-reg/bin/targets/blinky/app/libc/baselibc/libc_baselibc.a(malloc.o)
 .data._stdin   0x0000000020000118        0x4 /home/pchizek/dev/press-reg/bin/targets/blinky/app/libc/baselibc/libc_baselibc.a(mynewt.o)
 .data._stdin_methods
                0x000000002000011c        0x8 /home/pchizek/dev/press-reg/bin/targets/blinky/app/libc/baselibc/libc_baselibc.a(mynewt.o)
 .data._brk     0x0000000020000124        0x4 /home/pchizek/dev/press-reg/bin/targets/blinky/app/hw/bsp/arduino_zero/hw_bsp_arduino_zero.a(sbrk.o)
                0x0000000020000128                . = ALIGN (0x4)
                0x0000000020000128                _erelocate = .

.bss            0x0000000020000128     0x2404 load address 0x0000000000010aac
                0x0000000020000128                . = ALIGN (0x4)
                0x0000000020000128                __bss_start__ = .
                0x0000000020000128                _sbss = .
                0x0000000020000128                _szero = .
 *(.bss .bss.*)
 .bss.cpu_irq_critical_section_counter
                0x0000000020000128        0x4 /home/pchizek/dev/press-reg/bin/targets/blinky/app/hw/mcu/atmel/samd21xx/hw_mcu_atmel_samd21xx.a(interrupt_sam_nvic.o)
 .bss.cpu_irq_prev_interrupt_state
                0x000000002000012c        0x1 /home/pchizek/dev/press-reg/bin/targets/blinky/app/hw/mcu/atmel/samd21xx/hw_mcu_atmel_samd21xx.a(interrupt_sam_nvic.o)
 *fill*         0x000000002000012d        0x3 
 .bss._system_clock_inst
                0x0000000020000130       0x18 /home/pchizek/dev/press-reg/bin/targets/blinky/app/hw/mcu/atmel/samd21xx/hw_mcu_atmel_samd21xx.a(clock.o)
 .bss.g_task1_loops
                0x0000000020000148        0x4 /home/pchizek/dev/press-reg/bin/targets/blinky/app/apps/blinky/apps_blinky.a(main.o)
 .bss.os_main_stack
                0x000000002000014c     0x1000 /home/pchizek/dev/press-reg/bin/targets/blinky/app/kernel/os/kernel_os.a(os.o)
 .bss.os_main_task
                0x000000002000114c       0x50 /home/pchizek/dev/press-reg/bin/targets/blinky/app/kernel/os/kernel_os.a(os.o)
 .bss.g_os_dev_list
                0x000000002000119c        0x8 /home/pchizek/dev/press-reg/bin/targets/blinky/app/kernel/os/kernel_os.a(os_dev.o)
 .bss.os_eventq_main
                0x00000000200011a4       0x10 /home/pchizek/dev/press-reg/bin/targets/blinky/app/kernel/os/kernel_os.a(os_eventq.o)
 .bss.os_msys_init_1_data
                0x00000000200011b4      0xdb0 /home/pchizek/dev/press-reg/bin/targets/blinky/app/kernel/os/kernel_os.a(os_msys_init.o)
 .bss.os_msys_init_1_mbuf_pool
                0x0000000020001f64        0xc /home/pchizek/dev/press-reg/bin/targets/blinky/app/kernel/os/kernel_os.a(os_msys_init.o)
 .bss.os_msys_init_1_mempool
                0x0000000020001f70       0x20 /home/pchizek/dev/press-reg/bin/targets/blinky/app/kernel/os/kernel_os.a(os_msys_init.o)
 .bss.g_os_sanity_check_list
                0x0000000020001f90        0x4 /home/pchizek/dev/press-reg/bin/targets/blinky/app/kernel/os/kernel_os.a(os_sanity.o)
                0x0000000020001f90                g_os_sanity_check_list
 *fill*         0x0000000020001f94        0x4 
 .bss.basetod   0x0000000020001f98       0x30 /home/pchizek/dev/press-reg/bin/targets/blinky/app/kernel/os/kernel_os.a(os_time.o)
 .bss.os_flags  0x0000000020001fc8        0x4 /home/pchizek/dev/press-reg/bin/targets/blinky/app/kernel/os/kernel_os.a(os_arch_arm.o)
                0x0000000020001fc8                os_flags
 .bss.ansi_val  0x0000000020001fcc        0x4 /home/pchizek/dev/press-reg/bin/targets/blinky/app/sys/console/full/sys_console_full.a(console.o)
 .bss.ansi_val_2
                0x0000000020001fd0        0x4 /home/pchizek/dev/press-reg/bin/targets/blinky/app/sys/console/full/sys_console_full.a(console.o)
 .bss.avail_queue
                0x0000000020001fd4        0x4 /home/pchizek/dev/press-reg/bin/targets/blinky/app/sys/console/full/sys_console_full.a(console.o)
 .bss.completion
                0x0000000020001fd8        0x4 /home/pchizek/dev/press-reg/bin/targets/blinky/app/sys/console/full/sys_console_full.a(console.o)
 .bss.console_compat_rx_cb
                0x0000000020001fdc        0x4 /home/pchizek/dev/press-reg/bin/targets/blinky/app/sys/console/full/sys_console_full.a(console.o)
 .bss.cur       0x0000000020001fe0        0x1 /home/pchizek/dev/press-reg/bin/targets/blinky/app/sys/console/full/sys_console_full.a(console.o)
 .bss.end       0x0000000020001fe1        0x1 /home/pchizek/dev/press-reg/bin/targets/blinky/app/sys/console/full/sys_console_full.a(console.o)
 *fill*         0x0000000020001fe2        0x2 
 .bss.esc_state
                0x0000000020001fe4        0x4 /home/pchizek/dev/press-reg/bin/targets/blinky/app/sys/console/full/sys_console_full.a(console.o)
 .bss.ev.11235  0x0000000020001fe8        0x4 /home/pchizek/dev/press-reg/bin/targets/blinky/app/sys/console/full/sys_console_full.a(console.o)
 .bss.input.11236
                0x0000000020001fec        0x4 /home/pchizek/dev/press-reg/bin/targets/blinky/app/sys/console/full/sys_console_full.a(console.o)
 .bss.lines_queue
                0x0000000020001ff0        0x4 /home/pchizek/dev/press-reg/bin/targets/blinky/app/sys/console/full/sys_console_full.a(console.o)
 .bss.nlip_state
                0x0000000020001ff4        0x4 /home/pchizek/dev/press-reg/bin/targets/blinky/app/sys/console/full/sys_console_full.a(console.o)
 .bss.prev_endl.11237
                0x0000000020001ff8        0x1 /home/pchizek/dev/press-reg/bin/targets/blinky/app/sys/console/full/sys_console_full.a(console.o)
 *fill*         0x0000000020001ff9        0x3 
 .bss.cr_tx     0x0000000020001ffc        0x8 /home/pchizek/dev/press-reg/bin/targets/blinky/app/sys/console/full/sys_console_full.a(uart_console.o)
 .bss.cr_tx_buf
                0x0000000020002004       0x20 /home/pchizek/dev/press-reg/bin/targets/blinky/app/sys/console/full/sys_console_full.a(uart_console.o)
 .bss.uart_dev  0x0000000020002024        0x4 /home/pchizek/dev/press-reg/bin/targets/blinky/app/sys/console/full/sys_console_full.a(uart_console.o)
 .bss.write_char_cb
                0x0000000020002028        0x4 /home/pchizek/dev/press-reg/bin/targets/blinky/app/sys/console/full/sys_console_full.a(uart_console.o)
 .bss.hal_uart0
                0x000000002000202c       0x34 /home/pchizek/dev/press-reg/bin/targets/blinky/app/hw/bsp/arduino_zero/hw_bsp_arduino_zero.a(hal_bsp.o)
 .bss.uarts     0x0000000020002060      0x1f8 /home/pchizek/dev/press-reg/bin/targets/blinky/app/hw/mcu/atmel/samd21xx/hw_mcu_atmel_samd21xx.a(hal_uart.o)
 .bss._nvm_dev  0x0000000020002258        0x6 /home/pchizek/dev/press-reg/bin/targets/blinky/app/hw/mcu/atmel/samd21xx/hw_mcu_atmel_samd21xx.a(nvm.o)
 .bss._handler_table_initialized
                0x000000002000225e        0x1 /home/pchizek/dev/press-reg/bin/targets/blinky/app/hw/mcu/atmel/samd21xx/hw_mcu_atmel_samd21xx.a(sercom_interrupt.o)
 *fill*         0x000000002000225f        0x1 
 .bss._sercom_interrupt_handlers
                0x0000000020002260       0x18 /home/pchizek/dev/press-reg/bin/targets/blinky/app/hw/mcu/atmel/samd21xx/hw_mcu_atmel_samd21xx.a(sercom_interrupt.o)
 .bss._sercom_config
                0x0000000020002278        0x2 /home/pchizek/dev/press-reg/bin/targets/blinky/app/hw/mcu/atmel/samd21xx/hw_mcu_atmel_samd21xx.a(sercom.o)
 *fill*         0x000000002000227a        0x2 
 .bss.os_malloc_mutex
                0x000000002000227c        0xc /home/pchizek/dev/press-reg/bin/targets/blinky/app/kernel/os/kernel_os.a(os_heap.o)
 .bss.mfg_areas.11176
                0x0000000020002288       0x78 /home/pchizek/dev/press-reg/bin/targets/blinky/app/sys/flash_map/sys_flash_map.a(flash_map.o)
 *(COMMON)
 COMMON         0x0000000020002300        0x4 /home/pchizek/dev/press-reg/bin/targets/blinky/app/hw/mcu/atmel/samd21xx/hw_mcu_atmel_samd21xx.a(system_samd21.o)
                0x0000000020002300                SystemCoreClock
 COMMON         0x0000000020002304        0x4 /home/pchizek/dev/press-reg/bin/targets/blinky/app/apps/blinky/apps_blinky.a(main.o)
                0x0000000020002304                g_led_pin
 COMMON         0x0000000020002308       0x40 /home/pchizek/dev/press-reg/bin/targets/blinky/app/hw/mcu/atmel/samd21xx/hw_mcu_atmel_samd21xx.a(extint.o)
                0x0000000020002308                _extint_dev
 COMMON         0x0000000020002348      0x158 /home/pchizek/dev/press-reg/bin/targets/blinky/app/kernel/os/kernel_os.a(os.o)
                0x0000000020002348                g_idle_task
                0x0000000020002398                g_os_idle_ctr
                0x000000002000239c                g_idle_task_stack
                0x000000002000249c                g_os_started
 COMMON         0x00000000200024a0        0x8 /home/pchizek/dev/press-reg/bin/targets/blinky/app/kernel/os/kernel_os.a(os_callout.o)
                0x00000000200024a0                g_callout_list
 COMMON         0x00000000200024a8        0xc /home/pchizek/dev/press-reg/bin/targets/blinky/app/kernel/os/kernel_os.a(os_sanity.o)
                0x00000000200024a8                g_os_sanity_check_mu
 COMMON         0x00000000200024b4        0x8 /home/pchizek/dev/press-reg/bin/targets/blinky/app/kernel/os/kernel_os.a(os_sched.o)
                0x00000000200024b4                g_current_task
                0x00000000200024b8                g_os_last_ctx_sw_time
 COMMON         0x00000000200024bc        0x9 /home/pchizek/dev/press-reg/bin/targets/blinky/app/kernel/os/kernel_os.a(os_task.o)
                0x00000000200024bc                g_os_task_list
                0x00000000200024c4                g_task_id
 *fill*         0x00000000200024c5        0x3 
 COMMON         0x00000000200024c8        0x4 /home/pchizek/dev/press-reg/bin/targets/blinky/app/kernel/os/kernel_os.a(os_time.o)
                0x00000000200024c8                g_os_time
 COMMON         0x00000000200024cc        0x4 /home/pchizek/dev/press-reg/bin/targets/blinky/app/sys/console/full/sys_console_full.a(console.o)
                0x00000000200024cc                console_is_midline
 COMMON         0x00000000200024d0        0x1 /home/pchizek/dev/press-reg/bin/targets/blinky/app/sys/sysinit/sys_sysinit.a(sysinit.o)
                0x00000000200024d0                sysinit_active
 *fill*         0x00000000200024d1        0x3 
 COMMON         0x00000000200024d4       0x24 /home/pchizek/dev/press-reg/bin/targets/blinky/app/hw/mcu/atmel/samd21xx/hw_mcu_atmel_samd21xx.a(hal_timer.o)
                0x00000000200024d4                samd21_hal_timer0
 COMMON         0x00000000200024f8        0x6 /home/pchizek/dev/press-reg/bin/targets/blinky/app/hw/mcu/atmel/samd21xx/hw_mcu_atmel_samd21xx.a(hal_watchdog.o)
                0x00000000200024f8                g_wdt_config
 *fill*         0x00000000200024fe        0x2 
 COMMON         0x0000000020002500       0x18 /home/pchizek/dev/press-reg/bin/targets/blinky/app/hw/mcu/atmel/samd21xx/hw_mcu_atmel_samd21xx.a(sercom_interrupt.o)
                0x0000000020002500                _sercom_instances
 COMMON         0x0000000020002518        0x8 /home/pchizek/dev/press-reg/bin/targets/blinky/app/sys/flash_map/sys_flash_map.a(flash_map.o)
                0x0000000020002518                flash_map
                0x000000002000251c                flash_map_entries
 COMMON         0x0000000020002520        0xc /home/pchizek/dev/press-reg/bin/targets/blinky/app/sys/mfg/sys_mfg.a(mfg.o)
                0x0000000020002520                mfg_state
                0x000000002000252c                . = ALIGN (0x4)
                0x000000002000252c                __bss_end__ = .
                0x000000002000252c                _ebss = .
                0x000000002000252c                _ezero = .
                0x000000002000252c                __HeapBase = .

.heap           0x000000002000252c      0x200 load address 0x0000000000010aac
                0x000000002000252c                . = ALIGN (0x4)
                0x000000002000252c                PROVIDE (_user_heap_start, .)
                0x000000002000272c                . = (. + _Min_Heap_Size)
 *fill*         0x000000002000252c      0x200 
                0x000000002000272c                . = ALIGN (0x4)

.stack_dummy    0x000000002000272c      0x400 load address 0x0000000000010aac
                0x0000000020002b2c                . = (. + STACK_SIZE)
 *fill*         0x000000002000272c      0x400 
 *(.stack*)
                0x0000000020000000                _ram_start = ORIGIN (RAM)
                0x0000000020008000                __StackTop = (ORIGIN (RAM) + LENGTH (RAM))
                0x0000000020007c00                __StackLimit = (__StackTop - SIZEOF (.stack_dummy))
                [!provide]                        PROVIDE (__stack, __StackTop)
                0x0000000020007c00                _user_heap_end = __StackLimit
                0x0000000020007c00                __HeapLimit = __StackLimit
                0x0000000000000001                ASSERT ((__HeapBase <= __HeapLimit), region RAM overflowed with stack)
OUTPUT(/home/pchizek/dev/press-reg/bin/targets/blinky/app/apps/blinky/blinky.elf elf32-littlearm)

.debug_info     0x0000000000000000    0x3ccbe
 .debug_info    0x0000000000000000     0x3554 /home/pchizek/dev/press-reg/bin/targets/blinky/app/hw/mcu/atmel/samd21xx/hw_mcu_atmel_samd21xx.a(startup_samd21.o)
 .debug_info    0x0000000000003554      0xbb4 /home/pchizek/dev/press-reg/bin/targets/blinky/app/hw/mcu/atmel/samd21xx/hw_mcu_atmel_samd21xx.a(system_samd21.o)
 .debug_info    0x0000000000004108     0x1576 /home/pchizek/dev/press-reg/bin/targets/blinky/app/hw/mcu/atmel/samd21xx/hw_mcu_atmel_samd21xx.a(gclk.o)
 .debug_info    0x000000000000567e      0x236 /home/pchizek/dev/press-reg/bin/targets/blinky/app/hw/mcu/atmel/samd21xx/hw_mcu_atmel_samd21xx.a(system.o)
 .debug_info    0x00000000000058b4      0x2d2 /home/pchizek/dev/press-reg/bin/targets/blinky/app/hw/mcu/atmel/samd21xx/hw_mcu_atmel_samd21xx.a(interrupt_sam_nvic.o)
 .debug_info    0x0000000000005b86     0x2cc8 /home/pchizek/dev/press-reg/bin/targets/blinky/app/hw/mcu/atmel/samd21xx/hw_mcu_atmel_samd21xx.a(clock.o)
 .debug_info    0x000000000000884e      0x42a /home/pchizek/dev/press-reg/bin/targets/blinky/app/libc/baselibc/libc_baselibc.a(start.o)
 .debug_info    0x0000000000008c78      0x565 /home/pchizek/dev/press-reg/bin/targets/blinky/app/apps/blinky/apps_blinky.a(main.o)
 .debug_info    0x00000000000091dd      0x307 /home/pchizek/dev/press-reg/bin/targets/blinky/app/hw/cmsis-core/hw_cmsis-core.a(cmsis_nvic.o)
 .debug_info    0x00000000000094e4     0x1fe8 /home/pchizek/dev/press-reg/bin/targets/blinky/app/hw/mcu/atmel/samd21xx/hw_mcu_atmel_samd21xx.a(hal_gpio.o)
 .debug_info    0x000000000000b4cc     0x20a2 /home/pchizek/dev/press-reg/bin/targets/blinky/app/hw/mcu/atmel/samd21xx/hw_mcu_atmel_samd21xx.a(extint.o)
 .debug_info    0x000000000000d56e      0xa2a /home/pchizek/dev/press-reg/bin/targets/blinky/app/hw/mcu/atmel/samd21xx/hw_mcu_atmel_samd21xx.a(port.o)
 .debug_info    0x000000000000df98      0xb5a /home/pchizek/dev/press-reg/bin/targets/blinky/app/hw/mcu/atmel/samd21xx/hw_mcu_atmel_samd21xx.a(pinmux.o)
 .debug_info    0x000000000000eaf2      0x71f /home/pchizek/dev/press-reg/bin/targets/blinky/app/kernel/os/kernel_os.a(os_fault.o)
 .debug_info    0x000000000000f211      0xb45 /home/pchizek/dev/press-reg/bin/targets/blinky/app/kernel/os/kernel_os.a(os.o)
 .debug_info    0x000000000000fd56      0x896 /home/pchizek/dev/press-reg/bin/targets/blinky/app/kernel/os/kernel_os.a(os_callout.o)
 .debug_info    0x00000000000105ec      0xaf9 /home/pchizek/dev/press-reg/bin/targets/blinky/app/kernel/os/kernel_os.a(os_dev.o)
 .debug_info    0x00000000000110e5      0xab5 /home/pchizek/dev/press-reg/bin/targets/blinky/app/kernel/os/kernel_os.a(os_eventq.o)
 .debug_info    0x0000000000011b9a      0x85b /home/pchizek/dev/press-reg/bin/targets/blinky/app/kernel/os/kernel_os.a(os_msys_init.o)
 .debug_info    0x00000000000123f5      0x812 /home/pchizek/dev/press-reg/bin/targets/blinky/app/kernel/os/kernel_os.a(os_sanity.o)
 .debug_info    0x0000000000012c07      0xa8c /home/pchizek/dev/press-reg/bin/targets/blinky/app/kernel/os/kernel_os.a(os_sched.o)
 .debug_info    0x0000000000013693      0xa4e /home/pchizek/dev/press-reg/bin/targets/blinky/app/kernel/os/kernel_os.a(os_task.o)
 .debug_info    0x00000000000140e1      0xa3c /home/pchizek/dev/press-reg/bin/targets/blinky/app/kernel/os/kernel_os.a(os_time.o)
 .debug_info    0x0000000000014b1d      0xf5b /home/pchizek/dev/press-reg/bin/targets/blinky/app/kernel/os/kernel_os.a(os_arch_arm.o)
 .debug_info    0x0000000000015a78     0x19dd /home/pchizek/dev/press-reg/bin/targets/blinky/app/kernel/os/kernel_os.a(os_mbuf.o)
 .debug_info    0x0000000000017455      0x825 /home/pchizek/dev/press-reg/bin/targets/blinky/app/kernel/os/kernel_os.a(os_mempool.o)
 .debug_info    0x0000000000017c7a      0x70e /home/pchizek/dev/press-reg/bin/targets/blinky/app/kernel/os/kernel_os.a(os_mutex.o)
 .debug_info    0x0000000000018388       0x4c /home/pchizek/dev/press-reg/bin/targets/blinky/app/kernel/os/kernel_os.a(HAL_CM0.o)
 .debug_info    0x00000000000183d4       0xd9 /home/pchizek/dev/press-reg/bin/targets/blinky/app/libc/baselibc/libc_baselibc.a(memset.o)
 .debug_info    0x00000000000184ad       0xd1 /home/pchizek/dev/press-reg/bin/targets/blinky/app/libc/baselibc/libc_baselibc.a(strcmp.o)
 .debug_info    0x000000000001857e     0x1137 /home/pchizek/dev/press-reg/bin/targets/blinky/app/sys/console/full/sys_console_full.a(console.o)
 .debug_info    0x00000000000196b5      0x24b /home/pchizek/dev/press-reg/bin/targets/blinky/app/sys/console/full/sys_console_full.a(console_fmt.o)
 .debug_info    0x0000000000019900       0xcd /home/pchizek/dev/press-reg/bin/targets/blinky/app/sys/console/full/sys_console_full.a(ticks.o)
 .debug_info    0x00000000000199cd      0xbac /home/pchizek/dev/press-reg/bin/targets/blinky/app/sys/console/full/sys_console_full.a(uart_console.o)
 .debug_info    0x000000000001a579      0x2ab /home/pchizek/dev/press-reg/bin/targets/blinky/app/sys/sysinit/sys_sysinit.a(sysinit.o)
 .debug_info    0x000000000001a824      0xac0 /home/pchizek/dev/press-reg/bin/targets/blinky/app/util/mem/util_mem.a(mem.o)
 .debug_info    0x000000000001b2e4       0x8c /home/pchizek/dev/press-reg/bin/targets/blinky/generated/bin/blinky-sysinit-app.a(blinky-sysinit-app.o)
 .debug_info    0x000000000001b370     0x3352 /home/pchizek/dev/press-reg/bin/targets/blinky/app/hw/bsp/arduino_zero/hw_bsp_arduino_zero.a(hal_bsp.o)
 .debug_info    0x000000000001e6c2      0xa76 /home/pchizek/dev/press-reg/bin/targets/blinky/app/hw/drivers/uart/uart_hal/hw_drivers_uart_uart_hal.a(uart_hal.o)
 .debug_info    0x000000000001f138      0xec0 /home/pchizek/dev/press-reg/bin/targets/blinky/app/hw/mcu/atmel/samd21xx/hw_mcu_atmel_samd21xx.a(hal_flash.o)
 .debug_info    0x000000000001fff8      0x77e /home/pchizek/dev/press-reg/bin/targets/blinky/app/hw/mcu/atmel/samd21xx/hw_mcu_atmel_samd21xx.a(hal_os_tick.o)
 .debug_info    0x0000000000020776      0xbe9 /home/pchizek/dev/press-reg/bin/targets/blinky/app/hw/mcu/atmel/samd21xx/hw_mcu_atmel_samd21xx.a(hal_system.o)
 .debug_info    0x000000000002135f     0x2b3a /home/pchizek/dev/press-reg/bin/targets/blinky/app/hw/mcu/atmel/samd21xx/hw_mcu_atmel_samd21xx.a(hal_timer.o)
 .debug_info    0x0000000000023e99     0x3032 /home/pchizek/dev/press-reg/bin/targets/blinky/app/hw/mcu/atmel/samd21xx/hw_mcu_atmel_samd21xx.a(hal_uart.o)
 .debug_info    0x0000000000026ecb      0x598 /home/pchizek/dev/press-reg/bin/targets/blinky/app/hw/mcu/atmel/samd21xx/hw_mcu_atmel_samd21xx.a(hal_watchdog.o)
 .debug_info    0x0000000000027463     0x1caf /home/pchizek/dev/press-reg/bin/targets/blinky/app/hw/mcu/atmel/samd21xx/hw_mcu_atmel_samd21xx.a(nvm.o)
 .debug_info    0x0000000000029112     0x2190 /home/pchizek/dev/press-reg/bin/targets/blinky/app/hw/mcu/atmel/samd21xx/hw_mcu_atmel_samd21xx.a(sercom_interrupt.o)
 .debug_info    0x000000000002b2a2     0x3dd9 /home/pchizek/dev/press-reg/bin/targets/blinky/app/hw/mcu/atmel/samd21xx/hw_mcu_atmel_samd21xx.a(usart.o)
 .debug_info    0x000000000002f07b     0x25bc /home/pchizek/dev/press-reg/bin/targets/blinky/app/hw/mcu/atmel/samd21xx/hw_mcu_atmel_samd21xx.a(usart_interrupt.o)
 .debug_info    0x0000000000031637     0x24ac /home/pchizek/dev/press-reg/bin/targets/blinky/app/hw/mcu/atmel/samd21xx/hw_mcu_atmel_samd21xx.a(tc.o)
 .debug_info    0x0000000000033ae3     0x1211 /home/pchizek/dev/press-reg/bin/targets/blinky/app/hw/mcu/atmel/samd21xx/hw_mcu_atmel_samd21xx.a(wdt.o)
 .debug_info    0x0000000000034cf4     0x23be /home/pchizek/dev/press-reg/bin/targets/blinky/app/hw/mcu/atmel/samd21xx/hw_mcu_atmel_samd21xx.a(sercom.o)
 .debug_info    0x00000000000370b2      0x812 /home/pchizek/dev/press-reg/bin/targets/blinky/app/kernel/os/kernel_os.a(os_cputime.o)
 .debug_info    0x00000000000378c4      0x64e /home/pchizek/dev/press-reg/bin/targets/blinky/app/kernel/os/kernel_os.a(os_heap.o)
 .debug_info    0x0000000000037f12      0x5c7 /home/pchizek/dev/press-reg/bin/targets/blinky/app/libc/baselibc/libc_baselibc.a(malloc.o)
 .debug_info    0x00000000000384d9       0x94 /home/pchizek/dev/press-reg/bin/targets/blinky/app/libc/baselibc/libc_baselibc.a(strlen.o)
 .debug_info    0x000000000003856d      0xb46 /home/pchizek/dev/press-reg/bin/targets/blinky/app/libc/baselibc/libc_baselibc.a(tinyprintf.o)
 .debug_info    0x00000000000390b3      0x1b0 /home/pchizek/dev/press-reg/bin/targets/blinky/app/libc/baselibc/libc_baselibc.a(vprintf.o)
 .debug_info    0x0000000000039263      0x254 /home/pchizek/dev/press-reg/bin/targets/blinky/app/libc/baselibc/libc_baselibc.a(mynewt.o)
 .debug_info    0x00000000000394b7      0xc60 /home/pchizek/dev/press-reg/bin/targets/blinky/app/sys/flash_map/sys_flash_map.a(flash_map.o)
 .debug_info    0x000000000003a117      0x940 /home/pchizek/dev/press-reg/bin/targets/blinky/app/sys/mfg/sys_mfg.a(mfg.o)
 .debug_info    0x000000000003aa57      0x144 /home/pchizek/dev/press-reg/bin/targets/blinky/generated/bin/blinky-sysinit-app.a(blinky-sysflash.o)
 .debug_info    0x000000000003ab9b       0xdd /home/pchizek/dev/press-reg/bin/targets/blinky/app/hw/bsp/arduino_zero/hw_bsp_arduino_zero.a(sbrk.o)
 .debug_info    0x000000000003ac78      0x6ca /home/pchizek/dev/press-reg/bin/targets/blinky/app/hw/hal/hw_hal.a(hal_flash.o)
 .debug_info    0x000000000003b342       0xc0 /usr/lib/gcc/arm-none-eabi/7.1.0/thumb/v6-m/libgcc.a(_thumb1_case_uqi.o)
 .debug_info    0x000000000003b402       0xc0 /usr/lib/gcc/arm-none-eabi/7.1.0/thumb/v6-m/libgcc.a(_udivsi3.o)
 .debug_info    0x000000000003b4c2       0xc0 /usr/lib/gcc/arm-none-eabi/7.1.0/thumb/v6-m/libgcc.a(_ashldi3.o)
 .debug_info    0x000000000003b582       0xc0 /usr/lib/gcc/arm-none-eabi/7.1.0/thumb/v6-m/libgcc.a(_aeabi_uldivmod.o)
 .debug_info    0x000000000003b642      0xace /usr/lib/gcc/arm-none-eabi/7.1.0/thumb/v6-m/libgcc.a(_muldi3.o)
 .debug_info    0x000000000003c110      0xa2e /usr/lib/gcc/arm-none-eabi/7.1.0/thumb/v6-m/libgcc.a(_udivmoddi4.o)
 .debug_info    0x000000000003cb3e       0xc0 /usr/lib/gcc/arm-none-eabi/7.1.0/thumb/v6-m/libgcc.a(_clzdi2.o)
 .debug_info    0x000000000003cbfe       0xc0 /usr/lib/gcc/arm-none-eabi/7.1.0/thumb/v6-m/libgcc.a(_clzsi2.o)

.debug_abbrev   0x0000000000000000     0x98a7
 .debug_abbrev  0x0000000000000000      0x255 /home/pchizek/dev/press-reg/bin/targets/blinky/app/hw/mcu/atmel/samd21xx/hw_mcu_atmel_samd21xx.a(startup_samd21.o)
 .debug_abbrev  0x0000000000000255      0x236 /home/pchizek/dev/press-reg/bin/targets/blinky/app/hw/mcu/atmel/samd21xx/hw_mcu_atmel_samd21xx.a(system_samd21.o)
 .debug_abbrev  0x000000000000048b      0x361 /home/pchizek/dev/press-reg/bin/targets/blinky/app/hw/mcu/atmel/samd21xx/hw_mcu_atmel_samd21xx.a(gclk.o)
 .debug_abbrev  0x00000000000007ec      0x10d /home/pchizek/dev/press-reg/bin/targets/blinky/app/hw/mcu/atmel/samd21xx/hw_mcu_atmel_samd21xx.a(system.o)
 .debug_abbrev  0x00000000000008f9      0x167 /home/pchizek/dev/press-reg/bin/targets/blinky/app/hw/mcu/atmel/samd21xx/hw_mcu_atmel_samd21xx.a(interrupt_sam_nvic.o)
 .debug_abbrev  0x0000000000000a60      0x42e /home/pchizek/dev/press-reg/bin/targets/blinky/app/hw/mcu/atmel/samd21xx/hw_mcu_atmel_samd21xx.a(clock.o)
 .debug_abbrev  0x0000000000000e8e       0xf3 /home/pchizek/dev/press-reg/bin/targets/blinky/app/libc/baselibc/libc_baselibc.a(start.o)
 .debug_abbrev  0x0000000000000f81      0x155 /home/pchizek/dev/press-reg/bin/targets/blinky/app/apps/blinky/apps_blinky.a(main.o)
 .debug_abbrev  0x00000000000010d6      0x16e /home/pchizek/dev/press-reg/bin/targets/blinky/app/hw/cmsis-core/hw_cmsis-core.a(cmsis_nvic.o)
 .debug_abbrev  0x0000000000001244      0x4b2 /home/pchizek/dev/press-reg/bin/targets/blinky/app/hw/mcu/atmel/samd21xx/hw_mcu_atmel_samd21xx.a(hal_gpio.o)
 .debug_abbrev  0x00000000000016f6      0x489 /home/pchizek/dev/press-reg/bin/targets/blinky/app/hw/mcu/atmel/samd21xx/hw_mcu_atmel_samd21xx.a(extint.o)
 .debug_abbrev  0x0000000000001b7f      0x234 /home/pchizek/dev/press-reg/bin/targets/blinky/app/hw/mcu/atmel/samd21xx/hw_mcu_atmel_samd21xx.a(port.o)
 .debug_abbrev  0x0000000000001db3      0x307 /home/pchizek/dev/press-reg/bin/targets/blinky/app/hw/mcu/atmel/samd21xx/hw_mcu_atmel_samd21xx.a(pinmux.o)
 .debug_abbrev  0x00000000000020ba      0x19c /home/pchizek/dev/press-reg/bin/targets/blinky/app/kernel/os/kernel_os.a(os_fault.o)
 .debug_abbrev  0x0000000000002256      0x1fd /home/pchizek/dev/press-reg/bin/targets/blinky/app/kernel/os/kernel_os.a(os.o)
 .debug_abbrev  0x0000000000002453      0x1e3 /home/pchizek/dev/press-reg/bin/targets/blinky/app/kernel/os/kernel_os.a(os_callout.o)
 .debug_abbrev  0x0000000000002636      0x2f1 /home/pchizek/dev/press-reg/bin/targets/blinky/app/kernel/os/kernel_os.a(os_dev.o)
 .debug_abbrev  0x0000000000002927      0x2ea /home/pchizek/dev/press-reg/bin/targets/blinky/app/kernel/os/kernel_os.a(os_eventq.o)
 .debug_abbrev  0x0000000000002c11      0x18f /home/pchizek/dev/press-reg/bin/targets/blinky/app/kernel/os/kernel_os.a(os_msys_init.o)
 .debug_abbrev  0x0000000000002da0      0x23e /home/pchizek/dev/press-reg/bin/targets/blinky/app/kernel/os/kernel_os.a(os_sanity.o)
 .debug_abbrev  0x0000000000002fde      0x32e /home/pchizek/dev/press-reg/bin/targets/blinky/app/kernel/os/kernel_os.a(os_sched.o)
 .debug_abbrev  0x000000000000330c      0x243 /home/pchizek/dev/press-reg/bin/targets/blinky/app/kernel/os/kernel_os.a(os_task.o)
 .debug_abbrev  0x000000000000354f      0x28e /home/pchizek/dev/press-reg/bin/targets/blinky/app/kernel/os/kernel_os.a(os_time.o)
 .debug_abbrev  0x00000000000037dd      0x35a /home/pchizek/dev/press-reg/bin/targets/blinky/app/kernel/os/kernel_os.a(os_arch_arm.o)
 .debug_abbrev  0x0000000000003b37      0x37a /home/pchizek/dev/press-reg/bin/targets/blinky/app/kernel/os/kernel_os.a(os_mbuf.o)
 .debug_abbrev  0x0000000000003eb1      0x1fe /home/pchizek/dev/press-reg/bin/targets/blinky/app/kernel/os/kernel_os.a(os_mempool.o)
 .debug_abbrev  0x00000000000040af      0x184 /home/pchizek/dev/press-reg/bin/targets/blinky/app/kernel/os/kernel_os.a(os_mutex.o)
 .debug_abbrev  0x0000000000004233       0x14 /home/pchizek/dev/press-reg/bin/targets/blinky/app/kernel/os/kernel_os.a(HAL_CM0.o)
 .debug_abbrev  0x0000000000004247       0x90 /home/pchizek/dev/press-reg/bin/targets/blinky/app/libc/baselibc/libc_baselibc.a(memset.o)